******************************************************************************
                  TI ARM Linker Unix v20.2.7                   
******************************************************************************
>> Linked Mon May  6 11:07:16 2024

OUTPUT FILE NAME:   <lab3-pt2.out>
ENTRY POINT SYMBOL: "_c_int00_noargs"  address: 20007821


MEMORY CONFIGURATION

         name            origin    length      used     unused   attr    fill
----------------------  --------  ---------  --------  --------  ----  --------
  SRAM_CODE             20004000   00019000  00003f22  000150de  RW X
  SRAM_DATA             2001d000   00023000  00001373  00021c8d  RW X


SEGMENT ALLOCATION MAP

run origin  load origin   length   init length attrs members
----------  ----------- ---------- ----------- ----- -------
20004000    20004000    00003f28   00003f28    r-x
  20004000    20004000    00000400   00000400    r-- .intvecs
  20004400    20004400    00003742   00003742    r-x .text
  20007b44    20007b44    00000398   00000398    r-- .const
  20007ee0    20007ee0    00000048   00000048    r-- .cinit
2001d000    2001d000    00000b74   00000000    rw-
  2001d000    2001d000    00000800   00000000    rw- .sysmem
  2001d800    2001d800    00000327   00000000    rw- .bss
  2001db28    2001db28    0000004c   00000000    rw- .data
2003f800    2003f800    00000800   00000000    rw-
  2003f800    2003f800    00000800   00000000    rw- .stack


SECTION ALLOCATION MAP

 output                                  attributes/
section   page    origin      length       input sections
--------  ----  ----------  ----------   ----------------
.intvecs   0    20004000    00000400     
                  20004000    00000400     startup_ccs.obj (.intvecs)

.init_array 
*          0    20004000    00000000     UNINITIALIZED

.text      0    20004400    00003742     
                  20004400    00000a4e     rtsv7M4_T_le_eabi.lib : _printfi.c.obj (.text:__TI_printfi)
                  20004e4e    00000002                           : _lock.c.obj (.text:_nop)
                  20004e50    000005b8     main.obj (.text)
                  20005408    00000398     gpio_if.obj (.text)
                  200057a0    0000027c     uart_if.obj (.text)
                  20005a1c    00000268     rtsv7M4_T_le_eabi.lib : _printfi.c.obj (.text:_pconv_a)
                  20005c84    000001cc                           : _printfi.c.obj (.text:_pconv_g)
                  20005e50    000001b6                           : fd_add_t2.asm.obj (.text)
                  20006006    00000002                           : div0.asm.obj (.text)
                  20006008    00000178     driverlib.a : prcm.obj (.text:PRCMCC3200MCUInit)
                  20006180    0000013c     rtsv7M4_T_le_eabi.lib : _printfi.c.obj (.text:_pconv_e)
                  200062bc    00000136                           : fd_div_t2.asm.obj (.text)
                  200063f2    00000002     --HOLE-- [fill = 0]
                  200063f4    00000120                           : _printfi.c.obj (.text:fcvt)
                  20006514    00000120     pin_mux_config.obj (.text)
                  20006634    00000100     rtsv7M4_T_le_eabi.lib : memory.c.obj (.text:aligned_alloc)
                  20006734    000000fc                           : fd_mul_t2.asm.obj (.text)
                  20006830    000000e4                           : memory.c.obj (.text:free)
                  20006914    000000e4                           : memory.c.obj (.text:realloc)
                  200069f8    000000d0                           : s_scalbn.c.obj (.text:scalbn)
                  20006ac8    000000b1                           : _printfi.c.obj (.text:_ltostr)
                  20006b79    00000003     --HOLE-- [fill = 0]
                  20006b7c    000000a8     driverlib.a : interrupt.obj (.text:IntEnable)
                  20006c24    0000009c     rtsv7M4_T_le_eabi.lib : memcpy_t2.asm.obj (.text)
                  20006cc0    00000096                           : ull_div_t2.asm.obj (.text)
                  20006d56    00000002     --HOLE-- [fill = 0]
                  20006d58    00000094     driverlib.a : prcm.obj (.text:PRCMPeripheralClockGet)
                  20006dec    00000088                 : pin.obj (.text:PinConfigSet)
                  20006e74    00000086     rtsv7M4_T_le_eabi.lib : fd_cmp_t2.asm.obj (.text:__aeabi_cdcmple)
                  20006efa    00000086                           : fd_cmp_t2.asm.obj (.text:__aeabi_cdrcmple)
                  20006f80    00000082     driverlib.a : gpio.obj (.text:GPIOIntTypeSet)
                  20007002    0000007a     rtsv7M4_T_le_eabi.lib : memset_t2.asm.obj (.text)
                  2000707c    00000076     driverlib.a : uart.obj (.text:UARTConfigSetExpClk)
                  200070f2    00000002     --HOLE-- [fill = 0]
                  200070f4    00000070     rtsv7M4_T_le_eabi.lib : memory.c.obj (.text:split)
                  20007164    0000006e                           : _printfi.c.obj (.text:_mcpy)
                  200071d2    00000068                           : copy_decompress_lzss.c.obj (.text:decompress:lzss:__TI_decompress_lzss)
                  2000723a    00000002     --HOLE-- [fill = 0]
                  2000723c    0000005c                           : s_frexp.c.obj (.text:frexp)
                  20007298    00000058     driverlib.a : prcm.obj (.text:PRCMPeripheralReset)
                  200072f0    00000056     rtsv7M4_T_le_eabi.lib : _printfi.c.obj (.text:_pconv_f)
                  20007346    00000002     --HOLE-- [fill = 0]
                  20007348    00000054     driverlib.a : interrupt.obj (.text:IntPrioritySet)
                  2000739c    00000054     rtsv7M4_T_le_eabi.lib : _ltoa.c.obj (.text:__TI_ltoa)
                  200073f0    00000052                           : _printfi.c.obj (.text:_ecpy)
                  20007442    00000002     --HOLE-- [fill = 0]
                  20007444    0000004c                           : atoi.c.obj (.text:atoi)
                  20007490    00000048     driverlib.a : gpio.obj (.text:GPIOGetIntNumber)
                  200074d8    00000048     rtsv7M4_T_le_eabi.lib : fd_toi_t2.asm.obj (.text)
                  20007520    00000044                           : autoinit.c.obj (.text:__TI_auto_init_nobinit_nopinit:__TI_auto_init_nobinit_nopinit)
                  20007564    00000040     driverlib.a : pin.obj (.text:PinModeSet)
                  200075a4    00000040     rtsv7M4_T_le_eabi.lib : vsnprintf.c.obj (.text:vsnprintf)
                  200075e4    0000003e                           : _printfi.c.obj (.text:_fcpy)
                  20007622    00000002     --HOLE-- [fill = 0]
                  20007624    0000003c     driverlib.a : prcm.obj (.text:PRCMPeripheralClkEnable)
                  20007660    00000036                 : gpio.obj (.text:GPIODirModeSet)
                  20007696    00000030                 : pin.obj (.text:PinTypeGPIO)
                  200076c6    00000002     --HOLE-- [fill = 0]
                  200076c8    00000030                 : uart.obj (.text:UARTDisable)
                  200076f8    00000030     rtsv7M4_T_le_eabi.lib : vsnprintf.c.obj (.text:_outs)
                  20007728    0000002e                           : i_tofd_t2.asm.obj (.text)
                  20007756    00000002     --HOLE-- [fill = 0]
                  20007758    0000002c     driverlib.a : prcm.obj (.text:PRCMSysResetCauseGet)
                  20007784    00000028                 : prcm.obj (.text:PRCMPeripheralClkDisable)
                  200077ac    00000028     rtsv7M4_T_le_eabi.lib : memory.c.obj (.text:free_list_insert)
                  200077d4    00000028                           : memmov.c.obj (.text:memmove)
                  200077fc    00000024     driverlib.a : uart.obj (.text:UARTEnable)
                  20007820    00000024     rtsv7M4_T_le_eabi.lib : boot_cortex_m.c.obj (.text:_c_int00_noargs:_c_int00_noargs)
                  20007844    00000022     driverlib.a : gpio.obj (.text:GPIOIntStatus)
                  20007866    00000020                 : gpio.obj (.text:GPIOPinWrite)
                  20007886    00000002     --HOLE-- [fill = 0]
                  20007888    00000020                 : interrupt.obj (.text:IntRegister)
                  200078a8    0000001e                 : gpio.obj (.text:GPIOIntRegister)
                  200078c6    0000001e                 : uart.obj (.text:UARTCharPut)
                  200078e4    0000001c                 : systick.obj (.text:SysTickIntRegister)
                  20007900    0000001c                 : uart.obj (.text:UARTCharGetNonBlocking)
                  2000791c    0000001c     rtsv7M4_T_le_eabi.lib : copy_zero_init.c.obj (.text:decompress:ZI:__TI_zero_init_nomemset:__TI_zero_init_nomemset)
                  20007938    0000001c                           : memory.c.obj (.text:free_list_remove)
                  20007954    0000001c                           : memccpy.c.obj (.text:memccpy)
                  20007970    0000001a     driverlib.a : gpio.obj (.text:GPIOIntEnable)
                  2000798a    0000001a                 : pin.obj (.text:PinTypeUART)
                  200079a4    00000018                 : gpio.obj (.text:GPIOPinRead)
                  200079bc    00000018                 : systick.obj (.text:SysTickPeriodSet)
                  200079d4    00000018                 : uart.obj (.text:UARTCharsAvail)
                  200079ec    00000018     rtsv7M4_T_le_eabi.lib : vsnprintf.c.obj (.text:_outc)
                  20007a04    00000018                           : ll_mul_t2.asm.obj (.text)
                  20007a1c    00000016     driverlib.a : prcm.obj (.text:PRCMHIBRegRead)
                  20007a32    00000016                 : prcm.obj (.text:PRCMHIBRegWrite)
                  20007a48    00000016     rtsv7M4_T_le_eabi.lib : strchr.c.obj (.text:strchr)
                  20007a5e    00000014     driverlib.a : cpu.obj (.text:CPUcpsie)
                  20007a72    00000014                 : gpio.obj (.text:GPIOIntClear)
                  20007a86    00000002     --HOLE-- [fill = 0]
                  20007a88    00000014                 : interrupt.obj (.text:IntVTableBaseSet)
                  20007a9c    00000014     rtsv7M4_T_le_eabi.lib : strlen.c.obj (.text:strlen)
                  20007ab0    00000012                           : wcslen.c.obj (.text:wcslen)
                  20007ac2    00000002     --HOLE-- [fill = 0]
                  20007ac4    00000010     driverlib.a : systick.obj (.text:SysTickEnable)
                  20007ad4    00000010                 : systick.obj (.text:SysTickIntEnable)
                  20007ae4    0000000e     rtsv7M4_T_le_eabi.lib : copy_decompress_none.c.obj (.text:decompress:none:__TI_decompress_none)
                  20007af2    0000000e     startup_ccs.obj (.text)
                  20007b00    0000000c     driverlib.a : systick.obj (.text:SysTickValueGet)
                  20007b0c    0000000c     rtsv7M4_T_le_eabi.lib : s_copysign.c.obj (.text:copysign)
                  20007b18    0000000a     driverlib.a : interrupt.obj (.text:IntMasterEnable)
                  20007b22    00000002     --HOLE-- [fill = 0]
                  20007b24    00000008     rtsv7M4_T_le_eabi.lib : errno.c.obj (.text:__aeabi_errno_addr)
                  20007b2c    00000008                           : memory.c.obj (.text:malloc)
                  20007b34    00000006     driverlib.a : utils.obj (.text:UtilsDelay)
                  20007b3a    00000004     rtsv7M4_T_le_eabi.lib : pre_init.c.obj (.text:_system_pre_init)
                  20007b3e    00000004                           : exit.c.obj (.text:abort:abort)

.const     0    20007b44    00000398     
                  20007b44    00000101     rtsv7M4_T_le_eabi.lib : ctype.c.obj (.const:.string:_ctypes_)
                  20007c45    00000003     --HOLE-- [fill = 0]
                  20007c48    00000100     driverlib.a : pin.obj (.const:g_ulPinToPadMap)
                  20007d48    000000d4                 : interrupt.obj (.const:g_pulRegs)
                  20007e1c    000000a8                 : prcm.obj (.const:PRCM_PeriphRegsList)
                  20007ec4    00000018                 : interrupt.obj (.const:g_pulEnRegs)

.cinit     0    20007ee0    00000048     
                  20007ee0    00000022     (.cinit..data.load) [load image, compression = lzss]
                  20007f02    00000002     --HOLE-- [fill = 0]
                  20007f04    0000000c     (__TI_handler_table)
                  20007f10    00000008     (.cinit..bss.load) [load image, compression = zero_init]
                  20007f18    00000010     (__TI_cinit_table)

.sysmem    0    2001d000    00000800     UNINITIALIZED
                  2001d000    00000010     rtsv7M4_T_le_eabi.lib : memory.c.obj (.sysmem)
                  2001d010    000007f0     --HOLE--

.bss       0    2001d800    00000327     UNINITIALIZED
                  2001d800    00000320     (.common:delta_buffer)
                  2001db20    00000004     uart_if.obj (.bss)
                  2001db24    00000001     (.common:g_ucLED1Pin)
                  2001db25    00000001     (.common:g_ucLED2Pin)
                  2001db26    00000001     (.common:g_ucLED3Pin)

.data      0    2001db28    0000004c     UNINITIALIZED
                  2001db28    00000018     main.obj (.data)
                  2001db40    00000014     gpio_if.obj (.data:ulReg)
                  2001db54    0000000c     gpio_if.obj (.data)
                  2001db60    00000008     rtsv7M4_T_le_eabi.lib : _lock.c.obj (.data:$O1$$)
                  2001db68    00000008                           : memory.c.obj (.data:$O1$$)
                  2001db70    00000004                           : errno.c.obj (.data)

.stack     0    2003f800    00000800     UNINITIALIZED
                  2003f800    00000004     rtsv7M4_T_le_eabi.lib : boot_cortex_m.c.obj (.stack)
                  2003f804    000007fc     --HOLE--

__llvm_prf_cnts 
*          0    2001d000    00000000     UNINITIALIZED

MODULE SUMMARY

       Module                       code    ro data   rw data
       ------                       ----    -------   -------
    ./
       main.obj                     1464    0         824    
       startup_ccs.obj              14      1024      0      
       gpio_if.obj                  920     0         35     
       uart_if.obj                  636     0         4      
       pin_mux_config.obj           288     0         0      
    +--+----------------------------+-------+---------+---------+
       Total:                       3322    1024      863    
                                                             
    /Applications/ti/ccs/tools/compiler/ti-cgt-arm_20.2.7.LTS/lib/rtsv7M4_T_le_eabi.lib
       _printfi.c.obj               4835    0         0      
       memory.c.obj                 900     0         8      
       fd_add_t2.asm.obj            438     0         0      
       fd_div_t2.asm.obj            310     0         0      
       fd_cmp_t2.asm.obj            268     0         0      
       ctype.c.obj                  0       257       0      
       fd_mul_t2.asm.obj            252     0         0      
       s_scalbn.c.obj               208     0         0      
       memcpy_t2.asm.obj            156     0         0      
       ull_div_t2.asm.obj           150     0         0      
       vsnprintf.c.obj              136     0         0      
       memset_t2.asm.obj            122     0         0      
       copy_decompress_lzss.c.obj   104     0         0      
       s_frexp.c.obj                92      0         0      
       _ltoa.c.obj                  84      0         0      
       atoi.c.obj                   76      0         0      
       fd_toi_t2.asm.obj            72      0         0      
       autoinit.c.obj               68      0         0      
       i_tofd_t2.asm.obj            46      0         0      
       memmov.c.obj                 40      0         0      
       boot_cortex_m.c.obj          36      0         0      
       copy_zero_init.c.obj         28      0         0      
       memccpy.c.obj                28      0         0      
       ll_mul_t2.asm.obj            24      0         0      
       strchr.c.obj                 22      0         0      
       strlen.c.obj                 20      0         0      
       wcslen.c.obj                 18      0         0      
       copy_decompress_none.c.obj   14      0         0      
       errno.c.obj                  8       0         4      
       s_copysign.c.obj             12      0         0      
       _lock.c.obj                  2       0         8      
       exit.c.obj                   4       0         0      
       pre_init.c.obj               4       0         0      
       div0.asm.obj                 2       0         0      
    +--+----------------------------+-------+---------+---------+
       Total:                       8579    257       20     
                                                             
    /Applications/ti/lib/cc3200sdk_1.5.0/cc3200-sdk/driverlib/ccs/Release/driverlib.a
       prcm.obj                     800     168       0      
       interrupt.obj                314     236       0      
       pin.obj                      274     256       0      
       gpio.obj                     422     0         0      
       uart.obj                     284     0         0      
       systick.obj                  96      0         0      
       cpu.obj                      20      0         0      
       utils.obj                    6       0         0      
    +--+----------------------------+-------+---------+---------+
       Total:                       2216    660       0      
                                                             
       Heap:                        0       0         2048   
       Stack:                       0       0         2048   
       Linker Generated:            0       70        0      
    +--+----------------------------+-------+---------+---------+
       Grand Total:                 14117   2011      4979   


LINKER GENERATED COPY TABLES

__TI_cinit_table @ 20007f18 records: 2, size/record: 8, table size: 16
	.data: load addr=20007ee0, load size=00000022 bytes, run addr=2001db28, run size=0000004c bytes, compression=lzss
	.bss: load addr=20007f10, load size=00000008 bytes, run addr=2001d800, run size=00000327 bytes, compression=zero_init


LINKER GENERATED HANDLER TABLE

__TI_handler_table @ 20007f04 records: 3, size/record: 4, table size: 12
	index: 0, handler: __TI_decompress_lzss
	index: 1, handler: __TI_decompress_none
	index: 2, handler: __TI_zero_init


GLOBAL SYMBOLS: SORTED ALPHABETICALLY BY Name 

address   name                          
-------   ----                          
20007b3f  C$$EXIT                       
20007a5f  CPUcpsie                      
200057e1  ClearTerm                     
200057eb  Error                         
20007661  GPIODirModeSet                
20007a73  GPIOIntClear                  
20007971  GPIOIntEnable                 
200078a9  GPIOIntRegister               
20007845  GPIOIntStatus                 
20006f81  GPIOIntTypeSet                
200079a5  GPIOPinRead                   
20007867  GPIOPinWrite                  
200056c9  GPIO_IF_ConfigureNIntEnable   
20005755  GPIO_IF_Get                   
20005683  GPIO_IF_GetPortNPin           
20005445  GPIO_IF_LedConfigure          
20005537  GPIO_IF_LedOff                
20005483  GPIO_IF_LedOn                 
200055eb  GPIO_IF_LedStatus             
20005655  GPIO_IF_LedToggle             
20005711  GPIO_IF_Set                   
20005823  GetCmd                        
200057a1  InitTerm                      
20006b7d  IntEnable                     
20007b19  IntMasterEnable               
20007349  IntPrioritySet                
20007889  IntRegister                   
20007a89  IntVTableBaseSet              
200057bf  Message                       
20006009  PRCMCC3200MCUInit             
20007a1d  PRCMHIBRegRead                
20007a33  PRCMHIBRegWrite               
20007785  PRCMPeripheralClkDisable      
20007625  PRCMPeripheralClkEnable       
20006d59  PRCMPeripheralClockGet        
20007299  PRCMPeripheralReset           
20007759  PRCMSysResetCauseGet          
20006ded  PinConfigSet                  
20007565  PinModeSet                    
20006515  PinMuxConfig                  
20007697  PinTypeGPIO                   
2000798b  PinTypeUART                   
20005961  Report                        
20007af3  ResetISR                      
20007ac5  SysTickEnable                 
20007ad5  SysTickIntEnable              
200078e5  SysTickIntRegister            
200079bd  SysTickPeriodSet              
20007b01  SysTickValueGet               
200058c9  TrimSpace                     
20007901  UARTCharGetNonBlocking        
200078c7  UARTCharPut                   
200079d5  UARTCharsAvail                
2000707d  UARTConfigSetExpClk           
200076c9  UARTDisable                   
200077fd  UARTEnable                    
20007b35  UtilsDelay                    
20040000  __STACK_END                   
00000800  __STACK_SIZE                  
00000800  __SYSMEM_SIZE                 
20007f18  __TI_CINIT_Base               
20007f28  __TI_CINIT_Limit              
20007f04  __TI_Handler_Table_Base       
20007f10  __TI_Handler_Table_Limit      
20007521  __TI_auto_init_nobinit_nopinit
200071d3  __TI_decompress_lzss          
20007ae5  __TI_decompress_none          
2000739d  __TI_ltoa                     
ffffffff  __TI_pprof_out_hndl           
20004401  __TI_printfi                  
ffffffff  __TI_prof_data_size           
ffffffff  __TI_prof_data_start          
20007ee0  __TI_static_base__            
2000791d  __TI_zero_init_nomemset       
20006e75  __aeabi_cdcmpeq               
20006e75  __aeabi_cdcmple               
20006efb  __aeabi_cdrcmple              
200074d9  __aeabi_d2iz                  
20005e5b  __aeabi_dadd                  
200062bd  __aeabi_ddiv                  
20006735  __aeabi_dmul                  
20005e51  __aeabi_dsub                  
20007b25  __aeabi_errno_addr            
20007729  __aeabi_i2d                   
20006007  __aeabi_idiv0                 
20006007  __aeabi_ldiv0                 
20007a05  __aeabi_lmul                  
20007003  __aeabi_memclr                
20007003  __aeabi_memclr4               
20007003  __aeabi_memclr8               
20006c25  __aeabi_memcpy                
20006c25  __aeabi_memcpy4               
20006c25  __aeabi_memcpy8               
20007005  __aeabi_memset                
20007005  __aeabi_memset4               
20007005  __aeabi_memset8               
20006cc1  __aeabi_uldivmod              
ffffffff  __binit__                     
ffffffff  __c_args__                    
UNDEFED   __mpu_init                    
2003f800  __stack                       
2001d000  __start___llvm_prf_cnts       
2001d000  __stop___llvm_prf_cnts        
20007821  _c_int00_noargs               
20007b44  _ctypes_                      
2001db60  _lock                         
20004e4f  _nop                          
2001d000  _sys_memory                   
UNDEFED   _system_post_cinit            
20007b3b  _system_pre_init              
2001db64  _unlock                       
20007b3f  abort                         
20006635  aligned_alloc                 
20007445  atoi                          
ffffffff  binit                         
20007b0d  copysign                      
20007b0d  copysignl                     
2001db3c  count                         
20004f25  decode                        
2001d800  delta_buffer                  
2001db70  errno                         
2001db38  flag                          
20006831  free                          
2000723d  frexp                         
2000723d  frexpl                        
20004000  g_pfnVectors                  
2001db24  g_ucLED1Pin                   
2001db25  g_ucLED2Pin                   
2001db26  g_ucLED3Pin                   
2001db54  g_uiLED1Port                  
2001db58  g_uiLED2Port                  
2001db5c  g_uiLED3Port                  
200069f9  ldexp                         
200069f9  ldexpl                        
2000506d  main                          
20007b2d  malloc                        
20006635  memalign                      
20007955  memccpy                       
20006c25  memcpy                        
200077d5  memmove                       
2000700b  memset                        
20006915  realloc                       
200069f9  scalbn                        
200069f9  scalbnl                       
20007a49  strchr                        
20007a9d  strlen                        
2001db30  systick_cnt                   
2001db34  systick_expired               
2001db28  ulsystick_delta_us            
200075a5  vsnprintf                     
20007ab1  wcslen                        


GLOBAL SYMBOLS: SORTED BY Symbol Address 

address   name                          
-------   ----                          
00000800  __STACK_SIZE                  
00000800  __SYSMEM_SIZE                 
20004000  g_pfnVectors                  
20004401  __TI_printfi                  
20004e4f  _nop                          
20004f25  decode                        
2000506d  main                          
20005445  GPIO_IF_LedConfigure          
20005483  GPIO_IF_LedOn                 
20005537  GPIO_IF_LedOff                
200055eb  GPIO_IF_LedStatus             
20005655  GPIO_IF_LedToggle             
20005683  GPIO_IF_GetPortNPin           
200056c9  GPIO_IF_ConfigureNIntEnable   
20005711  GPIO_IF_Set                   
20005755  GPIO_IF_Get                   
200057a1  InitTerm                      
200057bf  Message                       
200057e1  ClearTerm                     
200057eb  Error                         
20005823  GetCmd                        
200058c9  TrimSpace                     
20005961  Report                        
20005e51  __aeabi_dsub                  
20005e5b  __aeabi_dadd                  
20006007  __aeabi_idiv0                 
20006007  __aeabi_ldiv0                 
20006009  PRCMCC3200MCUInit             
200062bd  __aeabi_ddiv                  
20006515  PinMuxConfig                  
20006635  aligned_alloc                 
20006635  memalign                      
20006735  __aeabi_dmul                  
20006831  free                          
20006915  realloc                       
200069f9  ldexp                         
200069f9  ldexpl                        
200069f9  scalbn                        
200069f9  scalbnl                       
20006b7d  IntEnable                     
20006c25  __aeabi_memcpy                
20006c25  __aeabi_memcpy4               
20006c25  __aeabi_memcpy8               
20006c25  memcpy                        
20006cc1  __aeabi_uldivmod              
20006d59  PRCMPeripheralClockGet        
20006ded  PinConfigSet                  
20006e75  __aeabi_cdcmpeq               
20006e75  __aeabi_cdcmple               
20006efb  __aeabi_cdrcmple              
20006f81  GPIOIntTypeSet                
20007003  __aeabi_memclr                
20007003  __aeabi_memclr4               
20007003  __aeabi_memclr8               
20007005  __aeabi_memset                
20007005  __aeabi_memset4               
20007005  __aeabi_memset8               
2000700b  memset                        
2000707d  UARTConfigSetExpClk           
200071d3  __TI_decompress_lzss          
2000723d  frexp                         
2000723d  frexpl                        
20007299  PRCMPeripheralReset           
20007349  IntPrioritySet                
2000739d  __TI_ltoa                     
20007445  atoi                          
200074d9  __aeabi_d2iz                  
20007521  __TI_auto_init_nobinit_nopinit
20007565  PinModeSet                    
200075a5  vsnprintf                     
20007625  PRCMPeripheralClkEnable       
20007661  GPIODirModeSet                
20007697  PinTypeGPIO                   
200076c9  UARTDisable                   
20007729  __aeabi_i2d                   
20007759  PRCMSysResetCauseGet          
20007785  PRCMPeripheralClkDisable      
200077d5  memmove                       
200077fd  UARTEnable                    
20007821  _c_int00_noargs               
20007845  GPIOIntStatus                 
20007867  GPIOPinWrite                  
20007889  IntRegister                   
200078a9  GPIOIntRegister               
200078c7  UARTCharPut                   
200078e5  SysTickIntRegister            
20007901  UARTCharGetNonBlocking        
2000791d  __TI_zero_init_nomemset       
20007955  memccpy                       
20007971  GPIOIntEnable                 
2000798b  PinTypeUART                   
200079a5  GPIOPinRead                   
200079bd  SysTickPeriodSet              
200079d5  UARTCharsAvail                
20007a05  __aeabi_lmul                  
20007a1d  PRCMHIBRegRead                
20007a33  PRCMHIBRegWrite               
20007a49  strchr                        
20007a5f  CPUcpsie                      
20007a73  GPIOIntClear                  
20007a89  IntVTableBaseSet              
20007a9d  strlen                        
20007ab1  wcslen                        
20007ac5  SysTickEnable                 
20007ad5  SysTickIntEnable              
20007ae5  __TI_decompress_none          
20007af3  ResetISR                      
20007b01  SysTickValueGet               
20007b0d  copysign                      
20007b0d  copysignl                     
20007b19  IntMasterEnable               
20007b25  __aeabi_errno_addr            
20007b2d  malloc                        
20007b35  UtilsDelay                    
20007b3b  _system_pre_init              
20007b3f  C$$EXIT                       
20007b3f  abort                         
20007b44  _ctypes_                      
20007ee0  __TI_static_base__            
20007f04  __TI_Handler_Table_Base       
20007f10  __TI_Handler_Table_Limit      
20007f18  __TI_CINIT_Base               
20007f28  __TI_CINIT_Limit              
2001d000  __start___llvm_prf_cnts       
2001d000  __stop___llvm_prf_cnts        
2001d000  _sys_memory                   
2001d800  delta_buffer                  
2001db24  g_ucLED1Pin                   
2001db25  g_ucLED2Pin                   
2001db26  g_ucLED3Pin                   
2001db28  ulsystick_delta_us            
2001db30  systick_cnt                   
2001db34  systick_expired               
2001db38  flag                          
2001db3c  count                         
2001db54  g_uiLED1Port                  
2001db58  g_uiLED2Port                  
2001db5c  g_uiLED3Port                  
2001db60  _lock                         
2001db64  _unlock                       
2001db70  errno                         
2003f800  __stack                       
20040000  __STACK_END                   
ffffffff  __TI_pprof_out_hndl           
ffffffff  __TI_prof_data_size           
ffffffff  __TI_prof_data_start          
ffffffff  __binit__                     
ffffffff  __c_args__                    
ffffffff  binit                         
UNDEFED   __mpu_init                    
UNDEFED   _system_post_cinit            

[151 symbols]
