******************************************************************************
                  TI ARM Linker Unix v20.2.7                   
******************************************************************************
>> Linked Mon May  6 10:26:25 2024

OUTPUT FILE NAME:   <lab3-pt2.out>
ENTRY POINT SYMBOL: "_c_int00_noargs"  address: 200075d9


MEMORY CONFIGURATION

         name            origin    length      used     unused   attr    fill
----------------------  --------  ---------  --------  --------  ----  --------
  SRAM_CODE             20004000   00019000  00003cda  00015326  RW X
  SRAM_DATA             2001d000   00023000  000010f7  00021f09  RW X


SEGMENT ALLOCATION MAP

run origin  load origin   length   init length attrs members
----------  ----------- ---------- ----------- ----- -------
20004000    20004000    00003ce0   00003ce0    r-x
  20004000    20004000    00000400   00000400    r-- .intvecs
  20004400    20004400    000034fa   000034fa    r-x .text
  200078fc    200078fc    00000398   00000398    r-- .const
  20007c98    20007c98    00000048   00000048    r-- .cinit
2001d000    2001d000    000008f8   00000000    rw-
  2001d000    2001d000    00000800   00000000    rw- .sysmem
  2001d800    2001d800    000000a7   00000000    rw- .bss
  2001d8a8    2001d8a8    00000050   00000000    rw- .data
2003f800    2003f800    00000800   00000000    rw-
  2003f800    2003f800    00000800   00000000    rw- .stack


SECTION ALLOCATION MAP

 output                                  attributes/
section   page    origin      length       input sections
--------  ----  ----------  ----------   ----------------
.intvecs   0    20004000    00000400     
                  20004000    00000400     startup_ccs.obj (.intvecs)

.init_array 
*          0    20004000    00000000     UNINITIALIZED

.text      0    20004400    000034fa     
                  20004400    00000a4e     rtsv7M4_T_le_eabi.lib : _printfi.c.obj (.text:__TI_printfi)
                  20004e4e    00000002                           : _lock.c.obj (.text:_nop)
                  20004e50    00000398     gpio_if.obj (.text)
                  200051e8    00000370     main.obj (.text)
                  20005558    0000027c     uart_if.obj (.text)
                  200057d4    00000268     rtsv7M4_T_le_eabi.lib : _printfi.c.obj (.text:_pconv_a)
                  20005a3c    000001cc                           : _printfi.c.obj (.text:_pconv_g)
                  20005c08    000001b6                           : fd_add_t2.asm.obj (.text)
                  20005dbe    00000002                           : div0.asm.obj (.text)
                  20005dc0    00000178     driverlib.a : prcm.obj (.text:PRCMCC3200MCUInit)
                  20005f38    0000013c     rtsv7M4_T_le_eabi.lib : _printfi.c.obj (.text:_pconv_e)
                  20006074    00000136                           : fd_div_t2.asm.obj (.text)
                  200061aa    00000002     --HOLE-- [fill = 0]
                  200061ac    00000120                           : _printfi.c.obj (.text:fcvt)
                  200062cc    00000120     pin_mux_config.obj (.text)
                  200063ec    00000100     rtsv7M4_T_le_eabi.lib : memory.c.obj (.text:aligned_alloc)
                  200064ec    000000fc                           : fd_mul_t2.asm.obj (.text)
                  200065e8    000000e4                           : memory.c.obj (.text:free)
                  200066cc    000000e4                           : memory.c.obj (.text:realloc)
                  200067b0    000000d0                           : s_scalbn.c.obj (.text:scalbn)
                  20006880    000000b1                           : _printfi.c.obj (.text:_ltostr)
                  20006931    00000003     --HOLE-- [fill = 0]
                  20006934    000000a8     driverlib.a : interrupt.obj (.text:IntEnable)
                  200069dc    0000009c     rtsv7M4_T_le_eabi.lib : memcpy_t2.asm.obj (.text)
                  20006a78    00000096                           : ull_div_t2.asm.obj (.text)
                  20006b0e    00000002     --HOLE-- [fill = 0]
                  20006b10    00000094     driverlib.a : prcm.obj (.text:PRCMPeripheralClockGet)
                  20006ba4    00000088                 : pin.obj (.text:PinConfigSet)
                  20006c2c    00000086     rtsv7M4_T_le_eabi.lib : fd_cmp_t2.asm.obj (.text:__aeabi_cdcmple)
                  20006cb2    00000086                           : fd_cmp_t2.asm.obj (.text:__aeabi_cdrcmple)
                  20006d38    00000082     driverlib.a : gpio.obj (.text:GPIOIntTypeSet)
                  20006dba    0000007a     rtsv7M4_T_le_eabi.lib : memset_t2.asm.obj (.text)
                  20006e34    00000076     driverlib.a : uart.obj (.text:UARTConfigSetExpClk)
                  20006eaa    00000002     --HOLE-- [fill = 0]
                  20006eac    00000070     rtsv7M4_T_le_eabi.lib : memory.c.obj (.text:split)
                  20006f1c    0000006e                           : _printfi.c.obj (.text:_mcpy)
                  20006f8a    00000068                           : copy_decompress_lzss.c.obj (.text:decompress:lzss:__TI_decompress_lzss)
                  20006ff2    00000002     --HOLE-- [fill = 0]
                  20006ff4    0000005c                           : s_frexp.c.obj (.text:frexp)
                  20007050    00000058     driverlib.a : prcm.obj (.text:PRCMPeripheralReset)
                  200070a8    00000056     rtsv7M4_T_le_eabi.lib : _printfi.c.obj (.text:_pconv_f)
                  200070fe    00000002     --HOLE-- [fill = 0]
                  20007100    00000054     driverlib.a : interrupt.obj (.text:IntPrioritySet)
                  20007154    00000054     rtsv7M4_T_le_eabi.lib : _ltoa.c.obj (.text:__TI_ltoa)
                  200071a8    00000052                           : _printfi.c.obj (.text:_ecpy)
                  200071fa    00000002     --HOLE-- [fill = 0]
                  200071fc    0000004c                           : atoi.c.obj (.text:atoi)
                  20007248    00000048     driverlib.a : gpio.obj (.text:GPIOGetIntNumber)
                  20007290    00000048     rtsv7M4_T_le_eabi.lib : fd_toi_t2.asm.obj (.text)
                  200072d8    00000044                           : autoinit.c.obj (.text:__TI_auto_init_nobinit_nopinit:__TI_auto_init_nobinit_nopinit)
                  2000731c    00000040     driverlib.a : pin.obj (.text:PinModeSet)
                  2000735c    00000040     rtsv7M4_T_le_eabi.lib : vsnprintf.c.obj (.text:vsnprintf)
                  2000739c    0000003e                           : _printfi.c.obj (.text:_fcpy)
                  200073da    00000002     --HOLE-- [fill = 0]
                  200073dc    0000003c     driverlib.a : prcm.obj (.text:PRCMPeripheralClkEnable)
                  20007418    00000036                 : gpio.obj (.text:GPIODirModeSet)
                  2000744e    00000030                 : pin.obj (.text:PinTypeGPIO)
                  2000747e    00000002     --HOLE-- [fill = 0]
                  20007480    00000030                 : uart.obj (.text:UARTDisable)
                  200074b0    00000030     rtsv7M4_T_le_eabi.lib : vsnprintf.c.obj (.text:_outs)
                  200074e0    0000002e                           : i_tofd_t2.asm.obj (.text)
                  2000750e    00000002     --HOLE-- [fill = 0]
                  20007510    0000002c     driverlib.a : prcm.obj (.text:PRCMSysResetCauseGet)
                  2000753c    00000028                 : prcm.obj (.text:PRCMPeripheralClkDisable)
                  20007564    00000028     rtsv7M4_T_le_eabi.lib : memory.c.obj (.text:free_list_insert)
                  2000758c    00000028                           : memmov.c.obj (.text:memmove)
                  200075b4    00000024     driverlib.a : uart.obj (.text:UARTEnable)
                  200075d8    00000024     rtsv7M4_T_le_eabi.lib : boot_cortex_m.c.obj (.text:_c_int00_noargs:_c_int00_noargs)
                  200075fc    00000022     driverlib.a : gpio.obj (.text:GPIOIntStatus)
                  2000761e    00000020                 : gpio.obj (.text:GPIOPinWrite)
                  2000763e    00000002     --HOLE-- [fill = 0]
                  20007640    00000020                 : interrupt.obj (.text:IntRegister)
                  20007660    0000001e                 : gpio.obj (.text:GPIOIntRegister)
                  2000767e    0000001e                 : uart.obj (.text:UARTCharPut)
                  2000769c    0000001c                 : systick.obj (.text:SysTickIntRegister)
                  200076b8    0000001c                 : uart.obj (.text:UARTCharGetNonBlocking)
                  200076d4    0000001c     rtsv7M4_T_le_eabi.lib : copy_zero_init.c.obj (.text:decompress:ZI:__TI_zero_init_nomemset:__TI_zero_init_nomemset)
                  200076f0    0000001c                           : memory.c.obj (.text:free_list_remove)
                  2000770c    0000001c                           : memccpy.c.obj (.text:memccpy)
                  20007728    0000001a     driverlib.a : gpio.obj (.text:GPIOIntEnable)
                  20007742    0000001a                 : pin.obj (.text:PinTypeUART)
                  2000775c    00000018                 : gpio.obj (.text:GPIOPinRead)
                  20007774    00000018                 : systick.obj (.text:SysTickPeriodSet)
                  2000778c    00000018                 : uart.obj (.text:UARTCharsAvail)
                  200077a4    00000018     rtsv7M4_T_le_eabi.lib : vsnprintf.c.obj (.text:_outc)
                  200077bc    00000018                           : ll_mul_t2.asm.obj (.text)
                  200077d4    00000016     driverlib.a : prcm.obj (.text:PRCMHIBRegRead)
                  200077ea    00000016                 : prcm.obj (.text:PRCMHIBRegWrite)
                  20007800    00000016     rtsv7M4_T_le_eabi.lib : strchr.c.obj (.text:strchr)
                  20007816    00000014     driverlib.a : cpu.obj (.text:CPUcpsie)
                  2000782a    00000014                 : gpio.obj (.text:GPIOIntClear)
                  2000783e    00000002     --HOLE-- [fill = 0]
                  20007840    00000014                 : interrupt.obj (.text:IntVTableBaseSet)
                  20007854    00000014     rtsv7M4_T_le_eabi.lib : strlen.c.obj (.text:strlen)
                  20007868    00000012                           : wcslen.c.obj (.text:wcslen)
                  2000787a    00000002     --HOLE-- [fill = 0]
                  2000787c    00000010     driverlib.a : systick.obj (.text:SysTickEnable)
                  2000788c    00000010                 : systick.obj (.text:SysTickIntEnable)
                  2000789c    0000000e     rtsv7M4_T_le_eabi.lib : copy_decompress_none.c.obj (.text:decompress:none:__TI_decompress_none)
                  200078aa    0000000e     startup_ccs.obj (.text)
                  200078b8    0000000c     driverlib.a : systick.obj (.text:SysTickValueGet)
                  200078c4    0000000c     rtsv7M4_T_le_eabi.lib : s_copysign.c.obj (.text:copysign)
                  200078d0    0000000a     driverlib.a : interrupt.obj (.text:IntMasterEnable)
                  200078da    00000002     --HOLE-- [fill = 0]
                  200078dc    00000008     rtsv7M4_T_le_eabi.lib : errno.c.obj (.text:__aeabi_errno_addr)
                  200078e4    00000008                           : memory.c.obj (.text:malloc)
                  200078ec    00000006     driverlib.a : utils.obj (.text:UtilsDelay)
                  200078f2    00000004     rtsv7M4_T_le_eabi.lib : pre_init.c.obj (.text:_system_pre_init)
                  200078f6    00000004                           : exit.c.obj (.text:abort:abort)

.const     0    200078fc    00000398     
                  200078fc    00000101     rtsv7M4_T_le_eabi.lib : ctype.c.obj (.const:.string:_ctypes_)
                  200079fd    00000003     --HOLE-- [fill = 0]
                  20007a00    00000100     driverlib.a : pin.obj (.const:g_ulPinToPadMap)
                  20007b00    000000d4                 : interrupt.obj (.const:g_pulRegs)
                  20007bd4    000000a8                 : prcm.obj (.const:PRCM_PeriphRegsList)
                  20007c7c    00000018                 : interrupt.obj (.const:g_pulEnRegs)

.cinit     0    20007c98    00000048     
                  20007c98    00000022     (.cinit..data.load) [load image, compression = lzss]
                  20007cba    00000002     --HOLE-- [fill = 0]
                  20007cbc    0000000c     (__TI_handler_table)
                  20007cc8    00000008     (.cinit..bss.load) [load image, compression = zero_init]
                  20007cd0    00000010     (__TI_cinit_table)

.sysmem    0    2001d000    00000800     UNINITIALIZED
                  2001d000    00000010     rtsv7M4_T_le_eabi.lib : memory.c.obj (.sysmem)
                  2001d010    000007f0     --HOLE--

.bss       0    2001d800    000000a7     UNINITIALIZED
                  2001d800    000000a0     (.common:delta_buffer)
                  2001d8a0    00000004     uart_if.obj (.bss)
                  2001d8a4    00000001     (.common:g_ucLED1Pin)
                  2001d8a5    00000001     (.common:g_ucLED2Pin)
                  2001d8a6    00000001     (.common:g_ucLED3Pin)

.data      0    2001d8a8    00000050     UNINITIALIZED
                  2001d8a8    0000001c     main.obj (.data)
                  2001d8c4    00000014     gpio_if.obj (.data:ulReg)
                  2001d8d8    0000000c     gpio_if.obj (.data)
                  2001d8e4    00000008     rtsv7M4_T_le_eabi.lib : _lock.c.obj (.data:$O1$$)
                  2001d8ec    00000008                           : memory.c.obj (.data:$O1$$)
                  2001d8f4    00000004                           : errno.c.obj (.data)

.stack     0    2003f800    00000800     UNINITIALIZED
                  2003f800    00000004     rtsv7M4_T_le_eabi.lib : boot_cortex_m.c.obj (.stack)
                  2003f804    000007fc     --HOLE--

__llvm_prf_cnts 
*          0    2001d000    00000000     UNINITIALIZED

MODULE SUMMARY

       Module                       code    ro data   rw data
       ------                       ----    -------   -------
    ./
       main.obj                     880     0         188    
       startup_ccs.obj              14      1024      0      
       gpio_if.obj                  920     0         35     
       uart_if.obj                  636     0         4      
       pin_mux_config.obj           288     0         0      
    +--+----------------------------+-------+---------+---------+
       Total:                       2738    1024      227    
                                                             
    /Applications/ti/ccs/tools/compiler/ti-cgt-arm_20.2.7.LTS/lib/rtsv7M4_T_le_eabi.lib
       _printfi.c.obj               4835    0         0      
       memory.c.obj                 900     0         8      
       fd_add_t2.asm.obj            438     0         0      
       fd_div_t2.asm.obj            310     0         0      
       fd_cmp_t2.asm.obj            268     0         0      
       ctype.c.obj                  0       257       0      
       fd_mul_t2.asm.obj            252     0         0      
       s_scalbn.c.obj               208     0         0      
       memcpy_t2.asm.obj            156     0         0      
       ull_div_t2.asm.obj           150     0         0      
       vsnprintf.c.obj              136     0         0      
       memset_t2.asm.obj            122     0         0      
       copy_decompress_lzss.c.obj   104     0         0      
       s_frexp.c.obj                92      0         0      
       _ltoa.c.obj                  84      0         0      
       atoi.c.obj                   76      0         0      
       fd_toi_t2.asm.obj            72      0         0      
       autoinit.c.obj               68      0         0      
       i_tofd_t2.asm.obj            46      0         0      
       memmov.c.obj                 40      0         0      
       boot_cortex_m.c.obj          36      0         0      
       copy_zero_init.c.obj         28      0         0      
       memccpy.c.obj                28      0         0      
       ll_mul_t2.asm.obj            24      0         0      
       strchr.c.obj                 22      0         0      
       strlen.c.obj                 20      0         0      
       wcslen.c.obj                 18      0         0      
       copy_decompress_none.c.obj   14      0         0      
       errno.c.obj                  8       0         4      
       s_copysign.c.obj             12      0         0      
       _lock.c.obj                  2       0         8      
       exit.c.obj                   4       0         0      
       pre_init.c.obj               4       0         0      
       div0.asm.obj                 2       0         0      
    +--+----------------------------+-------+---------+---------+
       Total:                       8579    257       20     
                                                             
    /Applications/ti/lib/cc3200sdk_1.5.0/cc3200-sdk/driverlib/ccs/Release/driverlib.a
       prcm.obj                     800     168       0      
       interrupt.obj                314     236       0      
       pin.obj                      274     256       0      
       gpio.obj                     422     0         0      
       uart.obj                     284     0         0      
       systick.obj                  96      0         0      
       cpu.obj                      20      0         0      
       utils.obj                    6       0         0      
    +--+----------------------------+-------+---------+---------+
       Total:                       2216    660       0      
                                                             
       Heap:                        0       0         2048   
       Stack:                       0       0         2048   
       Linker Generated:            0       70        0      
    +--+----------------------------+-------+---------+---------+
       Grand Total:                 13533   2011      4343   


LINKER GENERATED COPY TABLES

__TI_cinit_table @ 20007cd0 records: 2, size/record: 8, table size: 16
	.data: load addr=20007c98, load size=00000022 bytes, run addr=2001d8a8, run size=00000050 bytes, compression=lzss
	.bss: load addr=20007cc8, load size=00000008 bytes, run addr=2001d800, run size=000000a7 bytes, compression=zero_init


LINKER GENERATED HANDLER TABLE

__TI_handler_table @ 20007cbc records: 3, size/record: 4, table size: 12
	index: 0, handler: __TI_decompress_lzss
	index: 1, handler: __TI_decompress_none
	index: 2, handler: __TI_zero_init


GLOBAL SYMBOLS: SORTED ALPHABETICALLY BY Name 

address   name                          
-------   ----                          
200078f7  C$$EXIT                       
20007817  CPUcpsie                      
20005599  ClearTerm                     
200055a3  Error                         
20007419  GPIODirModeSet                
2000782b  GPIOIntClear                  
20007729  GPIOIntEnable                 
20007661  GPIOIntRegister               
200075fd  GPIOIntStatus                 
20006d39  GPIOIntTypeSet                
2000775d  GPIOPinRead                   
2000761f  GPIOPinWrite                  
20005111  GPIO_IF_ConfigureNIntEnable   
2000519d  GPIO_IF_Get                   
200050cb  GPIO_IF_GetPortNPin           
20004e8d  GPIO_IF_LedConfigure          
20004f7f  GPIO_IF_LedOff                
20004ecb  GPIO_IF_LedOn                 
20005033  GPIO_IF_LedStatus             
2000509d  GPIO_IF_LedToggle             
20005159  GPIO_IF_Set                   
200055db  GetCmd                        
20005559  InitTerm                      
20006935  IntEnable                     
200078d1  IntMasterEnable               
20007101  IntPrioritySet                
20007641  IntRegister                   
20007841  IntVTableBaseSet              
20005577  Message                       
20005dc1  PRCMCC3200MCUInit             
200077d5  PRCMHIBRegRead                
200077eb  PRCMHIBRegWrite               
2000753d  PRCMPeripheralClkDisable      
200073dd  PRCMPeripheralClkEnable       
20006b11  PRCMPeripheralClockGet        
20007051  PRCMPeripheralReset           
20007511  PRCMSysResetCauseGet          
20006ba5  PinConfigSet                  
2000731d  PinModeSet                    
200062cd  PinMuxConfig                  
2000744f  PinTypeGPIO                   
20007743  PinTypeUART                   
20005719  Report                        
200078ab  ResetISR                      
2000787d  SysTickEnable                 
2000788d  SysTickIntEnable              
2000769d  SysTickIntRegister            
20007775  SysTickPeriodSet              
200078b9  SysTickValueGet               
20005681  TrimSpace                     
200076b9  UARTCharGetNonBlocking        
2000767f  UARTCharPut                   
2000778d  UARTCharsAvail                
20006e35  UARTConfigSetExpClk           
20007481  UARTDisable                   
200075b5  UARTEnable                    
200078ed  UtilsDelay                    
20040000  __STACK_END                   
00000800  __STACK_SIZE                  
00000800  __SYSMEM_SIZE                 
20007cd0  __TI_CINIT_Base               
20007ce0  __TI_CINIT_Limit              
20007cbc  __TI_Handler_Table_Base       
20007cc8  __TI_Handler_Table_Limit      
200072d9  __TI_auto_init_nobinit_nopinit
20006f8b  __TI_decompress_lzss          
2000789d  __TI_decompress_none          
20007155  __TI_ltoa                     
ffffffff  __TI_pprof_out_hndl           
20004401  __TI_printfi                  
ffffffff  __TI_prof_data_size           
ffffffff  __TI_prof_data_start          
20007c98  __TI_static_base__            
200076d5  __TI_zero_init_nomemset       
20006c2d  __aeabi_cdcmpeq               
20006c2d  __aeabi_cdcmple               
20006cb3  __aeabi_cdrcmple              
20007291  __aeabi_d2iz                  
20005c13  __aeabi_dadd                  
20006075  __aeabi_ddiv                  
200064ed  __aeabi_dmul                  
20005c09  __aeabi_dsub                  
200078dd  __aeabi_errno_addr            
200074e1  __aeabi_i2d                   
20005dbf  __aeabi_idiv0                 
20005dbf  __aeabi_ldiv0                 
200077bd  __aeabi_lmul                  
20006dbb  __aeabi_memclr                
20006dbb  __aeabi_memclr4               
20006dbb  __aeabi_memclr8               
200069dd  __aeabi_memcpy                
200069dd  __aeabi_memcpy4               
200069dd  __aeabi_memcpy8               
20006dbd  __aeabi_memset                
20006dbd  __aeabi_memset4               
20006dbd  __aeabi_memset8               
20006a79  __aeabi_uldivmod              
ffffffff  __binit__                     
ffffffff  __c_args__                    
UNDEFED   __mpu_init                    
2003f800  __stack                       
2001d000  __start___llvm_prf_cnts       
2001d000  __stop___llvm_prf_cnts        
200075d9  _c_int00_noargs               
200078fc  _ctypes_                      
2001d8e4  _lock                         
20004e4f  _nop                          
2001d000  _sys_memory                   
UNDEFED   _system_post_cinit            
200078f3  _system_pre_init              
2001d8e8  _unlock                       
200078f7  abort                         
200063ed  aligned_alloc                 
200071fd  atoi                          
ffffffff  binit                         
200078c5  copysign                      
200078c5  copysignl                     
2001d8b8  count                         
2000532f  decoder                       
2001d800  delta_buffer                  
2001d8f4  errno                         
200065e9  free                          
20006ff5  frexp                         
20006ff5  frexpl                        
20004000  g_pfnVectors                  
2001d8a4  g_ucLED1Pin                   
2001d8a5  g_ucLED2Pin                   
2001d8a6  g_ucLED3Pin                   
2001d8d8  g_uiLED1Port                  
2001d8dc  g_uiLED2Port                  
2001d8e0  g_uiLED3Port                  
200067b1  ldexp                         
200067b1  ldexpl                        
20005401  main                          
200078e5  malloc                        
200063ed  memalign                      
2000770d  memccpy                       
200069dd  memcpy                        
2000758d  memmove                       
20006dc3  memset                        
2001d8c0  readReady                     
200066cd  realloc                       
200067b1  scalbn                        
200067b1  scalbnl                       
2001d8bc  start                         
20007801  strchr                        
20007855  strlen                        
2001d8b0  systick_cnt                   
2001d8b4  systick_expired               
2001d8a8  ulsystick_delta_us            
2000735d  vsnprintf                     
20007869  wcslen                        


GLOBAL SYMBOLS: SORTED BY Symbol Address 

address   name                          
-------   ----                          
00000800  __STACK_SIZE                  
00000800  __SYSMEM_SIZE                 
20004000  g_pfnVectors                  
20004401  __TI_printfi                  
20004e4f  _nop                          
20004e8d  GPIO_IF_LedConfigure          
20004ecb  GPIO_IF_LedOn                 
20004f7f  GPIO_IF_LedOff                
20005033  GPIO_IF_LedStatus             
2000509d  GPIO_IF_LedToggle             
200050cb  GPIO_IF_GetPortNPin           
20005111  GPIO_IF_ConfigureNIntEnable   
20005159  GPIO_IF_Set                   
2000519d  GPIO_IF_Get                   
2000532f  decoder                       
20005401  main                          
20005559  InitTerm                      
20005577  Message                       
20005599  ClearTerm                     
200055a3  Error                         
200055db  GetCmd                        
20005681  TrimSpace                     
20005719  Report                        
20005c09  __aeabi_dsub                  
20005c13  __aeabi_dadd                  
20005dbf  __aeabi_idiv0                 
20005dbf  __aeabi_ldiv0                 
20005dc1  PRCMCC3200MCUInit             
20006075  __aeabi_ddiv                  
200062cd  PinMuxConfig                  
200063ed  aligned_alloc                 
200063ed  memalign                      
200064ed  __aeabi_dmul                  
200065e9  free                          
200066cd  realloc                       
200067b1  ldexp                         
200067b1  ldexpl                        
200067b1  scalbn                        
200067b1  scalbnl                       
20006935  IntEnable                     
200069dd  __aeabi_memcpy                
200069dd  __aeabi_memcpy4               
200069dd  __aeabi_memcpy8               
200069dd  memcpy                        
20006a79  __aeabi_uldivmod              
20006b11  PRCMPeripheralClockGet        
20006ba5  PinConfigSet                  
20006c2d  __aeabi_cdcmpeq               
20006c2d  __aeabi_cdcmple               
20006cb3  __aeabi_cdrcmple              
20006d39  GPIOIntTypeSet                
20006dbb  __aeabi_memclr                
20006dbb  __aeabi_memclr4               
20006dbb  __aeabi_memclr8               
20006dbd  __aeabi_memset                
20006dbd  __aeabi_memset4               
20006dbd  __aeabi_memset8               
20006dc3  memset                        
20006e35  UARTConfigSetExpClk           
20006f8b  __TI_decompress_lzss          
20006ff5  frexp                         
20006ff5  frexpl                        
20007051  PRCMPeripheralReset           
20007101  IntPrioritySet                
20007155  __TI_ltoa                     
200071fd  atoi                          
20007291  __aeabi_d2iz                  
200072d9  __TI_auto_init_nobinit_nopinit
2000731d  PinModeSet                    
2000735d  vsnprintf                     
200073dd  PRCMPeripheralClkEnable       
20007419  GPIODirModeSet                
2000744f  PinTypeGPIO                   
20007481  UARTDisable                   
200074e1  __aeabi_i2d                   
20007511  PRCMSysResetCauseGet          
2000753d  PRCMPeripheralClkDisable      
2000758d  memmove                       
200075b5  UARTEnable                    
200075d9  _c_int00_noargs               
200075fd  GPIOIntStatus                 
2000761f  GPIOPinWrite                  
20007641  IntRegister                   
20007661  GPIOIntRegister               
2000767f  UARTCharPut                   
2000769d  SysTickIntRegister            
200076b9  UARTCharGetNonBlocking        
200076d5  __TI_zero_init_nomemset       
2000770d  memccpy                       
20007729  GPIOIntEnable                 
20007743  PinTypeUART                   
2000775d  GPIOPinRead                   
20007775  SysTickPeriodSet              
2000778d  UARTCharsAvail                
200077bd  __aeabi_lmul                  
200077d5  PRCMHIBRegRead                
200077eb  PRCMHIBRegWrite               
20007801  strchr                        
20007817  CPUcpsie                      
2000782b  GPIOIntClear                  
20007841  IntVTableBaseSet              
20007855  strlen                        
20007869  wcslen                        
2000787d  SysTickEnable                 
2000788d  SysTickIntEnable              
2000789d  __TI_decompress_none          
200078ab  ResetISR                      
200078b9  SysTickValueGet               
200078c5  copysign                      
200078c5  copysignl                     
200078d1  IntMasterEnable               
200078dd  __aeabi_errno_addr            
200078e5  malloc                        
200078ed  UtilsDelay                    
200078f3  _system_pre_init              
200078f7  C$$EXIT                       
200078f7  abort                         
200078fc  _ctypes_                      
20007c98  __TI_static_base__            
20007cbc  __TI_Handler_Table_Base       
20007cc8  __TI_Handler_Table_Limit      
20007cd0  __TI_CINIT_Base               
20007ce0  __TI_CINIT_Limit              
2001d000  __start___llvm_prf_cnts       
2001d000  __stop___llvm_prf_cnts        
2001d000  _sys_memory                   
2001d800  delta_buffer                  
2001d8a4  g_ucLED1Pin                   
2001d8a5  g_ucLED2Pin                   
2001d8a6  g_ucLED3Pin                   
2001d8a8  ulsystick_delta_us            
2001d8b0  systick_cnt                   
2001d8b4  systick_expired               
2001d8b8  count                         
2001d8bc  start                         
2001d8c0  readReady                     
2001d8d8  g_uiLED1Port                  
2001d8dc  g_uiLED2Port                  
2001d8e0  g_uiLED3Port                  
2001d8e4  _lock                         
2001d8e8  _unlock                       
2001d8f4  errno                         
2003f800  __stack                       
20040000  __STACK_END                   
ffffffff  __TI_pprof_out_hndl           
ffffffff  __TI_prof_data_size           
ffffffff  __TI_prof_data_start          
ffffffff  __binit__                     
ffffffff  __c_args__                    
ffffffff  binit                         
UNDEFED   __mpu_init                    
UNDEFED   _system_post_cinit            

[152 symbols]
