******************************************************************************
                  TI ARM Linker Unix v20.2.7                   
******************************************************************************
>> Linked Mon Apr  1 12:15:52 2024

OUTPUT FILE NAME:   <uart_demo.out>
ENTRY POINT SYMBOL: "_c_int00_noargs"  address: 20006f51


MEMORY CONFIGURATION

         name            origin    length      used     unused   attr    fill
----------------------  --------  ---------  --------  --------  ----  --------
  SRAM_CODE             20004000   00013000  0000345e  0000fba2  RW X
  SRAM_DATA             20017000   00019000  0000091c  000186e4  RW X


SEGMENT ALLOCATION MAP

run origin  load origin   length   init length attrs members
----------  ----------- ---------- ----------- ----- -------
20004000    20004000    00003460   00003460    r-x
  20004000    20004000    00000400   00000400    r-- .intvecs
  20004400    20004400    00002d62   00002d62    r-x .text
  20007164    20007164    000002c4   000002c4    r-- .const
  20007428    20007428    00000038   00000038    r-- .cinit
20017000    20017000    0000081c   00000000    rw-
  20017000    20017000    00000800   00000000    rw- .sysmem
  20017800    20017800    00000018   00000000    rw- .data
  20017818    20017818    00000004   00000000    rw- .bss
2002ff00    2002ff00    00000100   00000000    rw-
  2002ff00    2002ff00    00000100   00000000    rw- .stack


SECTION ALLOCATION MAP

 output                                  attributes/
section   page    origin      length       input sections
--------  ----  ----------  ----------   ----------------
.intvecs   0    20004000    00000400     
                  20004000    00000400     startup_ccs.obj (.intvecs)

.init_array 
*          0    20004000    00000000     UNINITIALIZED

.text      0    20004400    00002d62     
                  20004400    00000a4e     rtsv7M4_T_le_eabi.lib : _printfi.c.obj (.text:__TI_printfi)
                  20004e4e    00000002                           : _lock.c.obj (.text:_nop)
                  20004e50    0000032c     main.obj (.text)
                  2000517c    0000027c     uart_if.obj (.text)
                  200053f8    00000268     rtsv7M4_T_le_eabi.lib : _printfi.c.obj (.text:_pconv_a)
                  20005660    000001cc                           : _printfi.c.obj (.text:_pconv_g)
                  2000582c    000001b6                           : fd_add_t2.asm.obj (.text)
                  200059e2    00000002                           : div0.asm.obj (.text)
                  200059e4    00000178     driverlib.a : prcm.obj (.text:PRCMCC3200MCUInit)
                  20005b5c    0000013c     rtsv7M4_T_le_eabi.lib : _printfi.c.obj (.text:_pconv_e)
                  20005c98    00000136                           : fd_div_t2.asm.obj (.text)
                  20005dce    00000002     --HOLE-- [fill = 0]
                  20005dd0    00000120                           : _printfi.c.obj (.text:fcvt)
                  20005ef0    00000100                           : memory.c.obj (.text:aligned_alloc)
                  20005ff0    000000fc                           : fd_mul_t2.asm.obj (.text)
                  200060ec    000000e4                           : memory.c.obj (.text:free)
                  200061d0    000000e4                           : memory.c.obj (.text:realloc)
                  200062b4    000000d0                           : s_scalbn.c.obj (.text:scalbn)
                  20006384    000000b1                           : _printfi.c.obj (.text:_ltostr)
                  20006435    00000003     --HOLE-- [fill = 0]
                  20006438    000000a8     driverlib.a : interrupt.obj (.text:IntEnable)
                  200064e0    0000009c     rtsv7M4_T_le_eabi.lib : memcpy_t2.asm.obj (.text)
                  2000657c    00000096                           : ull_div_t2.asm.obj (.text)
                  20006612    00000002     --HOLE-- [fill = 0]
                  20006614    00000094     driverlib.a : prcm.obj (.text:PRCMPeripheralClockGet)
                  200066a8    00000088                 : pin.obj (.text:PinConfigSet)
                  20006730    00000086     rtsv7M4_T_le_eabi.lib : fd_cmp_t2.asm.obj (.text:__aeabi_cdcmple)
                  200067b6    00000086                           : fd_cmp_t2.asm.obj (.text:__aeabi_cdrcmple)
                  2000683c    0000007a                           : memset_t2.asm.obj (.text)
                  200068b6    00000076     driverlib.a : uart.obj (.text:UARTConfigSetExpClk)
                  2000692c    00000070     rtsv7M4_T_le_eabi.lib : memory.c.obj (.text:split)
                  2000699c    0000006e                           : _printfi.c.obj (.text:_mcpy)
                  20006a0a    00000068                           : copy_decompress_lzss.c.obj (.text:decompress:lzss:__TI_decompress_lzss)
                  20006a72    00000002     --HOLE-- [fill = 0]
                  20006a74    0000005c                           : s_frexp.c.obj (.text:frexp)
                  20006ad0    00000058     driverlib.a : prcm.obj (.text:PRCMPeripheralReset)
                  20006b28    00000056     rtsv7M4_T_le_eabi.lib : _printfi.c.obj (.text:_pconv_f)
                  20006b7e    00000054                           : _ltoa.c.obj (.text:__TI_ltoa)
                  20006bd2    00000052                           : _printfi.c.obj (.text:_ecpy)
                  20006c24    0000004c                           : atoi.c.obj (.text:atoi)
                  20006c70    00000048                           : fd_toi_t2.asm.obj (.text)
                  20006cb8    00000044                           : autoinit.c.obj (.text:__TI_auto_init_nobinit_nopinit:__TI_auto_init_nobinit_nopinit)
                  20006cfc    00000040     driverlib.a : pin.obj (.text:PinModeSet)
                  20006d3c    00000040     rtsv7M4_T_le_eabi.lib : vsnprintf.c.obj (.text:vsnprintf)
                  20006d7c    0000003e                           : _printfi.c.obj (.text:_fcpy)
                  20006dba    00000002     --HOLE-- [fill = 0]
                  20006dbc    0000003c     driverlib.a : prcm.obj (.text:PRCMPeripheralClkEnable)
                  20006df8    00000030                 : uart.obj (.text:UARTDisable)
                  20006e28    00000030     rtsv7M4_T_le_eabi.lib : vsnprintf.c.obj (.text:_outs)
                  20006e58    0000002e                           : i_tofd_t2.asm.obj (.text)
                  20006e86    00000002     --HOLE-- [fill = 0]
                  20006e88    0000002c     driverlib.a : prcm.obj (.text:PRCMSysResetCauseGet)
                  20006eb4    00000028                 : prcm.obj (.text:PRCMPeripheralClkDisable)
                  20006edc    00000028     rtsv7M4_T_le_eabi.lib : memory.c.obj (.text:free_list_insert)
                  20006f04    00000028                           : memmov.c.obj (.text:memmove)
                  20006f2c    00000024     driverlib.a : uart.obj (.text:UARTEnable)
                  20006f50    00000024     rtsv7M4_T_le_eabi.lib : boot_cortex_m.c.obj (.text:_c_int00_noargs:_c_int00_noargs)
                  20006f74    0000001e     driverlib.a : uart.obj (.text:UARTCharPut)
                  20006f92    0000001c                 : uart.obj (.text:UARTCharGetNonBlocking)
                  20006fae    0000001c     rtsv7M4_T_le_eabi.lib : copy_zero_init.c.obj (.text:decompress:ZI:__TI_zero_init_nomemset:__TI_zero_init_nomemset)
                  20006fca    00000002     --HOLE-- [fill = 0]
                  20006fcc    0000001c                           : memory.c.obj (.text:free_list_remove)
                  20006fe8    0000001c                           : memccpy.c.obj (.text:memccpy)
                  20007004    0000001c     pinmux.obj (.text)
                  20007020    0000001a     driverlib.a : pin.obj (.text:PinTypeUART)
                  2000703a    00000018                 : uart.obj (.text:UARTCharsAvail)
                  20007052    00000018     rtsv7M4_T_le_eabi.lib : vsnprintf.c.obj (.text:_outc)
                  2000706a    00000016     driverlib.a : prcm.obj (.text:PRCMHIBRegRead)
                  20007080    00000016                 : prcm.obj (.text:PRCMHIBRegWrite)
                  20007096    00000016                 : uart.obj (.text:UARTCharGet)
                  200070ac    00000016     rtsv7M4_T_le_eabi.lib : strchr.c.obj (.text:strchr)
                  200070c2    00000014     driverlib.a : cpu.obj (.text:CPUcpsie)
                  200070d6    00000002     --HOLE-- [fill = 0]
                  200070d8    00000014                 : interrupt.obj (.text:IntVTableBaseSet)
                  200070ec    00000014     rtsv7M4_T_le_eabi.lib : strlen.c.obj (.text:strlen)
                  20007100    00000012                           : wcslen.c.obj (.text:wcslen)
                  20007112    0000000e                           : copy_decompress_none.c.obj (.text:decompress:none:__TI_decompress_none)
                  20007120    0000000e     startup_ccs.obj (.text)
                  2000712e    0000000c     rtsv7M4_T_le_eabi.lib : s_copysign.c.obj (.text:copysign)
                  2000713a    0000000a     driverlib.a : interrupt.obj (.text:IntMasterEnable)
                  20007144    00000008     rtsv7M4_T_le_eabi.lib : errno.c.obj (.text:__aeabi_errno_addr)
                  2000714c    00000008                           : memory.c.obj (.text:malloc)
                  20007154    00000006     driverlib.a : utils.obj (.text:UtilsDelay)
                  2000715a    00000004     rtsv7M4_T_le_eabi.lib : pre_init.c.obj (.text:_system_pre_init)
                  2000715e    00000004                           : exit.c.obj (.text:abort:abort)

.const     0    20007164    000002c4     
                  20007164    00000101     rtsv7M4_T_le_eabi.lib : ctype.c.obj (.const:.string:_ctypes_)
                  20007265    00000003     --HOLE-- [fill = 0]
                  20007268    00000100     driverlib.a : pin.obj (.const:g_ulPinToPadMap)
                  20007368    000000a8                 : prcm.obj (.const:PRCM_PeriphRegsList)
                  20007410    00000018                 : interrupt.obj (.const:g_pulEnRegs)

.cinit     0    20007428    00000038     
                  20007428    0000000d     (.cinit..data.load) [load image, compression = lzss]
                  20007435    00000003     --HOLE-- [fill = 0]
                  20007438    0000000c     (__TI_handler_table)
                  20007444    00000004     --HOLE-- [fill = 0]
                  20007448    00000008     (.cinit..bss.load) [load image, compression = zero_init]
                  20007450    00000010     (__TI_cinit_table)

.sysmem    0    20017000    00000800     UNINITIALIZED
                  20017000    00000010     rtsv7M4_T_le_eabi.lib : memory.c.obj (.sysmem)
                  20017010    000007f0     --HOLE--

.data      0    20017800    00000018     UNINITIALIZED
                  20017800    00000008     rtsv7M4_T_le_eabi.lib : _lock.c.obj (.data:$O1$$)
                  20017808    00000008                           : memory.c.obj (.data:$O1$$)
                  20017810    00000004     main.obj (.data)
                  20017814    00000004     rtsv7M4_T_le_eabi.lib : errno.c.obj (.data)

.bss       0    20017818    00000004     UNINITIALIZED
                  20017818    00000004     uart_if.obj (.bss)

.stack     0    2002ff00    00000100     UNINITIALIZED
                  2002ff00    00000004     rtsv7M4_T_le_eabi.lib : boot_cortex_m.c.obj (.stack)
                  2002ff04    000000fc     --HOLE--

__llvm_prf_cnts 
*          0    20017000    00000000     UNINITIALIZED

MODULE SUMMARY

       Module                       code    ro data   rw data
       ------                       ----    -------   -------
    ./
       startup_ccs.obj              14      1024      0      
       main.obj                     812     0         4      
       uart_if.obj                  636     0         4      
       pinmux.obj                   28      0         0      
    +--+----------------------------+-------+---------+---------+
       Total:                       1490    1024      8      
                                                             
    /Applications/ti/ccs/tools/compiler/ti-cgt-arm_20.2.7.LTS/lib/rtsv7M4_T_le_eabi.lib
       _printfi.c.obj               4835    0         0      
       memory.c.obj                 900     0         8      
       fd_add_t2.asm.obj            438     0         0      
       fd_div_t2.asm.obj            310     0         0      
       fd_cmp_t2.asm.obj            268     0         0      
       ctype.c.obj                  0       257       0      
       fd_mul_t2.asm.obj            252     0         0      
       s_scalbn.c.obj               208     0         0      
       memcpy_t2.asm.obj            156     0         0      
       ull_div_t2.asm.obj           150     0         0      
       vsnprintf.c.obj              136     0         0      
       memset_t2.asm.obj            122     0         0      
       copy_decompress_lzss.c.obj   104     0         0      
       s_frexp.c.obj                92      0         0      
       _ltoa.c.obj                  84      0         0      
       atoi.c.obj                   76      0         0      
       fd_toi_t2.asm.obj            72      0         0      
       autoinit.c.obj               68      0         0      
       i_tofd_t2.asm.obj            46      0         0      
       memmov.c.obj                 40      0         0      
       boot_cortex_m.c.obj          36      0         0      
       copy_zero_init.c.obj         28      0         0      
       memccpy.c.obj                28      0         0      
       strchr.c.obj                 22      0         0      
       strlen.c.obj                 20      0         0      
       wcslen.c.obj                 18      0         0      
       copy_decompress_none.c.obj   14      0         0      
       errno.c.obj                  8       0         4      
       s_copysign.c.obj             12      0         0      
       _lock.c.obj                  2       0         8      
       exit.c.obj                   4       0         0      
       pre_init.c.obj               4       0         0      
       div0.asm.obj                 2       0         0      
    +--+----------------------------+-------+---------+---------+
       Total:                       8555    257       20     
                                                             
    /Applications/ti/lib/cc3200sdk_1.5.0/cc3200-sdk/driverlib/ccs/Release/driverlib.a
       prcm.obj                     800     168       0      
       pin.obj                      226     256       0      
       uart.obj                     306     0         0      
       interrupt.obj                198     24        0      
       cpu.obj                      20      0         0      
       utils.obj                    6       0         0      
    +--+----------------------------+-------+---------+---------+
       Total:                       1556    448       0      
                                                             
       Heap:                        0       0         2048   
       Stack:                       0       0         256    
       Linker Generated:            0       49        0      
    +--+----------------------------+-------+---------+---------+
       Grand Total:                 11601   1778      2332   


LINKER GENERATED COPY TABLES

__TI_cinit_table @ 20007450 records: 2, size/record: 8, table size: 16
	.data: load addr=20007428, load size=0000000d bytes, run addr=20017800, run size=00000018 bytes, compression=lzss
	.bss: load addr=20007448, load size=00000008 bytes, run addr=20017818, run size=00000004 bytes, compression=zero_init


LINKER GENERATED HANDLER TABLE

__TI_handler_table @ 20007438 records: 3, size/record: 4, table size: 12
	index: 0, handler: __TI_decompress_lzss
	index: 1, handler: __TI_decompress_none
	index: 2, handler: __TI_zero_init


GLOBAL SYMBOLS: SORTED ALPHABETICALLY BY Name 

address   name                          
-------   ----                          
2000715f  C$$EXIT                       
200070c3  CPUcpsie                      
200051bd  ClearTerm                     
200051c7  Error                         
200051ff  GetCmd                        
2000517d  InitTerm                      
20006439  IntEnable                     
2000713b  IntMasterEnable               
200070d9  IntVTableBaseSet              
2000519b  Message                       
200059e5  PRCMCC3200MCUInit             
2000706b  PRCMHIBRegRead                
20007081  PRCMHIBRegWrite               
20006eb5  PRCMPeripheralClkDisable      
20006dbd  PRCMPeripheralClkEnable       
20006615  PRCMPeripheralClockGet        
20006ad1  PRCMPeripheralReset           
20006e89  PRCMSysResetCauseGet          
200066a9  PinConfigSet                  
20006cfd  PinModeSet                    
20007005  PinMuxConfig                  
20007021  PinTypeUART                   
2000533d  Report                        
20007121  ResetISR                      
200052a5  TrimSpace                     
20007097  UARTCharGet                   
20006f93  UARTCharGetNonBlocking        
20006f75  UARTCharPut                   
2000703b  UARTCharsAvail                
200068b7  UARTConfigSetExpClk           
20006df9  UARTDisable                   
20006f2d  UARTEnable                    
20007155  UtilsDelay                    
20030000  __STACK_END                   
00000100  __STACK_SIZE                  
00000800  __SYSMEM_SIZE                 
20007450  __TI_CINIT_Base               
20007460  __TI_CINIT_Limit              
20007438  __TI_Handler_Table_Base       
20007444  __TI_Handler_Table_Limit      
20006cb9  __TI_auto_init_nobinit_nopinit
20006a0b  __TI_decompress_lzss          
20007113  __TI_decompress_none          
20006b7f  __TI_ltoa                     
ffffffff  __TI_pprof_out_hndl           
20004401  __TI_printfi                  
ffffffff  __TI_prof_data_size           
ffffffff  __TI_prof_data_start          
20007428  __TI_static_base__            
20006faf  __TI_zero_init_nomemset       
20006731  __aeabi_cdcmpeq               
20006731  __aeabi_cdcmple               
200067b7  __aeabi_cdrcmple              
20006c71  __aeabi_d2iz                  
20005837  __aeabi_dadd                  
20005c99  __aeabi_ddiv                  
20005ff1  __aeabi_dmul                  
2000582d  __aeabi_dsub                  
20007145  __aeabi_errno_addr            
20006e59  __aeabi_i2d                   
200059e3  __aeabi_idiv0                 
200059e3  __aeabi_ldiv0                 
2000683d  __aeabi_memclr                
2000683d  __aeabi_memclr4               
2000683d  __aeabi_memclr8               
200064e1  __aeabi_memcpy                
200064e1  __aeabi_memcpy4               
200064e1  __aeabi_memcpy8               
2000683f  __aeabi_memset                
2000683f  __aeabi_memset4               
2000683f  __aeabi_memset8               
2000657d  __aeabi_uldivmod              
ffffffff  __binit__                     
ffffffff  __c_args__                    
UNDEFED   __mpu_init                    
2002ff00  __stack                       
20017000  __start___llvm_prf_cnts       
20017000  __stop___llvm_prf_cnts        
20006f51  _c_int00_noargs               
20007164  _ctypes_                      
20017800  _lock                         
20004e4f  _nop                          
20017000  _sys_memory                   
UNDEFED   _system_post_cinit            
2000715b  _system_pre_init              
20017804  _unlock                       
2000715f  abort                         
20005ef1  aligned_alloc                 
20006c25  atoi                          
ffffffff  binit                         
2000712f  copysign                      
2000712f  copysignl                     
20017814  errno                         
200060ed  free                          
20006a75  frexp                         
20006a75  frexpl                        
20017810  g_iCounter                    
20004000  g_pfnVectors                  
200062b5  ldexp                         
200062b5  ldexpl                        
20004e8f  main                          
2000714d  malloc                        
20005ef1  memalign                      
20006fe9  memccpy                       
200064e1  memcpy                        
20006f05  memmove                       
20006845  memset                        
200061d1  realloc                       
200062b5  scalbn                        
200062b5  scalbnl                       
200070ad  strchr                        
200070ed  strlen                        
20006d3d  vsnprintf                     
20007101  wcslen                        


GLOBAL SYMBOLS: SORTED BY Symbol Address 

address   name                          
-------   ----                          
00000100  __STACK_SIZE                  
00000800  __SYSMEM_SIZE                 
20004000  g_pfnVectors                  
20004401  __TI_printfi                  
20004e4f  _nop                          
20004e8f  main                          
2000517d  InitTerm                      
2000519b  Message                       
200051bd  ClearTerm                     
200051c7  Error                         
200051ff  GetCmd                        
200052a5  TrimSpace                     
2000533d  Report                        
2000582d  __aeabi_dsub                  
20005837  __aeabi_dadd                  
200059e3  __aeabi_idiv0                 
200059e3  __aeabi_ldiv0                 
200059e5  PRCMCC3200MCUInit             
20005c99  __aeabi_ddiv                  
20005ef1  aligned_alloc                 
20005ef1  memalign                      
20005ff1  __aeabi_dmul                  
200060ed  free                          
200061d1  realloc                       
200062b5  ldexp                         
200062b5  ldexpl                        
200062b5  scalbn                        
200062b5  scalbnl                       
20006439  IntEnable                     
200064e1  __aeabi_memcpy                
200064e1  __aeabi_memcpy4               
200064e1  __aeabi_memcpy8               
200064e1  memcpy                        
2000657d  __aeabi_uldivmod              
20006615  PRCMPeripheralClockGet        
200066a9  PinConfigSet                  
20006731  __aeabi_cdcmpeq               
20006731  __aeabi_cdcmple               
200067b7  __aeabi_cdrcmple              
2000683d  __aeabi_memclr                
2000683d  __aeabi_memclr4               
2000683d  __aeabi_memclr8               
2000683f  __aeabi_memset                
2000683f  __aeabi_memset4               
2000683f  __aeabi_memset8               
20006845  memset                        
200068b7  UARTConfigSetExpClk           
20006a0b  __TI_decompress_lzss          
20006a75  frexp                         
20006a75  frexpl                        
20006ad1  PRCMPeripheralReset           
20006b7f  __TI_ltoa                     
20006c25  atoi                          
20006c71  __aeabi_d2iz                  
20006cb9  __TI_auto_init_nobinit_nopinit
20006cfd  PinModeSet                    
20006d3d  vsnprintf                     
20006dbd  PRCMPeripheralClkEnable       
20006df9  UARTDisable                   
20006e59  __aeabi_i2d                   
20006e89  PRCMSysResetCauseGet          
20006eb5  PRCMPeripheralClkDisable      
20006f05  memmove                       
20006f2d  UARTEnable                    
20006f51  _c_int00_noargs               
20006f75  UARTCharPut                   
20006f93  UARTCharGetNonBlocking        
20006faf  __TI_zero_init_nomemset       
20006fe9  memccpy                       
20007005  PinMuxConfig                  
20007021  PinTypeUART                   
2000703b  UARTCharsAvail                
2000706b  PRCMHIBRegRead                
20007081  PRCMHIBRegWrite               
20007097  UARTCharGet                   
200070ad  strchr                        
200070c3  CPUcpsie                      
200070d9  IntVTableBaseSet              
200070ed  strlen                        
20007101  wcslen                        
20007113  __TI_decompress_none          
20007121  ResetISR                      
2000712f  copysign                      
2000712f  copysignl                     
2000713b  IntMasterEnable               
20007145  __aeabi_errno_addr            
2000714d  malloc                        
20007155  UtilsDelay                    
2000715b  _system_pre_init              
2000715f  C$$EXIT                       
2000715f  abort                         
20007164  _ctypes_                      
20007428  __TI_static_base__            
20007438  __TI_Handler_Table_Base       
20007444  __TI_Handler_Table_Limit      
20007450  __TI_CINIT_Base               
20007460  __TI_CINIT_Limit              
20017000  __start___llvm_prf_cnts       
20017000  __stop___llvm_prf_cnts        
20017000  _sys_memory                   
20017800  _lock                         
20017804  _unlock                       
20017810  g_iCounter                    
20017814  errno                         
2002ff00  __stack                       
20030000  __STACK_END                   
ffffffff  __TI_pprof_out_hndl           
ffffffff  __TI_prof_data_size           
ffffffff  __TI_prof_data_start          
ffffffff  __binit__                     
ffffffff  __c_args__                    
ffffffff  binit                         
UNDEFED   __mpu_init                    
UNDEFED   _system_post_cinit            

[114 symbols]
