******************************************************************************
                  TI ARM Linker Unix v20.2.7                   
******************************************************************************
>> Linked Wed Apr 17 11:15:52 2024

OUTPUT FILE NAME:   <lab2-pt3.out>
ENTRY POINT SYMBOL: "_c_int00_noargs"  address: 20008529


MEMORY CONFIGURATION

         name            origin    length      used     unused   attr    fill
----------------------  --------  ---------  --------  --------  ----  --------
  SRAM_CODE             20004000   00013000  00005066  0000df9a  RW X
  SRAM_DATA             20017000   00019000  00001030  00017fd0  RW X


SEGMENT ALLOCATION MAP

run origin  load origin   length   init length attrs members
----------  ----------- ---------- ----------- ----- -------
20004000    20004000    00005068   00005068    r-x
  20004000    20004000    00000400   00000400    r-- .intvecs
  20004400    20004400    00004462   00004462    r-x .text
  20008864    20008864    000007bc   000007bc    r-- .const
  20009020    20009020    00000048   00000048    r-- .cinit
20017000    20017000    00000830   00000000    rw-
  20017000    20017000    00000800   00000000    rw- .sysmem
  20017800    20017800    0000002c   00000000    rw- .data
  2001782c    2001782c    00000004   00000000    rw- .bss
2002f800    2002f800    00000800   00000000    rw-
  2002f800    2002f800    00000800   00000000    rw- .stack


SECTION ALLOCATION MAP

 output                                  attributes/
section   page    origin      length       input sections
--------  ----  ----------  ----------   ----------------
.intvecs   0    20004000    00000400     
                  20004000    00000400     startup_ccs.obj (.intvecs)

.init_array 
*          0    20004000    00000000     UNINITIALIZED

.text      0    20004400    00004462     
                  20004400    00000a80     Adafruit_GFX.obj (.text)
                  20004e80    00000a4e     rtsv7M4_T_le_eabi.lib : _printfi.c.obj (.text:__TI_printfi)
                  200058ce    00000002                           : _lock.c.obj (.text:_nop)
                  200058d0    00000492     Adafruit_OLED.obj (.text)
                  20005d62    00000002     rtsv7M4_T_le_eabi.lib : div0.asm.obj (.text)
                  20005d64    000002a0     i2c_if.obj (.text)
                  20006004    0000027c     uart_if.obj (.text)
                  20006280    00000268     rtsv7M4_T_le_eabi.lib : _printfi.c.obj (.text:_pconv_a)
                  200064e8    000001cc                           : _printfi.c.obj (.text:_pconv_g)
                  200066b4    000001b6                           : fd_add_t2.asm.obj (.text)
                  2000686a    00000002     --HOLE-- [fill = 0]
                  2000686c    00000190     main.obj (.text)
                  200069fc    00000178     driverlib.a : prcm.obj (.text:PRCMCC3200MCUInit)
                  20006b74    0000013c     rtsv7M4_T_le_eabi.lib : _printfi.c.obj (.text:_pconv_e)
                  20006cb0    00000136                           : fd_div_t2.asm.obj (.text)
                  20006de6    00000002     --HOLE-- [fill = 0]
                  20006de8    00000128     pin_mux_config.obj (.text)
                  20006f10    00000120     rtsv7M4_T_le_eabi.lib : _printfi.c.obj (.text:fcvt)
                  20007030    00000100                           : memory.c.obj (.text:aligned_alloc)
                  20007130    000000fc                           : fd_mul_t2.asm.obj (.text)
                  2000722c    000000e4                           : memory.c.obj (.text:free)
                  20007310    000000e4                           : memory.c.obj (.text:realloc)
                  200073f4    000000d0     driverlib.a : spi.obj (.text:SPITransfer32)
                  200074c4    000000d0     rtsv7M4_T_le_eabi.lib : s_scalbn.c.obj (.text:scalbn)
                  20007594    000000ce     driverlib.a : spi.obj (.text:SPITransfer16)
                  20007662    000000b8                 : spi.obj (.text:SPITransfer8)
                  2000771a    00000002     --HOLE-- [fill = 0]
                  2000771c    000000b1     rtsv7M4_T_le_eabi.lib : _printfi.c.obj (.text:_ltostr)
                  200077cd    00000003     --HOLE-- [fill = 0]
                  200077d0    000000a8     driverlib.a : interrupt.obj (.text:IntEnable)
                  20007878    000000a0                 : spi.obj (.text:SPIConfigSetExpClk)
                  20007918    0000009c     rtsv7M4_T_le_eabi.lib : memcpy_t2.asm.obj (.text)
                  200079b4    00000096                           : ull_div_t2.asm.obj (.text)
                  20007a4a    00000002     --HOLE-- [fill = 0]
                  20007a4c    00000094     driverlib.a : prcm.obj (.text:PRCMPeripheralClockGet)
                  20007ae0    00000088                 : pin.obj (.text:PinConfigSet)
                  20007b68    00000088                 : spi.obj (.text:SPITransfer)
                  20007bf0    00000086     rtsv7M4_T_le_eabi.lib : fd_cmp_t2.asm.obj (.text:__aeabi_cdcmple)
                  20007c76    00000086                           : fd_cmp_t2.asm.obj (.text:__aeabi_cdrcmple)
                  20007cfc    00000084     driverlib.a : i2c.obj (.text:I2CMasterInitExpClk)
                  20007d80    0000007a     rtsv7M4_T_le_eabi.lib : memset_t2.asm.obj (.text)
                  20007dfa    00000076     driverlib.a : uart.obj (.text:UARTConfigSetExpClk)
                  20007e70    00000070     rtsv7M4_T_le_eabi.lib : memory.c.obj (.text:split)
                  20007ee0    0000006e                           : _printfi.c.obj (.text:_mcpy)
                  20007f4e    00000068                           : copy_decompress_lzss.c.obj (.text:decompress:lzss:__TI_decompress_lzss)
                  20007fb6    00000002     --HOLE-- [fill = 0]
                  20007fb8    0000005c                           : s_frexp.c.obj (.text:frexp)
                  20008014    00000058     driverlib.a : prcm.obj (.text:PRCMPeripheralReset)
                  2000806c    00000056     rtsv7M4_T_le_eabi.lib : _printfi.c.obj (.text:_pconv_f)
                  200080c2    00000054                           : _ltoa.c.obj (.text:__TI_ltoa)
                  20008116    00000052                           : _printfi.c.obj (.text:_ecpy)
                  20008168    0000004c                           : atoi.c.obj (.text:atoi)
                  200081b4    00000048                           : fd_toi_t2.asm.obj (.text)
                  200081fc    00000044                           : autoinit.c.obj (.text:__TI_auto_init_nobinit_nopinit:__TI_auto_init_nobinit_nopinit)
                  20008240    00000040     driverlib.a : pin.obj (.text:PinModeSet)
                  20008280    00000040     rtsv7M4_T_le_eabi.lib : vsnprintf.c.obj (.text:vsnprintf)
                  200082c0    0000003e                           : _printfi.c.obj (.text:_fcpy)
                  200082fe    00000002     --HOLE-- [fill = 0]
                  20008300    0000003c     driverlib.a : prcm.obj (.text:PRCMPeripheralClkEnable)
                  2000833c    00000036                 : gpio.obj (.text:GPIODirModeSet)
                  20008372    00000030                 : pin.obj (.text:PinTypeGPIO)
                  200083a2    00000002     --HOLE-- [fill = 0]
                  200083a4    00000030                 : uart.obj (.text:UARTDisable)
                  200083d4    00000030     rtsv7M4_T_le_eabi.lib : vsnprintf.c.obj (.text:_outs)
                  20008404    0000002e                           : i_tofd_t2.asm.obj (.text)
                  20008432    0000002c     driverlib.a : i2c.obj (.text:I2CMasterErr)
                  2000845e    00000002     --HOLE-- [fill = 0]
                  20008460    0000002c                 : prcm.obj (.text:PRCMSysResetCauseGet)
                  2000848c    00000028                 : prcm.obj (.text:PRCMPeripheralClkDisable)
                  200084b4    00000028     rtsv7M4_T_le_eabi.lib : memory.c.obj (.text:free_list_insert)
                  200084dc    00000028                           : memmov.c.obj (.text:memmove)
                  20008504    00000024     driverlib.a : uart.obj (.text:UARTEnable)
                  20008528    00000024     rtsv7M4_T_le_eabi.lib : boot_cortex_m.c.obj (.text:_c_int00_noargs:_c_int00_noargs)
                  2000854c    00000022     driverlib.a : i2c.obj (.text:I2CMasterSlaveAddrSet)
                  2000856e    00000022                 : spi.obj (.text:SPIReset)
                  20008590    00000020                 : gpio.obj (.text:GPIOPinWrite)
                  200085b0    0000001e                 : i2c.obj (.text:I2CMasterIntStatusEx)
                  200085ce    0000001e                 : uart.obj (.text:UARTCharPut)
                  200085ec    0000001c                 : pin.obj (.text:PinTypeI2C)
                  20008608    0000001c                 : uart.obj (.text:UARTCharGetNonBlocking)
                  20008624    0000001c     rtsv7M4_T_le_eabi.lib : copy_zero_init.c.obj (.text:decompress:ZI:__TI_zero_init_nomemset:__TI_zero_init_nomemset)
                  20008640    0000001c                           : memory.c.obj (.text:free_list_remove)
                  2000865c    0000001c                           : memccpy.c.obj (.text:memccpy)
                  20008678    0000001a     driverlib.a : pin.obj (.text:PinTypeSPI)
                  20008692    0000001a                 : pin.obj (.text:PinTypeUART)
                  200086ac    00000018                 : i2c.obj (.text:I2CMasterIntEnableEx)
                  200086c4    00000018                 : spi.obj (.text:SPIEnable)
                  200086dc    00000018                 : uart.obj (.text:UARTCharsAvail)
                  200086f4    00000018     rtsv7M4_T_le_eabi.lib : vsnprintf.c.obj (.text:_outc)
                  2000870c    00000016     driverlib.a : i2c.obj (.text:I2CMasterDataPut)
                  20008722    00000016                 : i2c.obj (.text:I2CMasterEnable)
                  20008738    00000016                 : i2c.obj (.text:I2CMasterIntClear)
                  2000874e    00000016                 : prcm.obj (.text:PRCMHIBRegRead)
                  20008764    00000016                 : prcm.obj (.text:PRCMHIBRegWrite)
                  2000877a    00000016     rtsv7M4_T_le_eabi.lib : strchr.c.obj (.text:strchr)
                  20008790    00000014     driverlib.a : cpu.obj (.text:CPUcpsie)
                  200087a4    00000014                 : interrupt.obj (.text:IntVTableBaseSet)
                  200087b8    00000014     rtsv7M4_T_le_eabi.lib : strlen.c.obj (.text:strlen)
                  200087cc    00000012     driverlib.a : i2c.obj (.text:I2CMasterControl)
                  200087de    00000012                 : i2c.obj (.text:I2CMasterTimeoutSet)
                  200087f0    00000012     rtsv7M4_T_le_eabi.lib : wcslen.c.obj (.text:wcslen)
                  20008802    0000000e     driverlib.a : i2c.obj (.text:I2CMasterDataGet)
                  20008810    0000000e     rtsv7M4_T_le_eabi.lib : copy_decompress_none.c.obj (.text:decompress:none:__TI_decompress_none)
                  2000881e    0000000e     startup_ccs.obj (.text)
                  2000882c    0000000c     rtsv7M4_T_le_eabi.lib : s_copysign.c.obj (.text:copysign)
                  20008838    0000000a     driverlib.a : interrupt.obj (.text:IntMasterEnable)
                  20008842    00000002     --HOLE-- [fill = 0]
                  20008844    00000008     rtsv7M4_T_le_eabi.lib : errno.c.obj (.text:__aeabi_errno_addr)
                  2000884c    00000008                           : memory.c.obj (.text:malloc)
                  20008854    00000006     driverlib.a : utils.obj (.text:UtilsDelay)
                  2000885a    00000004     rtsv7M4_T_le_eabi.lib : pre_init.c.obj (.text:_system_pre_init)
                  2000885e    00000004                           : exit.c.obj (.text:abort:abort)

.const     0    20008864    000007bc     
                  20008864    000004fb     Adafruit_GFX.obj (.const:.string:font)
                  20008d5f    00000101     rtsv7M4_T_le_eabi.lib : ctype.c.obj (.const:.string:_ctypes_)
                  20008e60    00000100     driverlib.a : pin.obj (.const:g_ulPinToPadMap)
                  20008f60    000000a8                 : prcm.obj (.const:PRCM_PeriphRegsList)
                  20009008    00000018                 : interrupt.obj (.const:g_pulEnRegs)

.cinit     0    20009020    00000048     
                  20009020    00000020     (.cinit..data.load) [load image, compression = lzss]
                  20009040    0000000c     (__TI_handler_table)
                  2000904c    00000004     --HOLE-- [fill = 0]
                  20009050    00000008     (.cinit..bss.load) [load image, compression = zero_init]
                  20009058    00000010     (__TI_cinit_table)

.sysmem    0    20017000    00000800     UNINITIALIZED
                  20017000    00000010     rtsv7M4_T_le_eabi.lib : memory.c.obj (.sysmem)
                  20017010    000007f0     --HOLE--

.data      0    20017800    0000002c     UNINITIALIZED
                  20017800    00000015     Adafruit_GFX.obj (.data)
                  20017815    00000003     --HOLE--
                  20017818    00000008     rtsv7M4_T_le_eabi.lib : _lock.c.obj (.data:$O1$$)
                  20017820    00000008                           : memory.c.obj (.data:$O1$$)
                  20017828    00000004                           : errno.c.obj (.data)

.bss       0    2001782c    00000004     UNINITIALIZED
                  2001782c    00000004     uart_if.obj (.bss)

.stack     0    2002f800    00000800     UNINITIALIZED
                  2002f800    00000004     rtsv7M4_T_le_eabi.lib : boot_cortex_m.c.obj (.stack)
                  2002f804    000007fc     --HOLE--

__llvm_prf_cnts 
*          0    20017000    00000000     UNINITIALIZED

MODULE SUMMARY

       Module                       code    ro data   rw data
       ------                       ----    -------   -------
    ./
       startup_ccs.obj              14      1024      0      
       i2c_if.obj                   672     0         0      
       uart_if.obj                  636     0         4      
       main.obj                     400     0         0      
       pin_mux_config.obj           296     0         0      
    +--+----------------------------+-------+---------+---------+
       Total:                       2018    1024      4      
                                                             
    ./oled/
       Adafruit_GFX.obj             2688    1275      21     
       Adafruit_OLED.obj            1170    0         0      
    +--+----------------------------+-------+---------+---------+
       Total:                       3858    1275      21     
                                                             
    /Applications/ti/ccs/tools/compiler/ti-cgt-arm_20.2.7.LTS/lib/rtsv7M4_T_le_eabi.lib
       _printfi.c.obj               4835    0         0      
       memory.c.obj                 900     0         8      
       fd_add_t2.asm.obj            438     0         0      
       fd_div_t2.asm.obj            310     0         0      
       fd_cmp_t2.asm.obj            268     0         0      
       ctype.c.obj                  0       257       0      
       fd_mul_t2.asm.obj            252     0         0      
       s_scalbn.c.obj               208     0         0      
       memcpy_t2.asm.obj            156     0         0      
       ull_div_t2.asm.obj           150     0         0      
       vsnprintf.c.obj              136     0         0      
       memset_t2.asm.obj            122     0         0      
       copy_decompress_lzss.c.obj   104     0         0      
       s_frexp.c.obj                92      0         0      
       _ltoa.c.obj                  84      0         0      
       atoi.c.obj                   76      0         0      
       fd_toi_t2.asm.obj            72      0         0      
       autoinit.c.obj               68      0         0      
       i_tofd_t2.asm.obj            46      0         0      
       memmov.c.obj                 40      0         0      
       boot_cortex_m.c.obj          36      0         0      
       copy_zero_init.c.obj         28      0         0      
       memccpy.c.obj                28      0         0      
       strchr.c.obj                 22      0         0      
       strlen.c.obj                 20      0         0      
       wcslen.c.obj                 18      0         0      
       copy_decompress_none.c.obj   14      0         0      
       errno.c.obj                  8       0         4      
       s_copysign.c.obj             12      0         0      
       _lock.c.obj                  2       0         8      
       exit.c.obj                   4       0         0      
       pre_init.c.obj               4       0         0      
       div0.asm.obj                 2       0         0      
    +--+----------------------------+-------+---------+---------+
       Total:                       8555    257       20     
                                                             
    /Applications/ti/lib/cc3200sdk_1.5.0/cc3200-sdk/driverlib/ccs/Release/driverlib.a
       prcm.obj                     800     168       0      
       spi.obj                      952     0         0      
       pin.obj                      328     256       0      
       i2c.obj                      380     0         0      
       uart.obj                     284     0         0      
       interrupt.obj                198     24        0      
       gpio.obj                     86      0         0      
       cpu.obj                      20      0         0      
       utils.obj                    6       0         0      
    +--+----------------------------+-------+---------+---------+
       Total:                       3054    448       0      
                                                             
       Heap:                        0       0         2048   
       Stack:                       0       0         2048   
       Linker Generated:            0       68        0      
    +--+----------------------------+-------+---------+---------+
       Grand Total:                 17485   3072      4141   


LINKER GENERATED COPY TABLES

__TI_cinit_table @ 20009058 records: 2, size/record: 8, table size: 16
	.data: load addr=20009020, load size=00000020 bytes, run addr=20017800, run size=0000002c bytes, compression=lzss
	.bss: load addr=20009050, load size=00000008 bytes, run addr=2001782c, run size=00000004 bytes, compression=zero_init


LINKER GENERATED HANDLER TABLE

__TI_handler_table @ 20009040 records: 3, size/record: 4, table size: 12
	index: 0, handler: __TI_decompress_lzss
	index: 1, handler: __TI_decompress_none
	index: 2, handler: __TI_zero_init


GLOBAL SYMBOLS: SORTED ALPHABETICALLY BY Name 

address   name                          
-------   ----                          
20005949  Adafruit_Init                 
2000885f  C$$EXIT                       
20008791  CPUcpsie                      
20006045  ClearTerm                     
20005ac3  Color565                      
2000604f  Error                         
2000833d  GPIODirModeSet                
20008591  GPIOPinWrite                  
20006087  GetCmd                        
200087cd  I2CMasterControl              
20008803  I2CMasterDataGet              
2000870d  I2CMasterDataPut              
20008723  I2CMasterEnable               
20008433  I2CMasterErr                  
20007cfd  I2CMasterInitExpClk           
20008739  I2CMasterIntClear             
200086ad  I2CMasterIntEnableEx          
200085b1  I2CMasterIntStatusEx          
2000854d  I2CMasterSlaveAddrSet         
200087df  I2CMasterTimeoutSet           
20005fef  I2C_IF_Close                  
20005f93  I2C_IF_Open                   
20005e91  I2C_IF_Read                   
20005f4d  I2C_IF_ReadFrom               
20005de1  I2C_IF_Write                  
20006005  InitTerm                      
200077d1  IntEnable                     
20008839  IntMasterEnable               
200087a5  IntVTableBaseSet              
2000686d  MasterMain                    
20006023  Message                       
20004dab  Outstr                        
200069fd  PRCMCC3200MCUInit             
2000874f  PRCMHIBRegRead                
20008765  PRCMHIBRegWrite               
2000848d  PRCMPeripheralClkDisable      
20008301  PRCMPeripheralClkEnable       
20007a4d  PRCMPeripheralClockGet        
20008015  PRCMPeripheralReset           
20008461  PRCMSysResetCauseGet          
20007ae1  PinConfigSet                  
20008241  PinModeSet                    
20006de9  PinMuxConfig                  
20008373  PinTypeGPIO                   
200085ed  PinTypeI2C                    
20008679  PinTypeSPI                    
20008693  PinTypeUART                   
200061c5  Report                        
2000881f  ResetISR                      
20007879  SPIConfigSetExpClk            
200086c5  SPIEnable                     
2000856f  SPIReset                      
20007b69  SPITransfer                   
2000612d  TrimSpace                     
20008609  UARTCharGetNonBlocking        
200085cf  UARTCharPut                   
200086dd  UARTCharsAvail                
20007dfb  UARTConfigSetExpClk           
200083a5  UARTDisable                   
20008505  UARTEnable                    
20008855  UtilsDelay                    
20030000  __STACK_END                   
00000800  __STACK_SIZE                  
00000800  __SYSMEM_SIZE                 
20009058  __TI_CINIT_Base               
20009068  __TI_CINIT_Limit              
20009040  __TI_Handler_Table_Base       
2000904c  __TI_Handler_Table_Limit      
200081fd  __TI_auto_init_nobinit_nopinit
20007f4f  __TI_decompress_lzss          
20008811  __TI_decompress_none          
200080c3  __TI_ltoa                     
ffffffff  __TI_pprof_out_hndl           
20004e81  __TI_printfi                  
ffffffff  __TI_prof_data_size           
ffffffff  __TI_prof_data_start          
20009020  __TI_static_base__            
20008625  __TI_zero_init_nomemset       
20007bf1  __aeabi_cdcmpeq               
20007bf1  __aeabi_cdcmple               
20007c77  __aeabi_cdrcmple              
200081b5  __aeabi_d2iz                  
200066bf  __aeabi_dadd                  
20006cb1  __aeabi_ddiv                  
20007131  __aeabi_dmul                  
200066b5  __aeabi_dsub                  
20008845  __aeabi_errno_addr            
20008405  __aeabi_i2d                   
20005d63  __aeabi_idiv0                 
20005d63  __aeabi_ldiv0                 
20007d81  __aeabi_memclr                
20007d81  __aeabi_memclr4               
20007d81  __aeabi_memclr8               
20007919  __aeabi_memcpy                
20007919  __aeabi_memcpy4               
20007919  __aeabi_memcpy8               
20007d83  __aeabi_memset                
20007d83  __aeabi_memset4               
20007d83  __aeabi_memset8               
200079b5  __aeabi_uldivmod              
ffffffff  __binit__                     
ffffffff  __c_args__                    
UNDEFED   __mpu_init                    
2002f800  __stack                       
20017000  __start___llvm_prf_cnts       
20017000  __stop___llvm_prf_cnts        
20008529  _c_int00_noargs               
20008d5f  _ctypes_                      
20017818  _lock                         
200058cf  _nop                          
20017000  _sys_memory                   
UNDEFED   _system_post_cinit            
2000885b  _system_pre_init              
2001781c  _unlock                       
2000885f  abort                         
20007031  aligned_alloc                 
20008169  atoi                          
ffffffff  binit                         
2000882d  copysign                      
2000882d  copysignl                     
20017800  cursor_x                      
20017804  cursor_y                      
20004c5f  drawChar                      
20004401  drawCircle                    
20004535  drawCircleHelper              
20005c6d  drawFastHLine                 
20005bd1  drawFastVLine                 
2000477b  drawLine                      
20005d09  drawPixel                     
20004867  drawRect                      
200048b5  drawRoundRect                 
20004a1d  drawTriangle                  
20017828  errno                         
20004653  fillCircle                    
2000468d  fillCircleHelper              
20005b1b  fillRect                      
200049a3  fillRoundRect                 
20005b05  fillScreen                    
20004a5f  fillTriangle                  
2000722d  free                          
20007fb9  frexp                         
20007fb9  frexpl                        
20004000  g_pfnVectors                  
20005a7f  goTo                          
20004e5f  height                        
20005d47  invert                        
200074c5  ldexp                         
200074c5  ldexpl                        
200069b5  main                          
2000884d  malloc                        
20007031  memalign                      
2000865d  memccpy                       
20007919  memcpy                        
200084dd  memmove                       
20007d89  memset                        
20007311  realloc                       
200074c5  scalbn                        
200074c5  scalbnl                       
20004df7  setCursor                     
20004e2f  setTextColor                  
20004e0f  setTextSize                   
20004e47  setTextWrap                   
2000877b  strchr                        
200087b9  strlen                        
20017810  textbgcolor                   
2001780c  textcolor                     
20017808  textsize                      
20008281  vsnprintf                     
200087f1  wcslen                        
20004e5b  width                         
20017814  wrap                          
200058d1  writeCommand                  
2000590d  writeData                     


GLOBAL SYMBOLS: SORTED BY Symbol Address 

address   name                          
-------   ----                          
00000800  __STACK_SIZE                  
00000800  __SYSMEM_SIZE                 
20004000  g_pfnVectors                  
20004401  drawCircle                    
20004535  drawCircleHelper              
20004653  fillCircle                    
2000468d  fillCircleHelper              
2000477b  drawLine                      
20004867  drawRect                      
200048b5  drawRoundRect                 
200049a3  fillRoundRect                 
20004a1d  drawTriangle                  
20004a5f  fillTriangle                  
20004c5f  drawChar                      
20004dab  Outstr                        
20004df7  setCursor                     
20004e0f  setTextSize                   
20004e2f  setTextColor                  
20004e47  setTextWrap                   
20004e5b  width                         
20004e5f  height                        
20004e81  __TI_printfi                  
200058cf  _nop                          
200058d1  writeCommand                  
2000590d  writeData                     
20005949  Adafruit_Init                 
20005a7f  goTo                          
20005ac3  Color565                      
20005b05  fillScreen                    
20005b1b  fillRect                      
20005bd1  drawFastVLine                 
20005c6d  drawFastHLine                 
20005d09  drawPixel                     
20005d47  invert                        
20005d63  __aeabi_idiv0                 
20005d63  __aeabi_ldiv0                 
20005de1  I2C_IF_Write                  
20005e91  I2C_IF_Read                   
20005f4d  I2C_IF_ReadFrom               
20005f93  I2C_IF_Open                   
20005fef  I2C_IF_Close                  
20006005  InitTerm                      
20006023  Message                       
20006045  ClearTerm                     
2000604f  Error                         
20006087  GetCmd                        
2000612d  TrimSpace                     
200061c5  Report                        
200066b5  __aeabi_dsub                  
200066bf  __aeabi_dadd                  
2000686d  MasterMain                    
200069b5  main                          
200069fd  PRCMCC3200MCUInit             
20006cb1  __aeabi_ddiv                  
20006de9  PinMuxConfig                  
20007031  aligned_alloc                 
20007031  memalign                      
20007131  __aeabi_dmul                  
2000722d  free                          
20007311  realloc                       
200074c5  ldexp                         
200074c5  ldexpl                        
200074c5  scalbn                        
200074c5  scalbnl                       
200077d1  IntEnable                     
20007879  SPIConfigSetExpClk            
20007919  __aeabi_memcpy                
20007919  __aeabi_memcpy4               
20007919  __aeabi_memcpy8               
20007919  memcpy                        
200079b5  __aeabi_uldivmod              
20007a4d  PRCMPeripheralClockGet        
20007ae1  PinConfigSet                  
20007b69  SPITransfer                   
20007bf1  __aeabi_cdcmpeq               
20007bf1  __aeabi_cdcmple               
20007c77  __aeabi_cdrcmple              
20007cfd  I2CMasterInitExpClk           
20007d81  __aeabi_memclr                
20007d81  __aeabi_memclr4               
20007d81  __aeabi_memclr8               
20007d83  __aeabi_memset                
20007d83  __aeabi_memset4               
20007d83  __aeabi_memset8               
20007d89  memset                        
20007dfb  UARTConfigSetExpClk           
20007f4f  __TI_decompress_lzss          
20007fb9  frexp                         
20007fb9  frexpl                        
20008015  PRCMPeripheralReset           
200080c3  __TI_ltoa                     
20008169  atoi                          
200081b5  __aeabi_d2iz                  
200081fd  __TI_auto_init_nobinit_nopinit
20008241  PinModeSet                    
20008281  vsnprintf                     
20008301  PRCMPeripheralClkEnable       
2000833d  GPIODirModeSet                
20008373  PinTypeGPIO                   
200083a5  UARTDisable                   
20008405  __aeabi_i2d                   
20008433  I2CMasterErr                  
20008461  PRCMSysResetCauseGet          
2000848d  PRCMPeripheralClkDisable      
200084dd  memmove                       
20008505  UARTEnable                    
20008529  _c_int00_noargs               
2000854d  I2CMasterSlaveAddrSet         
2000856f  SPIReset                      
20008591  GPIOPinWrite                  
200085b1  I2CMasterIntStatusEx          
200085cf  UARTCharPut                   
200085ed  PinTypeI2C                    
20008609  UARTCharGetNonBlocking        
20008625  __TI_zero_init_nomemset       
2000865d  memccpy                       
20008679  PinTypeSPI                    
20008693  PinTypeUART                   
200086ad  I2CMasterIntEnableEx          
200086c5  SPIEnable                     
200086dd  UARTCharsAvail                
2000870d  I2CMasterDataPut              
20008723  I2CMasterEnable               
20008739  I2CMasterIntClear             
2000874f  PRCMHIBRegRead                
20008765  PRCMHIBRegWrite               
2000877b  strchr                        
20008791  CPUcpsie                      
200087a5  IntVTableBaseSet              
200087b9  strlen                        
200087cd  I2CMasterControl              
200087df  I2CMasterTimeoutSet           
200087f1  wcslen                        
20008803  I2CMasterDataGet              
20008811  __TI_decompress_none          
2000881f  ResetISR                      
2000882d  copysign                      
2000882d  copysignl                     
20008839  IntMasterEnable               
20008845  __aeabi_errno_addr            
2000884d  malloc                        
20008855  UtilsDelay                    
2000885b  _system_pre_init              
2000885f  C$$EXIT                       
2000885f  abort                         
20008d5f  _ctypes_                      
20009020  __TI_static_base__            
20009040  __TI_Handler_Table_Base       
2000904c  __TI_Handler_Table_Limit      
20009058  __TI_CINIT_Base               
20009068  __TI_CINIT_Limit              
20017000  __start___llvm_prf_cnts       
20017000  __stop___llvm_prf_cnts        
20017000  _sys_memory                   
20017800  cursor_x                      
20017804  cursor_y                      
20017808  textsize                      
2001780c  textcolor                     
20017810  textbgcolor                   
20017814  wrap                          
20017818  _lock                         
2001781c  _unlock                       
20017828  errno                         
2002f800  __stack                       
20030000  __STACK_END                   
ffffffff  __TI_pprof_out_hndl           
ffffffff  __TI_prof_data_size           
ffffffff  __TI_prof_data_start          
ffffffff  __binit__                     
ffffffff  __c_args__                    
ffffffff  binit                         
UNDEFED   __mpu_init                    
UNDEFED   _system_post_cinit            

[173 symbols]
