******************************************************************************
                  TI ARM Linker Unix v20.2.7                   
******************************************************************************
>> Linked Tue May  7 18:20:37 2024

OUTPUT FILE NAME:   <lab3-UART.out>
ENTRY POINT SYMBOL: "_c_int00_noargs"  address: 20007729


MEMORY CONFIGURATION

         name            origin    length      used     unused   attr    fill
----------------------  --------  ---------  --------  --------  ----  --------
  SRAM_CODE             20004000   00019000  00003eb2  0001514e  RW X
  SRAM_DATA             2001d000   00023000  00001133  00021ecd  RW X


SEGMENT ALLOCATION MAP

run origin  load origin   length   init length attrs members
----------  ----------- ---------- ----------- ----- -------
20004000    20004000    00003eb8   00003eb8    r-x
  20004000    20004000    00000400   00000400    r-- .intvecs
  20004400    20004400    000036ae   000036ae    r-x .text
  20007ab0    20007ab0    000003bc   000003bc    r-- .const
  20007e70    20007e70    00000048   00000048    r-- .cinit
2001d000    2001d000    00000938   00000000    rw-
  2001d000    2001d000    00000800   00000000    rw- .sysmem
  2001d800    2001d800    000000db   00000000    rw- .bss
  2001d8e0    2001d8e0    00000058   00000000    rw- .data
2003f800    2003f800    00000800   00000000    rw-
  2003f800    2003f800    00000800   00000000    rw- .stack


SECTION ALLOCATION MAP

 output                                  attributes/
section   page    origin      length       input sections
--------  ----  ----------  ----------   ----------------
.intvecs   0    20004000    00000400     
                  20004000    00000400     startup_ccs.obj (.intvecs)

.init_array 
*          0    20004000    00000000     UNINITIALIZED

.text      0    20004400    000036ae     
                  20004400    00000a4e     rtsv7M4_T_le_eabi.lib : _printfi.c.obj (.text:__TI_printfi)
                  20004e4e    00000002                           : _lock.c.obj (.text:_nop)
                  20004e50    00000464     main.obj (.text)
                  200052b4    00000398     gpio_if.obj (.text)
                  2000564c    0000027c     uart_if.obj (.text)
                  200058c8    00000268     rtsv7M4_T_le_eabi.lib : _printfi.c.obj (.text:_pconv_a)
                  20005b30    000001cc                           : _printfi.c.obj (.text:_pconv_g)
                  20005cfc    000001b6                           : fd_add_t2.asm.obj (.text)
                  20005eb2    00000002                           : div0.asm.obj (.text)
                  20005eb4    00000178     driverlib.a : prcm.obj (.text:PRCMCC3200MCUInit)
                  2000602c    0000013c     rtsv7M4_T_le_eabi.lib : _printfi.c.obj (.text:_pconv_e)
                  20006168    00000138     pin_mux_config.obj (.text)
                  200062a0    00000136     rtsv7M4_T_le_eabi.lib : fd_div_t2.asm.obj (.text)
                  200063d6    00000002     --HOLE-- [fill = 0]
                  200063d8    00000120                           : _printfi.c.obj (.text:fcvt)
                  200064f8    00000100                           : memory.c.obj (.text:aligned_alloc)
                  200065f8    000000fc                           : fd_mul_t2.asm.obj (.text)
                  200066f4    000000e4                           : memory.c.obj (.text:free)
                  200067d8    000000e4                           : memory.c.obj (.text:realloc)
                  200068bc    000000d0                           : s_scalbn.c.obj (.text:scalbn)
                  2000698c    000000b1                           : _printfi.c.obj (.text:_ltostr)
                  20006a3d    00000003     --HOLE-- [fill = 0]
                  20006a40    000000a8     driverlib.a : interrupt.obj (.text:IntEnable)
                  20006ae8    0000009c     rtsv7M4_T_le_eabi.lib : memcpy_t2.asm.obj (.text)
                  20006b84    00000096                           : ull_div_t2.asm.obj (.text)
                  20006c1a    00000002     --HOLE-- [fill = 0]
                  20006c1c    00000094     driverlib.a : prcm.obj (.text:PRCMPeripheralClockGet)
                  20006cb0    00000088                 : pin.obj (.text:PinConfigSet)
                  20006d38    00000086     rtsv7M4_T_le_eabi.lib : fd_cmp_t2.asm.obj (.text:__aeabi_cdcmple)
                  20006dbe    00000086                           : fd_cmp_t2.asm.obj (.text:__aeabi_cdrcmple)
                  20006e44    00000082     driverlib.a : gpio.obj (.text:GPIOIntTypeSet)
                  20006ec6    0000007a     rtsv7M4_T_le_eabi.lib : memset_t2.asm.obj (.text)
                  20006f40    00000076     driverlib.a : uart.obj (.text:UARTConfigSetExpClk)
                  20006fb6    00000002     --HOLE-- [fill = 0]
                  20006fb8    00000070     rtsv7M4_T_le_eabi.lib : memory.c.obj (.text:split)
                  20007028    0000006e                           : _printfi.c.obj (.text:_mcpy)
                  20007096    00000068                           : copy_decompress_lzss.c.obj (.text:decompress:lzss:__TI_decompress_lzss)
                  200070fe    00000002     --HOLE-- [fill = 0]
                  20007100    0000005c                           : s_frexp.c.obj (.text:frexp)
                  2000715c    00000058     driverlib.a : prcm.obj (.text:PRCMPeripheralReset)
                  200071b4    00000056     rtsv7M4_T_le_eabi.lib : _printfi.c.obj (.text:_pconv_f)
                  2000720a    00000002     --HOLE-- [fill = 0]
                  2000720c    00000054     driverlib.a : interrupt.obj (.text:IntPrioritySet)
                  20007260    00000054     rtsv7M4_T_le_eabi.lib : _ltoa.c.obj (.text:__TI_ltoa)
                  200072b4    00000052                           : _printfi.c.obj (.text:_ecpy)
                  20007306    00000002     --HOLE-- [fill = 0]
                  20007308    0000004c                           : atoi.c.obj (.text:atoi)
                  20007354    00000048     driverlib.a : gpio.obj (.text:GPIOGetIntNumber)
                  2000739c    00000048     rtsv7M4_T_le_eabi.lib : fd_toi_t2.asm.obj (.text)
                  200073e4    00000044     driverlib.a : uart.obj (.text:UARTIntNumberGet)
                  20007428    00000044     rtsv7M4_T_le_eabi.lib : autoinit.c.obj (.text:__TI_auto_init_nobinit_nopinit:__TI_auto_init_nobinit_nopinit)
                  2000746c    00000040     driverlib.a : pin.obj (.text:PinModeSet)
                  200074ac    00000040     rtsv7M4_T_le_eabi.lib : vsnprintf.c.obj (.text:vsnprintf)
                  200074ec    0000003e                           : _printfi.c.obj (.text:_fcpy)
                  2000752a    00000002     --HOLE-- [fill = 0]
                  2000752c    0000003c     driverlib.a : prcm.obj (.text:PRCMPeripheralClkEnable)
                  20007568    00000036                 : gpio.obj (.text:GPIODirModeSet)
                  2000759e    00000030                 : pin.obj (.text:PinTypeGPIO)
                  200075ce    00000002     --HOLE-- [fill = 0]
                  200075d0    00000030                 : uart.obj (.text:UARTDisable)
                  20007600    00000030     rtsv7M4_T_le_eabi.lib : vsnprintf.c.obj (.text:_outs)
                  20007630    0000002e                           : i_tofd_t2.asm.obj (.text)
                  2000765e    00000002     --HOLE-- [fill = 0]
                  20007660    0000002c     driverlib.a : prcm.obj (.text:PRCMSysResetCauseGet)
                  2000768c    00000028                 : prcm.obj (.text:PRCMPeripheralClkDisable)
                  200076b4    00000028     rtsv7M4_T_le_eabi.lib : memory.c.obj (.text:free_list_insert)
                  200076dc    00000028                           : memmov.c.obj (.text:memmove)
                  20007704    00000024     driverlib.a : uart.obj (.text:UARTEnable)
                  20007728    00000024     rtsv7M4_T_le_eabi.lib : boot_cortex_m.c.obj (.text:_c_int00_noargs:_c_int00_noargs)
                  2000774c    00000022     driverlib.a : gpio.obj (.text:GPIOIntStatus)
                  2000776e    00000020                 : gpio.obj (.text:GPIOPinWrite)
                  2000778e    00000002     --HOLE-- [fill = 0]
                  20007790    00000020                 : interrupt.obj (.text:IntRegister)
                  200077b0    0000001e                 : gpio.obj (.text:GPIOIntRegister)
                  200077ce    0000001e                 : uart.obj (.text:UARTCharPut)
                  200077ec    0000001e                 : uart.obj (.text:UARTIntRegister)
                  2000780a    0000001e                 : uart.obj (.text:UARTIntStatus)
                  20007828    0000001c                 : systick.obj (.text:SysTickIntRegister)
                  20007844    0000001c                 : uart.obj (.text:UARTCharGetNonBlocking)
                  20007860    0000001c     rtsv7M4_T_le_eabi.lib : copy_zero_init.c.obj (.text:decompress:ZI:__TI_zero_init_nomemset:__TI_zero_init_nomemset)
                  2000787c    0000001c                           : memory.c.obj (.text:free_list_remove)
                  20007898    0000001c                           : memccpy.c.obj (.text:memccpy)
                  200078b4    0000001a     driverlib.a : gpio.obj (.text:GPIOIntEnable)
                  200078ce    0000001a                 : pin.obj (.text:PinTypeUART)
                  200078e8    00000018                 : gpio.obj (.text:GPIOPinRead)
                  20007900    00000018                 : systick.obj (.text:SysTickPeriodSet)
                  20007918    00000018                 : uart.obj (.text:UARTCharsAvail)
                  20007930    00000018                 : uart.obj (.text:UARTIntEnable)
                  20007948    00000018     rtsv7M4_T_le_eabi.lib : vsnprintf.c.obj (.text:_outc)
                  20007960    00000018                           : ll_mul_t2.asm.obj (.text)
                  20007978    00000016     driverlib.a : prcm.obj (.text:PRCMHIBRegRead)
                  2000798e    00000016                 : prcm.obj (.text:PRCMHIBRegWrite)
                  200079a4    00000016     rtsv7M4_T_le_eabi.lib : strchr.c.obj (.text:strchr)
                  200079ba    00000014     driverlib.a : cpu.obj (.text:CPUcpsie)
                  200079ce    00000014                 : gpio.obj (.text:GPIOIntClear)
                  200079e2    00000002     --HOLE-- [fill = 0]
                  200079e4    00000014                 : interrupt.obj (.text:IntVTableBaseSet)
                  200079f8    00000014     rtsv7M4_T_le_eabi.lib : strlen.c.obj (.text:strlen)
                  20007a0c    00000012     driverlib.a : uart.obj (.text:UARTIntClear)
                  20007a1e    00000012     rtsv7M4_T_le_eabi.lib : wcslen.c.obj (.text:wcslen)
                  20007a30    00000010     driverlib.a : systick.obj (.text:SysTickEnable)
                  20007a40    00000010                 : systick.obj (.text:SysTickIntEnable)
                  20007a50    0000000e     rtsv7M4_T_le_eabi.lib : copy_decompress_none.c.obj (.text:decompress:none:__TI_decompress_none)
                  20007a5e    0000000e     startup_ccs.obj (.text)
                  20007a6c    0000000c     driverlib.a : systick.obj (.text:SysTickValueGet)
                  20007a78    0000000c     rtsv7M4_T_le_eabi.lib : s_copysign.c.obj (.text:copysign)
                  20007a84    0000000a     driverlib.a : interrupt.obj (.text:IntMasterEnable)
                  20007a8e    00000002     --HOLE-- [fill = 0]
                  20007a90    00000008     rtsv7M4_T_le_eabi.lib : errno.c.obj (.text:__aeabi_errno_addr)
                  20007a98    00000008                           : memory.c.obj (.text:malloc)
                  20007aa0    00000006     driverlib.a : utils.obj (.text:UtilsDelay)
                  20007aa6    00000004     rtsv7M4_T_le_eabi.lib : pre_init.c.obj (.text:_system_pre_init)
                  20007aaa    00000004                           : exit.c.obj (.text:abort:abort)

.const     0    20007ab0    000003bc     
                  20007ab0    00000101     rtsv7M4_T_le_eabi.lib : ctype.c.obj (.const:.string:_ctypes_)
                  20007bb1    00000003     --HOLE-- [fill = 0]
                  20007bb4    00000100     driverlib.a : pin.obj (.const:g_ulPinToPadMap)
                  20007cb4    000000d4                 : interrupt.obj (.const:g_pulRegs)
                  20007d88    000000a8                 : prcm.obj (.const:PRCM_PeriphRegsList)
                  20007e30    00000018                 : interrupt.obj (.const:g_pulEnRegs)
                  20007e48    00000013     main.obj (.const:.string:$P$T0$1)
                  20007e5b    00000001     --HOLE-- [fill = 0]
                  20007e5c    00000010     driverlib.a : uart.obj (.const:g_ppulUARTIntMap)

.cinit     0    20007e70    00000048     
                  20007e70    00000022     (.cinit..data.load) [load image, compression = lzss]
                  20007e92    00000002     --HOLE-- [fill = 0]
                  20007e94    0000000c     (__TI_handler_table)
                  20007ea0    00000008     (.cinit..bss.load) [load image, compression = zero_init]
                  20007ea8    00000010     (__TI_cinit_table)

.sysmem    0    2001d000    00000800     UNINITIALIZED
                  2001d000    00000010     rtsv7M4_T_le_eabi.lib : memory.c.obj (.sysmem)
                  2001d010    000007f0     --HOLE--

.bss       0    2001d800    000000db     UNINITIALIZED
                  2001d800    000000a0     (.common:delta_buffer)
                  2001d8a0    00000034     (.common:uart_buffer)
                  2001d8d4    00000004     uart_if.obj (.bss)
                  2001d8d8    00000001     (.common:g_ucLED1Pin)
                  2001d8d9    00000001     (.common:g_ucLED2Pin)
                  2001d8da    00000001     (.common:g_ucLED3Pin)

.data      0    2001d8e0    00000058     UNINITIALIZED
                  2001d8e0    00000024     main.obj (.data)
                  2001d904    00000014     gpio_if.obj (.data:ulReg)
                  2001d918    0000000c     gpio_if.obj (.data)
                  2001d924    00000008     rtsv7M4_T_le_eabi.lib : _lock.c.obj (.data:$O1$$)
                  2001d92c    00000008                           : memory.c.obj (.data:$O1$$)
                  2001d934    00000004                           : errno.c.obj (.data)

.stack     0    2003f800    00000800     UNINITIALIZED
                  2003f800    00000004     rtsv7M4_T_le_eabi.lib : boot_cortex_m.c.obj (.stack)
                  2003f804    000007fc     --HOLE--

__llvm_prf_cnts 
*          0    2001d000    00000000     UNINITIALIZED

MODULE SUMMARY

       Module                       code    ro data   rw data
       ------                       ----    -------   -------
    ./
       main.obj                     1124    19        248    
       startup_ccs.obj              14      1024      0      
       gpio_if.obj                  920     0         35     
       uart_if.obj                  636     0         4      
       pin_mux_config.obj           312     0         0      
    +--+----------------------------+-------+---------+---------+
       Total:                       3006    1043      287    
                                                             
    /Applications/ti/ccs/tools/compiler/ti-cgt-arm_20.2.7.LTS/lib/rtsv7M4_T_le_eabi.lib
       _printfi.c.obj               4835    0         0      
       memory.c.obj                 900     0         8      
       fd_add_t2.asm.obj            438     0         0      
       fd_div_t2.asm.obj            310     0         0      
       fd_cmp_t2.asm.obj            268     0         0      
       ctype.c.obj                  0       257       0      
       fd_mul_t2.asm.obj            252     0         0      
       s_scalbn.c.obj               208     0         0      
       memcpy_t2.asm.obj            156     0         0      
       ull_div_t2.asm.obj           150     0         0      
       vsnprintf.c.obj              136     0         0      
       memset_t2.asm.obj            122     0         0      
       copy_decompress_lzss.c.obj   104     0         0      
       s_frexp.c.obj                92      0         0      
       _ltoa.c.obj                  84      0         0      
       atoi.c.obj                   76      0         0      
       fd_toi_t2.asm.obj            72      0         0      
       autoinit.c.obj               68      0         0      
       i_tofd_t2.asm.obj            46      0         0      
       memmov.c.obj                 40      0         0      
       boot_cortex_m.c.obj          36      0         0      
       copy_zero_init.c.obj         28      0         0      
       memccpy.c.obj                28      0         0      
       ll_mul_t2.asm.obj            24      0         0      
       strchr.c.obj                 22      0         0      
       strlen.c.obj                 20      0         0      
       wcslen.c.obj                 18      0         0      
       copy_decompress_none.c.obj   14      0         0      
       errno.c.obj                  8       0         4      
       s_copysign.c.obj             12      0         0      
       _lock.c.obj                  2       0         8      
       exit.c.obj                   4       0         0      
       pre_init.c.obj               4       0         0      
       div0.asm.obj                 2       0         0      
    +--+----------------------------+-------+---------+---------+
       Total:                       8579    257       20     
                                                             
    /Applications/ti/lib/cc3200sdk_1.5.0/cc3200-sdk/driverlib/ccs/Release/driverlib.a
       prcm.obj                     800     168       0      
       interrupt.obj                314     236       0      
       pin.obj                      274     256       0      
       uart.obj                     454     16        0      
       gpio.obj                     422     0         0      
       systick.obj                  96      0         0      
       cpu.obj                      20      0         0      
       utils.obj                    6       0         0      
    +--+----------------------------+-------+---------+---------+
       Total:                       2386    676       0      
                                                             
       Heap:                        0       0         2048   
       Stack:                       0       0         2048   
       Linker Generated:            0       70        0      
    +--+----------------------------+-------+---------+---------+
       Grand Total:                 13971   2046      4403   


LINKER GENERATED COPY TABLES

__TI_cinit_table @ 20007ea8 records: 2, size/record: 8, table size: 16
	.data: load addr=20007e70, load size=00000022 bytes, run addr=2001d8e0, run size=00000058 bytes, compression=lzss
	.bss: load addr=20007ea0, load size=00000008 bytes, run addr=2001d800, run size=000000db bytes, compression=zero_init


LINKER GENERATED HANDLER TABLE

__TI_handler_table @ 20007e94 records: 3, size/record: 4, table size: 12
	index: 0, handler: __TI_decompress_lzss
	index: 1, handler: __TI_decompress_none
	index: 2, handler: __TI_zero_init


GLOBAL SYMBOLS: SORTED ALPHABETICALLY BY Name 

address   name                          
-------   ----                          
20007aab  C$$EXIT                       
200079bb  CPUcpsie                      
2000568d  ClearTerm                     
20005697  Error                         
20007569  GPIODirModeSet                
200079cf  GPIOIntClear                  
200078b5  GPIOIntEnable                 
200077b1  GPIOIntRegister               
2000774d  GPIOIntStatus                 
20006e45  GPIOIntTypeSet                
200078e9  GPIOPinRead                   
2000776f  GPIOPinWrite                  
20005575  GPIO_IF_ConfigureNIntEnable   
20005601  GPIO_IF_Get                   
2000552f  GPIO_IF_GetPortNPin           
200052f1  GPIO_IF_LedConfigure          
200053e3  GPIO_IF_LedOff                
2000532f  GPIO_IF_LedOn                 
20005497  GPIO_IF_LedStatus             
20005501  GPIO_IF_LedToggle             
200055bd  GPIO_IF_Set                   
200056cf  GetCmd                        
2000564d  InitTerm                      
20006a41  IntEnable                     
20007a85  IntMasterEnable               
2000720d  IntPrioritySet                
20007791  IntRegister                   
200079e5  IntVTableBaseSet              
2000566b  Message                       
20005eb5  PRCMCC3200MCUInit             
20007979  PRCMHIBRegRead                
2000798f  PRCMHIBRegWrite               
2000768d  PRCMPeripheralClkDisable      
2000752d  PRCMPeripheralClkEnable       
20006c1d  PRCMPeripheralClockGet        
2000715d  PRCMPeripheralReset           
20007661  PRCMSysResetCauseGet          
20006cb1  PinConfigSet                  
2000746d  PinModeSet                    
20006169  PinMuxConfig                  
2000759f  PinTypeGPIO                   
200078cf  PinTypeUART                   
2000580d  Report                        
20007a5f  ResetISR                      
20007a31  SysTickEnable                 
20007a41  SysTickIntEnable              
20007829  SysTickIntRegister            
20007901  SysTickPeriodSet              
20007a6d  SysTickValueGet               
20005775  TrimSpace                     
20007845  UARTCharGetNonBlocking        
200077cf  UARTCharPut                   
20007919  UARTCharsAvail                
20006f41  UARTConfigSetExpClk           
200075d1  UARTDisable                   
20007705  UARTEnable                    
20007a0d  UARTIntClear                  
20007931  UARTIntEnable                 
200077ed  UARTIntRegister               
2000780b  UARTIntStatus                 
20007aa1  UtilsDelay                    
20040000  __STACK_END                   
00000800  __STACK_SIZE                  
00000800  __SYSMEM_SIZE                 
20007ea8  __TI_CINIT_Base               
20007eb8  __TI_CINIT_Limit              
20007e94  __TI_Handler_Table_Base       
20007ea0  __TI_Handler_Table_Limit      
20007429  __TI_auto_init_nobinit_nopinit
20007097  __TI_decompress_lzss          
20007a51  __TI_decompress_none          
20007261  __TI_ltoa                     
ffffffff  __TI_pprof_out_hndl           
20004401  __TI_printfi                  
ffffffff  __TI_prof_data_size           
ffffffff  __TI_prof_data_start          
20007e70  __TI_static_base__            
20007861  __TI_zero_init_nomemset       
20006d39  __aeabi_cdcmpeq               
20006d39  __aeabi_cdcmple               
20006dbf  __aeabi_cdrcmple              
2000739d  __aeabi_d2iz                  
20005d07  __aeabi_dadd                  
200062a1  __aeabi_ddiv                  
200065f9  __aeabi_dmul                  
20005cfd  __aeabi_dsub                  
20007a91  __aeabi_errno_addr            
20007631  __aeabi_i2d                   
20005eb3  __aeabi_idiv0                 
20005eb3  __aeabi_ldiv0                 
20007961  __aeabi_lmul                  
20006ec7  __aeabi_memclr                
20006ec7  __aeabi_memclr4               
20006ec7  __aeabi_memclr8               
20006ae9  __aeabi_memcpy                
20006ae9  __aeabi_memcpy4               
20006ae9  __aeabi_memcpy8               
20006ec9  __aeabi_memset                
20006ec9  __aeabi_memset4               
20006ec9  __aeabi_memset8               
20006b85  __aeabi_uldivmod              
ffffffff  __binit__                     
ffffffff  __c_args__                    
UNDEFED   __mpu_init                    
2003f800  __stack                       
2001d000  __start___llvm_prf_cnts       
2001d000  __stop___llvm_prf_cnts        
20007729  _c_int00_noargs               
20007ab0  _ctypes_                      
2001d924  _lock                         
20004e4f  _nop                          
2001d000  _sys_memory                   
UNDEFED   _system_post_cinit            
20007aa7  _system_pre_init              
2001d928  _unlock                       
20007aab  abort                         
200064f9  aligned_alloc                 
20007309  atoi                          
ffffffff  binit                         
20007a79  copysign                      
20007a79  copysignl                     
2001d8f0  count                         
20004fe1  decoder                       
2001d800  delta_buffer                  
2001d934  errno                         
200066f5  free                          
20007101  frexp                         
20007101  frexpl                        
20004000  g_pfnVectors                  
2001d8d8  g_ucLED1Pin                   
2001d8d9  g_ucLED2Pin                   
2001d8da  g_ucLED3Pin                   
2001d918  g_uiLED1Port                  
2001d91c  g_uiLED2Port                  
2001d920  g_uiLED3Port                  
200068bd  ldexp                         
200068bd  ldexpl                        
200050cd  main                          
20007a99  malloc                        
200064f9  memalign                      
20007899  memccpy                       
20006ae9  memcpy                        
200076dd  memmove                       
20006ecf  memset                        
2001d8f8  readReady                     
200067d9  realloc                       
2001d8fc  receiveReady                  
200068bd  scalbn                        
200068bd  scalbnl                       
2001d8f4  start                         
200079a5  strchr                        
200079f9  strlen                        
2001d8e8  systick_cnt                   
2001d8ec  systick_expired               
2001d8a0  uart_buffer                   
2001d900  uart_buffer_ind               
2001d8e0  ulsystick_delta_us            
200074ad  vsnprintf                     
20007a1f  wcslen                        


GLOBAL SYMBOLS: SORTED BY Symbol Address 

address   name                          
-------   ----                          
00000800  __STACK_SIZE                  
00000800  __SYSMEM_SIZE                 
20004000  g_pfnVectors                  
20004401  __TI_printfi                  
20004e4f  _nop                          
20004fe1  decoder                       
200050cd  main                          
200052f1  GPIO_IF_LedConfigure          
2000532f  GPIO_IF_LedOn                 
200053e3  GPIO_IF_LedOff                
20005497  GPIO_IF_LedStatus             
20005501  GPIO_IF_LedToggle             
2000552f  GPIO_IF_GetPortNPin           
20005575  GPIO_IF_ConfigureNIntEnable   
200055bd  GPIO_IF_Set                   
20005601  GPIO_IF_Get                   
2000564d  InitTerm                      
2000566b  Message                       
2000568d  ClearTerm                     
20005697  Error                         
200056cf  GetCmd                        
20005775  TrimSpace                     
2000580d  Report                        
20005cfd  __aeabi_dsub                  
20005d07  __aeabi_dadd                  
20005eb3  __aeabi_idiv0                 
20005eb3  __aeabi_ldiv0                 
20005eb5  PRCMCC3200MCUInit             
20006169  PinMuxConfig                  
200062a1  __aeabi_ddiv                  
200064f9  aligned_alloc                 
200064f9  memalign                      
200065f9  __aeabi_dmul                  
200066f5  free                          
200067d9  realloc                       
200068bd  ldexp                         
200068bd  ldexpl                        
200068bd  scalbn                        
200068bd  scalbnl                       
20006a41  IntEnable                     
20006ae9  __aeabi_memcpy                
20006ae9  __aeabi_memcpy4               
20006ae9  __aeabi_memcpy8               
20006ae9  memcpy                        
20006b85  __aeabi_uldivmod              
20006c1d  PRCMPeripheralClockGet        
20006cb1  PinConfigSet                  
20006d39  __aeabi_cdcmpeq               
20006d39  __aeabi_cdcmple               
20006dbf  __aeabi_cdrcmple              
20006e45  GPIOIntTypeSet                
20006ec7  __aeabi_memclr                
20006ec7  __aeabi_memclr4               
20006ec7  __aeabi_memclr8               
20006ec9  __aeabi_memset                
20006ec9  __aeabi_memset4               
20006ec9  __aeabi_memset8               
20006ecf  memset                        
20006f41  UARTConfigSetExpClk           
20007097  __TI_decompress_lzss          
20007101  frexp                         
20007101  frexpl                        
2000715d  PRCMPeripheralReset           
2000720d  IntPrioritySet                
20007261  __TI_ltoa                     
20007309  atoi                          
2000739d  __aeabi_d2iz                  
20007429  __TI_auto_init_nobinit_nopinit
2000746d  PinModeSet                    
200074ad  vsnprintf                     
2000752d  PRCMPeripheralClkEnable       
20007569  GPIODirModeSet                
2000759f  PinTypeGPIO                   
200075d1  UARTDisable                   
20007631  __aeabi_i2d                   
20007661  PRCMSysResetCauseGet          
2000768d  PRCMPeripheralClkDisable      
200076dd  memmove                       
20007705  UARTEnable                    
20007729  _c_int00_noargs               
2000774d  GPIOIntStatus                 
2000776f  GPIOPinWrite                  
20007791  IntRegister                   
200077b1  GPIOIntRegister               
200077cf  UARTCharPut                   
200077ed  UARTIntRegister               
2000780b  UARTIntStatus                 
20007829  SysTickIntRegister            
20007845  UARTCharGetNonBlocking        
20007861  __TI_zero_init_nomemset       
20007899  memccpy                       
200078b5  GPIOIntEnable                 
200078cf  PinTypeUART                   
200078e9  GPIOPinRead                   
20007901  SysTickPeriodSet              
20007919  UARTCharsAvail                
20007931  UARTIntEnable                 
20007961  __aeabi_lmul                  
20007979  PRCMHIBRegRead                
2000798f  PRCMHIBRegWrite               
200079a5  strchr                        
200079bb  CPUcpsie                      
200079cf  GPIOIntClear                  
200079e5  IntVTableBaseSet              
200079f9  strlen                        
20007a0d  UARTIntClear                  
20007a1f  wcslen                        
20007a31  SysTickEnable                 
20007a41  SysTickIntEnable              
20007a51  __TI_decompress_none          
20007a5f  ResetISR                      
20007a6d  SysTickValueGet               
20007a79  copysign                      
20007a79  copysignl                     
20007a85  IntMasterEnable               
20007a91  __aeabi_errno_addr            
20007a99  malloc                        
20007aa1  UtilsDelay                    
20007aa7  _system_pre_init              
20007aab  C$$EXIT                       
20007aab  abort                         
20007ab0  _ctypes_                      
20007e70  __TI_static_base__            
20007e94  __TI_Handler_Table_Base       
20007ea0  __TI_Handler_Table_Limit      
20007ea8  __TI_CINIT_Base               
20007eb8  __TI_CINIT_Limit              
2001d000  __start___llvm_prf_cnts       
2001d000  __stop___llvm_prf_cnts        
2001d000  _sys_memory                   
2001d800  delta_buffer                  
2001d8a0  uart_buffer                   
2001d8d8  g_ucLED1Pin                   
2001d8d9  g_ucLED2Pin                   
2001d8da  g_ucLED3Pin                   
2001d8e0  ulsystick_delta_us            
2001d8e8  systick_cnt                   
2001d8ec  systick_expired               
2001d8f0  count                         
2001d8f4  start                         
2001d8f8  readReady                     
2001d8fc  receiveReady                  
2001d900  uart_buffer_ind               
2001d918  g_uiLED1Port                  
2001d91c  g_uiLED2Port                  
2001d920  g_uiLED3Port                  
2001d924  _lock                         
2001d928  _unlock                       
2001d934  errno                         
2003f800  __stack                       
20040000  __STACK_END                   
ffffffff  __TI_pprof_out_hndl           
ffffffff  __TI_prof_data_size           
ffffffff  __TI_prof_data_start          
ffffffff  __binit__                     
ffffffff  __c_args__                    
ffffffff  binit                         
UNDEFED   __mpu_init                    
UNDEFED   _system_post_cinit            

[159 symbols]
