******************************************************************************
                  TI ARM Linker Unix v20.2.7                   
******************************************************************************
>> Linked Tue May  7 22:12:59 2024

OUTPUT FILE NAME:   <lab3-UART.out>
ENTRY POINT SYMBOL: "_c_int00_noargs"  address: 200077b9


MEMORY CONFIGURATION

         name            origin    length      used     unused   attr    fill
----------------------  --------  ---------  --------  --------  ----  --------
  SRAM_CODE             20004000   00019000  00003f42  000150be  RW X
  SRAM_DATA             2001d000   00023000  00001133  00021ecd  RW X


SEGMENT ALLOCATION MAP

run origin  load origin   length   init length attrs members
----------  ----------- ---------- ----------- ----- -------
20004000    20004000    00003f48   00003f48    r-x
  20004000    20004000    00000400   00000400    r-- .intvecs
  20004400    20004400    00003752   00003752    r-x .text
  20007b54    20007b54    000003a8   000003a8    r-- .const
  20007f00    20007f00    00000048   00000048    r-- .cinit
2001d000    2001d000    00000938   00000000    rw-
  2001d000    2001d000    00000800   00000000    rw- .sysmem
  2001d800    2001d800    000000db   00000000    rw- .bss
  2001d8e0    2001d8e0    00000058   00000000    rw- .data
2003f800    2003f800    00000800   00000000    rw-
  2003f800    2003f800    00000800   00000000    rw- .stack


SECTION ALLOCATION MAP

 output                                  attributes/
section   page    origin      length       input sections
--------  ----  ----------  ----------   ----------------
.intvecs   0    20004000    00000400     
                  20004000    00000400     startup_ccs.obj (.intvecs)

.init_array 
*          0    20004000    00000000     UNINITIALIZED

.text      0    20004400    00003752     
                  20004400    00000a4e     rtsv7M4_T_le_eabi.lib : _printfi.c.obj (.text:__TI_printfi)
                  20004e4e    00000002                           : _lock.c.obj (.text:_nop)
                  20004e50    000004d0     main.obj (.text)
                  20005320    00000398     gpio_if.obj (.text)
                  200056b8    0000027c     uart_if.obj (.text)
                  20005934    00000268     rtsv7M4_T_le_eabi.lib : _printfi.c.obj (.text:_pconv_a)
                  20005b9c    000001cc                           : _printfi.c.obj (.text:_pconv_g)
                  20005d68    000001b6                           : fd_add_t2.asm.obj (.text)
                  20005f1e    00000002                           : div0.asm.obj (.text)
                  20005f20    00000178     driverlib.a : prcm.obj (.text:PRCMCC3200MCUInit)
                  20006098    0000013c     rtsv7M4_T_le_eabi.lib : _printfi.c.obj (.text:_pconv_e)
                  200061d4    00000138     pin_mux_config.obj (.text)
                  2000630c    00000136     rtsv7M4_T_le_eabi.lib : fd_div_t2.asm.obj (.text)
                  20006442    00000002     --HOLE-- [fill = 0]
                  20006444    00000120                           : _printfi.c.obj (.text:fcvt)
                  20006564    00000100                           : memory.c.obj (.text:aligned_alloc)
                  20006664    000000fc                           : fd_mul_t2.asm.obj (.text)
                  20006760    000000e4                           : memory.c.obj (.text:free)
                  20006844    000000e4                           : memory.c.obj (.text:realloc)
                  20006928    000000d0                           : s_scalbn.c.obj (.text:scalbn)
                  200069f8    000000b1                           : _printfi.c.obj (.text:_ltostr)
                  20006aa9    00000003     --HOLE-- [fill = 0]
                  20006aac    000000a8     driverlib.a : interrupt.obj (.text:IntEnable)
                  20006b54    0000009c     rtsv7M4_T_le_eabi.lib : memcpy_t2.asm.obj (.text)
                  20006bf0    00000096                           : ull_div_t2.asm.obj (.text)
                  20006c86    00000002     --HOLE-- [fill = 0]
                  20006c88    00000094     driverlib.a : prcm.obj (.text:PRCMPeripheralClockGet)
                  20006d1c    00000088                 : pin.obj (.text:PinConfigSet)
                  20006da4    00000086     rtsv7M4_T_le_eabi.lib : fd_cmp_t2.asm.obj (.text:__aeabi_cdcmple)
                  20006e2a    00000086                           : fd_cmp_t2.asm.obj (.text:__aeabi_cdrcmple)
                  20006eb0    00000082     driverlib.a : gpio.obj (.text:GPIOIntTypeSet)
                  20006f32    0000007a     rtsv7M4_T_le_eabi.lib : memset_t2.asm.obj (.text)
                  20006fac    00000076     driverlib.a : uart.obj (.text:UARTConfigSetExpClk)
                  20007022    00000002     --HOLE-- [fill = 0]
                  20007024    00000070     rtsv7M4_T_le_eabi.lib : memory.c.obj (.text:split)
                  20007094    0000006e                           : _printfi.c.obj (.text:_mcpy)
                  20007102    00000068                           : copy_decompress_lzss.c.obj (.text:decompress:lzss:__TI_decompress_lzss)
                  2000716a    00000002     --HOLE-- [fill = 0]
                  2000716c    0000005c                           : s_frexp.c.obj (.text:frexp)
                  200071c8    00000058     driverlib.a : prcm.obj (.text:PRCMPeripheralReset)
                  20007220    00000056     rtsv7M4_T_le_eabi.lib : _printfi.c.obj (.text:_pconv_f)
                  20007276    00000002     --HOLE-- [fill = 0]
                  20007278    00000054     driverlib.a : interrupt.obj (.text:IntPrioritySet)
                  200072cc    00000054     rtsv7M4_T_le_eabi.lib : _ltoa.c.obj (.text:__TI_ltoa)
                  20007320    00000052                           : _printfi.c.obj (.text:_ecpy)
                  20007372    00000002     --HOLE-- [fill = 0]
                  20007374    0000004c                           : atoi.c.obj (.text:atoi)
                  200073c0    00000048     driverlib.a : gpio.obj (.text:GPIOGetIntNumber)
                  20007408    00000048     rtsv7M4_T_le_eabi.lib : fd_toi_t2.asm.obj (.text)
                  20007450    00000044     driverlib.a : uart.obj (.text:UARTIntNumberGet)
                  20007494    00000044     rtsv7M4_T_le_eabi.lib : autoinit.c.obj (.text:__TI_auto_init_nobinit_nopinit:__TI_auto_init_nobinit_nopinit)
                  200074d8    00000040     driverlib.a : pin.obj (.text:PinModeSet)
                  20007518    00000040     rtsv7M4_T_le_eabi.lib : vsnprintf.c.obj (.text:vsnprintf)
                  20007558    0000003e                           : _printfi.c.obj (.text:_fcpy)
                  20007596    00000002     --HOLE-- [fill = 0]
                  20007598    0000003c     driverlib.a : prcm.obj (.text:PRCMPeripheralClkEnable)
                  200075d4    00000036                 : gpio.obj (.text:GPIODirModeSet)
                  2000760a    00000030                 : pin.obj (.text:PinTypeGPIO)
                  2000763a    00000002     --HOLE-- [fill = 0]
                  2000763c    00000030                 : uart.obj (.text:UARTDisable)
                  2000766c    00000030     rtsv7M4_T_le_eabi.lib : vsnprintf.c.obj (.text:_outs)
                  2000769c    0000002e                           : i_tofd_t2.asm.obj (.text)
                  200076ca    00000002     --HOLE-- [fill = 0]
                  200076cc    0000002c     driverlib.a : prcm.obj (.text:PRCMSysResetCauseGet)
                  200076f8    00000028                 : prcm.obj (.text:PRCMPeripheralClkDisable)
                  20007720    00000028     rtsv7M4_T_le_eabi.lib : memory.c.obj (.text:free_list_insert)
                  20007748    00000028                           : memmov.c.obj (.text:memmove)
                  20007770    00000024     driverlib.a : uart.obj (.text:UARTCharPutNonBlocking)
                  20007794    00000024                 : uart.obj (.text:UARTEnable)
                  200077b8    00000024     rtsv7M4_T_le_eabi.lib : boot_cortex_m.c.obj (.text:_c_int00_noargs:_c_int00_noargs)
                  200077dc    00000022     driverlib.a : gpio.obj (.text:GPIOIntStatus)
                  200077fe    00000020                 : gpio.obj (.text:GPIOPinWrite)
                  2000781e    00000002     --HOLE-- [fill = 0]
                  20007820    00000020                 : interrupt.obj (.text:IntRegister)
                  20007840    0000001e                 : gpio.obj (.text:GPIOIntRegister)
                  2000785e    0000001e                 : uart.obj (.text:UARTCharPut)
                  2000787c    0000001e                 : uart.obj (.text:UARTIntRegister)
                  2000789a    0000001e                 : uart.obj (.text:UARTIntStatus)
                  200078b8    0000001c                 : systick.obj (.text:SysTickIntRegister)
                  200078d4    0000001c                 : uart.obj (.text:UARTCharGetNonBlocking)
                  200078f0    0000001c     rtsv7M4_T_le_eabi.lib : copy_zero_init.c.obj (.text:decompress:ZI:__TI_zero_init_nomemset:__TI_zero_init_nomemset)
                  2000790c    0000001c                           : memory.c.obj (.text:free_list_remove)
                  20007928    0000001c                           : memccpy.c.obj (.text:memccpy)
                  20007944    0000001a     driverlib.a : gpio.obj (.text:GPIOIntEnable)
                  2000795e    0000001a                 : pin.obj (.text:PinTypeUART)
                  20007978    00000018                 : gpio.obj (.text:GPIOPinRead)
                  20007990    00000018                 : systick.obj (.text:SysTickPeriodSet)
                  200079a8    00000018                 : uart.obj (.text:UARTCharsAvail)
                  200079c0    00000018                 : uart.obj (.text:UARTIntEnable)
                  200079d8    00000018     rtsv7M4_T_le_eabi.lib : vsnprintf.c.obj (.text:_outc)
                  200079f0    00000018                           : ll_mul_t2.asm.obj (.text)
                  20007a08    00000016     driverlib.a : prcm.obj (.text:PRCMHIBRegRead)
                  20007a1e    00000016                 : prcm.obj (.text:PRCMHIBRegWrite)
                  20007a34    00000016                 : uart.obj (.text:UARTFIFOEnable)
                  20007a4a    00000016     rtsv7M4_T_le_eabi.lib : strchr.c.obj (.text:strchr)
                  20007a60    00000014     driverlib.a : cpu.obj (.text:CPUcpsie)
                  20007a74    00000014                 : gpio.obj (.text:GPIOIntClear)
                  20007a88    00000014                 : interrupt.obj (.text:IntVTableBaseSet)
                  20007a9c    00000014     rtsv7M4_T_le_eabi.lib : strlen.c.obj (.text:strlen)
                  20007ab0    00000012     driverlib.a : uart.obj (.text:UARTIntClear)
                  20007ac2    00000012     rtsv7M4_T_le_eabi.lib : wcslen.c.obj (.text:wcslen)
                  20007ad4    00000010     driverlib.a : systick.obj (.text:SysTickEnable)
                  20007ae4    00000010                 : systick.obj (.text:SysTickIntEnable)
                  20007af4    0000000e     rtsv7M4_T_le_eabi.lib : copy_decompress_none.c.obj (.text:decompress:none:__TI_decompress_none)
                  20007b02    0000000e     startup_ccs.obj (.text)
                  20007b10    0000000c     driverlib.a : systick.obj (.text:SysTickValueGet)
                  20007b1c    0000000c     rtsv7M4_T_le_eabi.lib : s_copysign.c.obj (.text:copysign)
                  20007b28    0000000a     driverlib.a : interrupt.obj (.text:IntMasterEnable)
                  20007b32    00000002     --HOLE-- [fill = 0]
                  20007b34    00000008     rtsv7M4_T_le_eabi.lib : errno.c.obj (.text:__aeabi_errno_addr)
                  20007b3c    00000008                           : memory.c.obj (.text:malloc)
                  20007b44    00000006     driverlib.a : utils.obj (.text:UtilsDelay)
                  20007b4a    00000004     rtsv7M4_T_le_eabi.lib : pre_init.c.obj (.text:_system_pre_init)
                  20007b4e    00000004                           : exit.c.obj (.text:abort:abort)

.const     0    20007b54    000003a8     
                  20007b54    00000101     rtsv7M4_T_le_eabi.lib : ctype.c.obj (.const:.string:_ctypes_)
                  20007c55    00000003     --HOLE-- [fill = 0]
                  20007c58    00000100     driverlib.a : pin.obj (.const:g_ulPinToPadMap)
                  20007d58    000000d4                 : interrupt.obj (.const:g_pulRegs)
                  20007e2c    000000a8                 : prcm.obj (.const:PRCM_PeriphRegsList)
                  20007ed4    00000018                 : interrupt.obj (.const:g_pulEnRegs)
                  20007eec    00000010                 : uart.obj (.const:g_ppulUARTIntMap)

.cinit     0    20007f00    00000048     
                  20007f00    00000022     (.cinit..data.load) [load image, compression = lzss]
                  20007f22    00000002     --HOLE-- [fill = 0]
                  20007f24    0000000c     (__TI_handler_table)
                  20007f30    00000008     (.cinit..bss.load) [load image, compression = zero_init]
                  20007f38    00000010     (__TI_cinit_table)

.sysmem    0    2001d000    00000800     UNINITIALIZED
                  2001d000    00000010     rtsv7M4_T_le_eabi.lib : memory.c.obj (.sysmem)
                  2001d010    000007f0     --HOLE--

.bss       0    2001d800    000000db     UNINITIALIZED
                  2001d800    000000a0     (.common:delta_buffer)
                  2001d8a0    00000034     (.common:uart_buffer)
                  2001d8d4    00000004     uart_if.obj (.bss)
                  2001d8d8    00000001     (.common:g_ucLED1Pin)
                  2001d8d9    00000001     (.common:g_ucLED2Pin)
                  2001d8da    00000001     (.common:g_ucLED3Pin)

.data      0    2001d8e0    00000058     UNINITIALIZED
                  2001d8e0    00000024     main.obj (.data)
                  2001d904    00000014     gpio_if.obj (.data:ulReg)
                  2001d918    0000000c     gpio_if.obj (.data)
                  2001d924    00000008     rtsv7M4_T_le_eabi.lib : _lock.c.obj (.data:$O1$$)
                  2001d92c    00000008                           : memory.c.obj (.data:$O1$$)
                  2001d934    00000004                           : errno.c.obj (.data)

.stack     0    2003f800    00000800     UNINITIALIZED
                  2003f800    00000004     rtsv7M4_T_le_eabi.lib : boot_cortex_m.c.obj (.stack)
                  2003f804    000007fc     --HOLE--

__llvm_prf_cnts 
*          0    2001d000    00000000     UNINITIALIZED

MODULE SUMMARY

       Module                       code    ro data   rw data
       ------                       ----    -------   -------
    ./
       main.obj                     1232    0         248    
       startup_ccs.obj              14      1024      0      
       gpio_if.obj                  920     0         35     
       uart_if.obj                  636     0         4      
       pin_mux_config.obj           312     0         0      
    +--+----------------------------+-------+---------+---------+
       Total:                       3114    1024      287    
                                                             
    /Applications/ti/ccs/tools/compiler/ti-cgt-arm_20.2.7.LTS/lib/rtsv7M4_T_le_eabi.lib
       _printfi.c.obj               4835    0         0      
       memory.c.obj                 900     0         8      
       fd_add_t2.asm.obj            438     0         0      
       fd_div_t2.asm.obj            310     0         0      
       fd_cmp_t2.asm.obj            268     0         0      
       ctype.c.obj                  0       257       0      
       fd_mul_t2.asm.obj            252     0         0      
       s_scalbn.c.obj               208     0         0      
       memcpy_t2.asm.obj            156     0         0      
       ull_div_t2.asm.obj           150     0         0      
       vsnprintf.c.obj              136     0         0      
       memset_t2.asm.obj            122     0         0      
       copy_decompress_lzss.c.obj   104     0         0      
       s_frexp.c.obj                92      0         0      
       _ltoa.c.obj                  84      0         0      
       atoi.c.obj                   76      0         0      
       fd_toi_t2.asm.obj            72      0         0      
       autoinit.c.obj               68      0         0      
       i_tofd_t2.asm.obj            46      0         0      
       memmov.c.obj                 40      0         0      
       boot_cortex_m.c.obj          36      0         0      
       copy_zero_init.c.obj         28      0         0      
       memccpy.c.obj                28      0         0      
       ll_mul_t2.asm.obj            24      0         0      
       strchr.c.obj                 22      0         0      
       strlen.c.obj                 20      0         0      
       wcslen.c.obj                 18      0         0      
       copy_decompress_none.c.obj   14      0         0      
       errno.c.obj                  8       0         4      
       s_copysign.c.obj             12      0         0      
       _lock.c.obj                  2       0         8      
       exit.c.obj                   4       0         0      
       pre_init.c.obj               4       0         0      
       div0.asm.obj                 2       0         0      
    +--+----------------------------+-------+---------+---------+
       Total:                       8579    257       20     
                                                             
    /Applications/ti/lib/cc3200sdk_1.5.0/cc3200-sdk/driverlib/ccs/Release/driverlib.a
       prcm.obj                     800     168       0      
       interrupt.obj                314     236       0      
       pin.obj                      274     256       0      
       uart.obj                     512     16        0      
       gpio.obj                     422     0         0      
       systick.obj                  96      0         0      
       cpu.obj                      20      0         0      
       utils.obj                    6       0         0      
    +--+----------------------------+-------+---------+---------+
       Total:                       2444    676       0      
                                                             
       Heap:                        0       0         2048   
       Stack:                       0       0         2048   
       Linker Generated:            0       70        0      
    +--+----------------------------+-------+---------+---------+
       Grand Total:                 14137   2027      4403   


LINKER GENERATED COPY TABLES

__TI_cinit_table @ 20007f38 records: 2, size/record: 8, table size: 16
	.data: load addr=20007f00, load size=00000022 bytes, run addr=2001d8e0, run size=00000058 bytes, compression=lzss
	.bss: load addr=20007f30, load size=00000008 bytes, run addr=2001d800, run size=000000db bytes, compression=zero_init


LINKER GENERATED HANDLER TABLE

__TI_handler_table @ 20007f24 records: 3, size/record: 4, table size: 12
	index: 0, handler: __TI_decompress_lzss
	index: 1, handler: __TI_decompress_none
	index: 2, handler: __TI_zero_init


GLOBAL SYMBOLS: SORTED ALPHABETICALLY BY Name 

address   name                          
-------   ----                          
20007b4f  C$$EXIT                       
20007a61  CPUcpsie                      
200056f9  ClearTerm                     
20005703  Error                         
200075d5  GPIODirModeSet                
20007a75  GPIOIntClear                  
20007945  GPIOIntEnable                 
20007841  GPIOIntRegister               
200077dd  GPIOIntStatus                 
20006eb1  GPIOIntTypeSet                
20007979  GPIOPinRead                   
200077ff  GPIOPinWrite                  
200055e1  GPIO_IF_ConfigureNIntEnable   
2000566d  GPIO_IF_Get                   
2000559b  GPIO_IF_GetPortNPin           
2000535d  GPIO_IF_LedConfigure          
2000544f  GPIO_IF_LedOff                
2000539b  GPIO_IF_LedOn                 
20005503  GPIO_IF_LedStatus             
2000556d  GPIO_IF_LedToggle             
20005629  GPIO_IF_Set                   
2000573b  GetCmd                        
200056b9  InitTerm                      
20006aad  IntEnable                     
20007b29  IntMasterEnable               
20007279  IntPrioritySet                
20007821  IntRegister                   
20007a89  IntVTableBaseSet              
200056d7  Message                       
20005f21  PRCMCC3200MCUInit             
20007a09  PRCMHIBRegRead                
20007a1f  PRCMHIBRegWrite               
200076f9  PRCMPeripheralClkDisable      
20007599  PRCMPeripheralClkEnable       
20006c89  PRCMPeripheralClockGet        
200071c9  PRCMPeripheralReset           
200076cd  PRCMSysResetCauseGet          
20006d1d  PinConfigSet                  
200074d9  PinModeSet                    
200061d5  PinMuxConfig                  
2000760b  PinTypeGPIO                   
2000795f  PinTypeUART                   
20005879  Report                        
20007b03  ResetISR                      
20007ad5  SysTickEnable                 
20007ae5  SysTickIntEnable              
200078b9  SysTickIntRegister            
20007991  SysTickPeriodSet              
20007b11  SysTickValueGet               
200057e1  TrimSpace                     
200078d5  UARTCharGetNonBlocking        
2000785f  UARTCharPut                   
20007771  UARTCharPutNonBlocking        
200079a9  UARTCharsAvail                
20006fad  UARTConfigSetExpClk           
2000763d  UARTDisable                   
20007795  UARTEnable                    
20007a35  UARTFIFOEnable                
20007ab1  UARTIntClear                  
200079c1  UARTIntEnable                 
2000787d  UARTIntRegister               
2000789b  UARTIntStatus                 
20007b45  UtilsDelay                    
20040000  __STACK_END                   
00000800  __STACK_SIZE                  
00000800  __SYSMEM_SIZE                 
20007f38  __TI_CINIT_Base               
20007f48  __TI_CINIT_Limit              
20007f24  __TI_Handler_Table_Base       
20007f30  __TI_Handler_Table_Limit      
20007495  __TI_auto_init_nobinit_nopinit
20007103  __TI_decompress_lzss          
20007af5  __TI_decompress_none          
200072cd  __TI_ltoa                     
ffffffff  __TI_pprof_out_hndl           
20004401  __TI_printfi                  
ffffffff  __TI_prof_data_size           
ffffffff  __TI_prof_data_start          
20007f00  __TI_static_base__            
200078f1  __TI_zero_init_nomemset       
20006da5  __aeabi_cdcmpeq               
20006da5  __aeabi_cdcmple               
20006e2b  __aeabi_cdrcmple              
20007409  __aeabi_d2iz                  
20005d73  __aeabi_dadd                  
2000630d  __aeabi_ddiv                  
20006665  __aeabi_dmul                  
20005d69  __aeabi_dsub                  
20007b35  __aeabi_errno_addr            
2000769d  __aeabi_i2d                   
20005f1f  __aeabi_idiv0                 
20005f1f  __aeabi_ldiv0                 
200079f1  __aeabi_lmul                  
20006f33  __aeabi_memclr                
20006f33  __aeabi_memclr4               
20006f33  __aeabi_memclr8               
20006b55  __aeabi_memcpy                
20006b55  __aeabi_memcpy4               
20006b55  __aeabi_memcpy8               
20006f35  __aeabi_memset                
20006f35  __aeabi_memset4               
20006f35  __aeabi_memset8               
20006bf1  __aeabi_uldivmod              
ffffffff  __binit__                     
ffffffff  __c_args__                    
UNDEFED   __mpu_init                    
2003f800  __stack                       
2001d000  __start___llvm_prf_cnts       
2001d000  __stop___llvm_prf_cnts        
200077b9  _c_int00_noargs               
20007b54  _ctypes_                      
2001d924  _lock                         
20004e4f  _nop                          
2001d000  _sys_memory                   
UNDEFED   _system_post_cinit            
20007b4b  _system_pre_init              
2001d928  _unlock                       
20007b4f  abort                         
20006565  aligned_alloc                 
20007375  atoi                          
ffffffff  binit                         
20007b1d  copysign                      
20007b1d  copysignl                     
2001d8f0  count                         
20004fe1  decoder                       
2001d800  delta_buffer                  
2001d934  errno                         
20006761  free                          
2000716d  frexp                         
2000716d  frexpl                        
20004000  g_pfnVectors                  
2001d8d8  g_ucLED1Pin                   
2001d8d9  g_ucLED2Pin                   
2001d8da  g_ucLED3Pin                   
2001d918  g_uiLED1Port                  
2001d91c  g_uiLED2Port                  
2001d920  g_uiLED3Port                  
20006929  ldexp                         
20006929  ldexpl                        
200050d1  main                          
20007b3d  malloc                        
20006565  memalign                      
20007929  memccpy                       
20006b55  memcpy                        
20007749  memmove                       
20006f3b  memset                        
2001d8f8  readReady                     
20006845  realloc                       
2001d8fc  receiveReady                  
20006929  scalbn                        
20006929  scalbnl                       
2001d8f4  start                         
20007a4b  strchr                        
20007a9d  strlen                        
2001d8e8  systick_cnt                   
2001d8ec  systick_expired               
2001d8a0  uart_buffer                   
2001d900  uart_buffer_ind               
2001d8e0  ulsystick_delta_us            
20007519  vsnprintf                     
20007ac3  wcslen                        


GLOBAL SYMBOLS: SORTED BY Symbol Address 

address   name                          
-------   ----                          
00000800  __STACK_SIZE                  
00000800  __SYSMEM_SIZE                 
20004000  g_pfnVectors                  
20004401  __TI_printfi                  
20004e4f  _nop                          
20004fe1  decoder                       
200050d1  main                          
2000535d  GPIO_IF_LedConfigure          
2000539b  GPIO_IF_LedOn                 
2000544f  GPIO_IF_LedOff                
20005503  GPIO_IF_LedStatus             
2000556d  GPIO_IF_LedToggle             
2000559b  GPIO_IF_GetPortNPin           
200055e1  GPIO_IF_ConfigureNIntEnable   
20005629  GPIO_IF_Set                   
2000566d  GPIO_IF_Get                   
200056b9  InitTerm                      
200056d7  Message                       
200056f9  ClearTerm                     
20005703  Error                         
2000573b  GetCmd                        
200057e1  TrimSpace                     
20005879  Report                        
20005d69  __aeabi_dsub                  
20005d73  __aeabi_dadd                  
20005f1f  __aeabi_idiv0                 
20005f1f  __aeabi_ldiv0                 
20005f21  PRCMCC3200MCUInit             
200061d5  PinMuxConfig                  
2000630d  __aeabi_ddiv                  
20006565  aligned_alloc                 
20006565  memalign                      
20006665  __aeabi_dmul                  
20006761  free                          
20006845  realloc                       
20006929  ldexp                         
20006929  ldexpl                        
20006929  scalbn                        
20006929  scalbnl                       
20006aad  IntEnable                     
20006b55  __aeabi_memcpy                
20006b55  __aeabi_memcpy4               
20006b55  __aeabi_memcpy8               
20006b55  memcpy                        
20006bf1  __aeabi_uldivmod              
20006c89  PRCMPeripheralClockGet        
20006d1d  PinConfigSet                  
20006da5  __aeabi_cdcmpeq               
20006da5  __aeabi_cdcmple               
20006e2b  __aeabi_cdrcmple              
20006eb1  GPIOIntTypeSet                
20006f33  __aeabi_memclr                
20006f33  __aeabi_memclr4               
20006f33  __aeabi_memclr8               
20006f35  __aeabi_memset                
20006f35  __aeabi_memset4               
20006f35  __aeabi_memset8               
20006f3b  memset                        
20006fad  UARTConfigSetExpClk           
20007103  __TI_decompress_lzss          
2000716d  frexp                         
2000716d  frexpl                        
200071c9  PRCMPeripheralReset           
20007279  IntPrioritySet                
200072cd  __TI_ltoa                     
20007375  atoi                          
20007409  __aeabi_d2iz                  
20007495  __TI_auto_init_nobinit_nopinit
200074d9  PinModeSet                    
20007519  vsnprintf                     
20007599  PRCMPeripheralClkEnable       
200075d5  GPIODirModeSet                
2000760b  PinTypeGPIO                   
2000763d  UARTDisable                   
2000769d  __aeabi_i2d                   
200076cd  PRCMSysResetCauseGet          
200076f9  PRCMPeripheralClkDisable      
20007749  memmove                       
20007771  UARTCharPutNonBlocking        
20007795  UARTEnable                    
200077b9  _c_int00_noargs               
200077dd  GPIOIntStatus                 
200077ff  GPIOPinWrite                  
20007821  IntRegister                   
20007841  GPIOIntRegister               
2000785f  UARTCharPut                   
2000787d  UARTIntRegister               
2000789b  UARTIntStatus                 
200078b9  SysTickIntRegister            
200078d5  UARTCharGetNonBlocking        
200078f1  __TI_zero_init_nomemset       
20007929  memccpy                       
20007945  GPIOIntEnable                 
2000795f  PinTypeUART                   
20007979  GPIOPinRead                   
20007991  SysTickPeriodSet              
200079a9  UARTCharsAvail                
200079c1  UARTIntEnable                 
200079f1  __aeabi_lmul                  
20007a09  PRCMHIBRegRead                
20007a1f  PRCMHIBRegWrite               
20007a35  UARTFIFOEnable                
20007a4b  strchr                        
20007a61  CPUcpsie                      
20007a75  GPIOIntClear                  
20007a89  IntVTableBaseSet              
20007a9d  strlen                        
20007ab1  UARTIntClear                  
20007ac3  wcslen                        
20007ad5  SysTickEnable                 
20007ae5  SysTickIntEnable              
20007af5  __TI_decompress_none          
20007b03  ResetISR                      
20007b11  SysTickValueGet               
20007b1d  copysign                      
20007b1d  copysignl                     
20007b29  IntMasterEnable               
20007b35  __aeabi_errno_addr            
20007b3d  malloc                        
20007b45  UtilsDelay                    
20007b4b  _system_pre_init              
20007b4f  C$$EXIT                       
20007b4f  abort                         
20007b54  _ctypes_                      
20007f00  __TI_static_base__            
20007f24  __TI_Handler_Table_Base       
20007f30  __TI_Handler_Table_Limit      
20007f38  __TI_CINIT_Base               
20007f48  __TI_CINIT_Limit              
2001d000  __start___llvm_prf_cnts       
2001d000  __stop___llvm_prf_cnts        
2001d000  _sys_memory                   
2001d800  delta_buffer                  
2001d8a0  uart_buffer                   
2001d8d8  g_ucLED1Pin                   
2001d8d9  g_ucLED2Pin                   
2001d8da  g_ucLED3Pin                   
2001d8e0  ulsystick_delta_us            
2001d8e8  systick_cnt                   
2001d8ec  systick_expired               
2001d8f0  count                         
2001d8f4  start                         
2001d8f8  readReady                     
2001d8fc  receiveReady                  
2001d900  uart_buffer_ind               
2001d918  g_uiLED1Port                  
2001d91c  g_uiLED2Port                  
2001d920  g_uiLED3Port                  
2001d924  _lock                         
2001d928  _unlock                       
2001d934  errno                         
2003f800  __stack                       
20040000  __STACK_END                   
ffffffff  __TI_pprof_out_hndl           
ffffffff  __TI_prof_data_size           
ffffffff  __TI_prof_data_start          
ffffffff  __binit__                     
ffffffff  __c_args__                    
ffffffff  binit                         
UNDEFED   __mpu_init                    
UNDEFED   _system_post_cinit            

[161 symbols]
