******************************************************************************
                  TI ARM Linker Unix v20.2.7                   
******************************************************************************
>> Linked Wed May  8 02:20:39 2024

OUTPUT FILE NAME:   <lab3-UART.out>
ENTRY POINT SYMBOL: "_c_int00_noargs"  address: 20009205


MEMORY CONFIGURATION

         name            origin    length      used     unused   attr    fill
----------------------  --------  ---------  --------  --------  ----  --------
  SRAM_CODE             20004000   00019000  00005eea  00013116  RW X
  SRAM_DATA             2001d000   00023000  0000125f  00021da1  RW X


SEGMENT ALLOCATION MAP

run origin  load origin   length   init length attrs members
----------  ----------- ---------- ----------- ----- -------
20004000    20004000    00005ef0   00005ef0    r-x
  20004000    20004000    00000400   00000400    r-- .intvecs
  20004400    20004400    000051f2   000051f2    r-x .text
  200095f4    200095f4    000008a0   000008a0    r-- .const
  20009e98    20009e98    00000058   00000058    r-- .cinit
2001d000    2001d000    00000a64   00000000    rw-
  2001d000    2001d000    00000800   00000000    rw- .sysmem
  2001d800    2001d800    000001fb   00000000    rw- .bss
  2001da00    2001da00    00000064   00000000    rw- .data
2003f800    2003f800    00000800   00000000    rw-
  2003f800    2003f800    00000800   00000000    rw- .stack


SECTION ALLOCATION MAP

 output                                  attributes/
section   page    origin      length       input sections
--------  ----  ----------  ----------   ----------------
.intvecs   0    20004000    00000400     
                  20004000    00000400     startup_ccs.obj (.intvecs)

.init_array 
*          0    20004000    00000000     UNINITIALIZED

.text      0    20004400    000051f2     
                  20004400    00000c14     main.obj (.text)
                  20005014    00000ac8     Adafruit_GFX.obj (.text)
                  20005adc    00000a4e     rtsv7M4_T_le_eabi.lib : _printfi.c.obj (.text:__TI_printfi)
                  2000652a    00000002                           : _lock.c.obj (.text:_nop)
                  2000652c    00000496     Adafruit_OLED.obj (.text)
                  200069c2    00000002     rtsv7M4_T_le_eabi.lib : div0.asm.obj (.text)
                  200069c4    00000398     gpio_if.obj (.text)
                  20006d5c    0000027c     uart_if.obj (.text)
                  20006fd8    00000268     rtsv7M4_T_le_eabi.lib : _printfi.c.obj (.text:_pconv_a)
                  20007240    000001cc                           : _printfi.c.obj (.text:_pconv_g)
                  2000740c    000001b6                           : fd_add_t2.asm.obj (.text)
                  200075c2    00000002     --HOLE-- [fill = 0]
                  200075c4    00000178     driverlib.a : prcm.obj (.text:PRCMCC3200MCUInit)
                  2000773c    00000160     pin_mux_config.obj (.text)
                  2000789c    0000013c     rtsv7M4_T_le_eabi.lib : _printfi.c.obj (.text:_pconv_e)
                  200079d8    00000136                           : fd_div_t2.asm.obj (.text)
                  20007b0e    00000002     --HOLE-- [fill = 0]
                  20007b10    00000120                           : _printfi.c.obj (.text:fcvt)
                  20007c30    00000100                           : memory.c.obj (.text:aligned_alloc)
                  20007d30    000000fc                           : fd_mul_t2.asm.obj (.text)
                  20007e2c    000000e4                           : memory.c.obj (.text:free)
                  20007f10    000000e4                           : memory.c.obj (.text:realloc)
                  20007ff4    000000d0     driverlib.a : spi.obj (.text:SPITransfer32)
                  200080c4    000000d0     rtsv7M4_T_le_eabi.lib : s_scalbn.c.obj (.text:scalbn)
                  20008194    000000ce     driverlib.a : spi.obj (.text:SPITransfer16)
                  20008262    000000b8                 : spi.obj (.text:SPITransfer8)
                  2000831a    00000002     --HOLE-- [fill = 0]
                  2000831c    000000b1     rtsv7M4_T_le_eabi.lib : _printfi.c.obj (.text:_ltostr)
                  200083cd    00000003     --HOLE-- [fill = 0]
                  200083d0    000000a8     driverlib.a : interrupt.obj (.text:IntEnable)
                  20008478    000000a0                 : spi.obj (.text:SPIConfigSetExpClk)
                  20008518    0000009c     rtsv7M4_T_le_eabi.lib : memcpy_t2.asm.obj (.text)
                  200085b4    00000096                           : ull_div_t2.asm.obj (.text)
                  2000864a    00000002     --HOLE-- [fill = 0]
                  2000864c    00000094     driverlib.a : prcm.obj (.text:PRCMPeripheralClockGet)
                  200086e0    00000088                 : pin.obj (.text:PinConfigSet)
                  20008768    00000088                 : spi.obj (.text:SPITransfer)
                  200087f0    00000086     rtsv7M4_T_le_eabi.lib : fd_cmp_t2.asm.obj (.text:__aeabi_cdcmple)
                  20008876    00000086                           : fd_cmp_t2.asm.obj (.text:__aeabi_cdrcmple)
                  200088fc    00000082     driverlib.a : gpio.obj (.text:GPIOIntTypeSet)
                  2000897e    0000007a     rtsv7M4_T_le_eabi.lib : memset_t2.asm.obj (.text)
                  200089f8    00000076     driverlib.a : uart.obj (.text:UARTConfigSetExpClk)
                  20008a6e    00000002     --HOLE-- [fill = 0]
                  20008a70    00000070     rtsv7M4_T_le_eabi.lib : memory.c.obj (.text:split)
                  20008ae0    0000006e                           : _printfi.c.obj (.text:_mcpy)
                  20008b4e    00000068                           : copy_decompress_lzss.c.obj (.text:decompress:lzss:__TI_decompress_lzss)
                  20008bb6    00000002     --HOLE-- [fill = 0]
                  20008bb8    0000005c                           : s_frexp.c.obj (.text:frexp)
                  20008c14    00000058     driverlib.a : prcm.obj (.text:PRCMPeripheralReset)
                  20008c6c    00000056     rtsv7M4_T_le_eabi.lib : _printfi.c.obj (.text:_pconv_f)
                  20008cc2    00000002     --HOLE-- [fill = 0]
                  20008cc4    00000054     driverlib.a : interrupt.obj (.text:IntPrioritySet)
                  20008d18    00000054     rtsv7M4_T_le_eabi.lib : _ltoa.c.obj (.text:__TI_ltoa)
                  20008d6c    00000052                           : _printfi.c.obj (.text:_ecpy)
                  20008dbe    00000002     --HOLE-- [fill = 0]
                  20008dc0    0000004c                           : atoi.c.obj (.text:atoi)
                  20008e0c    00000048     driverlib.a : gpio.obj (.text:GPIOGetIntNumber)
                  20008e54    00000048     rtsv7M4_T_le_eabi.lib : fd_toi_t2.asm.obj (.text)
                  20008e9c    00000044     driverlib.a : uart.obj (.text:UARTIntNumberGet)
                  20008ee0    00000044     rtsv7M4_T_le_eabi.lib : autoinit.c.obj (.text:__TI_auto_init_nobinit_nopinit:__TI_auto_init_nobinit_nopinit)
                  20008f24    00000040     driverlib.a : pin.obj (.text:PinModeSet)
                  20008f64    00000040     rtsv7M4_T_le_eabi.lib : vsnprintf.c.obj (.text:vsnprintf)
                  20008fa4    0000003e                           : _printfi.c.obj (.text:_fcpy)
                  20008fe2    00000002     --HOLE-- [fill = 0]
                  20008fe4    0000003c     driverlib.a : prcm.obj (.text:PRCMPeripheralClkEnable)
                  20009020    00000036                 : gpio.obj (.text:GPIODirModeSet)
                  20009056    00000030                 : pin.obj (.text:PinTypeGPIO)
                  20009086    00000002     --HOLE-- [fill = 0]
                  20009088    00000030                 : uart.obj (.text:UARTDisable)
                  200090b8    00000030     rtsv7M4_T_le_eabi.lib : vsnprintf.c.obj (.text:_outs)
                  200090e8    0000002e                           : i_tofd_t2.asm.obj (.text)
                  20009116    00000002     --HOLE-- [fill = 0]
                  20009118    0000002c     driverlib.a : prcm.obj (.text:PRCMSysResetCauseGet)
                  20009144    00000028                 : prcm.obj (.text:PRCMPeripheralClkDisable)
                  2000916c    00000028     rtsv7M4_T_le_eabi.lib : memory.c.obj (.text:free_list_insert)
                  20009194    00000028                           : memmov.c.obj (.text:memmove)
                  200091bc    00000024     driverlib.a : uart.obj (.text:UARTCharPutNonBlocking)
                  200091e0    00000024                 : uart.obj (.text:UARTEnable)
                  20009204    00000024     rtsv7M4_T_le_eabi.lib : boot_cortex_m.c.obj (.text:_c_int00_noargs:_c_int00_noargs)
                  20009228    00000022     driverlib.a : gpio.obj (.text:GPIOIntStatus)
                  2000924a    00000022                 : spi.obj (.text:SPIReset)
                  2000926c    00000020                 : gpio.obj (.text:GPIOPinWrite)
                  2000928c    00000020                 : interrupt.obj (.text:IntRegister)
                  200092ac    0000001e                 : gpio.obj (.text:GPIOIntRegister)
                  200092ca    0000001e                 : uart.obj (.text:UARTCharPut)
                  200092e8    0000001e                 : uart.obj (.text:UARTIntRegister)
                  20009306    0000001e                 : uart.obj (.text:UARTIntStatus)
                  20009324    0000001c                 : systick.obj (.text:SysTickIntRegister)
                  20009340    0000001c                 : uart.obj (.text:UARTCharGetNonBlocking)
                  2000935c    0000001c     rtsv7M4_T_le_eabi.lib : copy_zero_init.c.obj (.text:decompress:ZI:__TI_zero_init_nomemset:__TI_zero_init_nomemset)
                  20009378    0000001c                           : memory.c.obj (.text:free_list_remove)
                  20009394    0000001c                           : memccpy.c.obj (.text:memccpy)
                  200093b0    0000001a     driverlib.a : gpio.obj (.text:GPIOIntEnable)
                  200093ca    0000001a                 : pin.obj (.text:PinTypeSPI)
                  200093e4    0000001a                 : pin.obj (.text:PinTypeUART)
                  200093fe    00000018                 : gpio.obj (.text:GPIOPinRead)
                  20009416    00000018                 : spi.obj (.text:SPIEnable)
                  2000942e    00000002     --HOLE-- [fill = 0]
                  20009430    00000018                 : systick.obj (.text:SysTickPeriodSet)
                  20009448    00000018                 : uart.obj (.text:UARTCharsAvail)
                  20009460    00000018                 : uart.obj (.text:UARTIntEnable)
                  20009478    00000018     rtsv7M4_T_le_eabi.lib : vsnprintf.c.obj (.text:_outc)
                  20009490    00000018                           : ll_mul_t2.asm.obj (.text)
                  200094a8    00000016     driverlib.a : prcm.obj (.text:PRCMHIBRegRead)
                  200094be    00000016                 : prcm.obj (.text:PRCMHIBRegWrite)
                  200094d4    00000016                 : uart.obj (.text:UARTFIFOEnable)
                  200094ea    00000016     rtsv7M4_T_le_eabi.lib : strchr.c.obj (.text:strchr)
                  20009500    00000014     driverlib.a : cpu.obj (.text:CPUcpsie)
                  20009514    00000014                 : gpio.obj (.text:GPIOIntClear)
                  20009528    00000014                 : interrupt.obj (.text:IntVTableBaseSet)
                  2000953c    00000014     rtsv7M4_T_le_eabi.lib : strlen.c.obj (.text:strlen)
                  20009550    00000012     driverlib.a : uart.obj (.text:UARTIntClear)
                  20009562    00000012     rtsv7M4_T_le_eabi.lib : wcslen.c.obj (.text:wcslen)
                  20009574    00000010     driverlib.a : systick.obj (.text:SysTickEnable)
                  20009584    00000010                 : systick.obj (.text:SysTickIntEnable)
                  20009594    0000000e     rtsv7M4_T_le_eabi.lib : copy_decompress_none.c.obj (.text:decompress:none:__TI_decompress_none)
                  200095a2    0000000e     startup_ccs.obj (.text)
                  200095b0    0000000c     driverlib.a : systick.obj (.text:SysTickValueGet)
                  200095bc    0000000c     rtsv7M4_T_le_eabi.lib : s_copysign.c.obj (.text:copysign)
                  200095c8    0000000a     driverlib.a : interrupt.obj (.text:IntMasterEnable)
                  200095d2    00000002     --HOLE-- [fill = 0]
                  200095d4    00000008     rtsv7M4_T_le_eabi.lib : errno.c.obj (.text:__aeabi_errno_addr)
                  200095dc    00000008                           : memory.c.obj (.text:malloc)
                  200095e4    00000006     driverlib.a : utils.obj (.text:UtilsDelay)
                  200095ea    00000004     rtsv7M4_T_le_eabi.lib : pre_init.c.obj (.text:_system_pre_init)
                  200095ee    00000004                           : exit.c.obj (.text:abort:abort)

.const     0    200095f4    000008a0     
                  200095f4    000004fb     Adafruit_GFX.obj (.const:.string:font)
                  20009aef    00000101     rtsv7M4_T_le_eabi.lib : ctype.c.obj (.const:.string:_ctypes_)
                  20009bf0    00000100     driverlib.a : pin.obj (.const:g_ulPinToPadMap)
                  20009cf0    000000d4                 : interrupt.obj (.const:g_pulRegs)
                  20009dc4    000000a8                 : prcm.obj (.const:PRCM_PeriphRegsList)
                  20009e6c    00000018                 : interrupt.obj (.const:g_pulEnRegs)
                  20009e84    00000010                 : uart.obj (.const:g_ppulUARTIntMap)

.cinit     0    20009e98    00000058     
                  20009e98    00000030     (.cinit..data.load) [load image, compression = lzss]
                  20009ec8    0000000c     (__TI_handler_table)
                  20009ed4    00000004     --HOLE-- [fill = 0]
                  20009ed8    00000008     (.cinit..bss.load) [load image, compression = zero_init]
                  20009ee0    00000010     (__TI_cinit_table)

.sysmem    0    2001d000    00000800     UNINITIALIZED
                  2001d000    00000010     rtsv7M4_T_le_eabi.lib : memory.c.obj (.sysmem)
                  2001d010    000007f0     --HOLE--

.bss       0    2001d800    000001fb     UNINITIALIZED
                  2001d800    00000190     (.common:delta_buffer)
                  2001d990    00000064     (.common:uart_buffer)
                  2001d9f4    00000004     uart_if.obj (.bss)
                  2001d9f8    00000001     (.common:g_ucLED1Pin)
                  2001d9f9    00000001     (.common:g_ucLED2Pin)
                  2001d9fa    00000001     (.common:g_ucLED3Pin)

.data      0    2001da00    00000064     UNINITIALIZED
                  2001da00    00000018     main.obj (.data)
                  2001da18    00000015     Adafruit_GFX.obj (.data)
                  2001da2d    00000003     --HOLE--
                  2001da30    00000014     gpio_if.obj (.data:ulReg)
                  2001da44    0000000c     gpio_if.obj (.data)
                  2001da50    00000008     rtsv7M4_T_le_eabi.lib : _lock.c.obj (.data:$O1$$)
                  2001da58    00000008                           : memory.c.obj (.data:$O1$$)
                  2001da60    00000004                           : errno.c.obj (.data)

.stack     0    2003f800    00000800     UNINITIALIZED
                  2003f800    00000004     rtsv7M4_T_le_eabi.lib : boot_cortex_m.c.obj (.stack)
                  2003f804    000007fc     --HOLE--

__llvm_prf_cnts 
*          0    2001d000    00000000     UNINITIALIZED

MODULE SUMMARY

       Module                       code    ro data   rw data
       ------                       ----    -------   -------
    ./
       main.obj                     3092    0         524    
       startup_ccs.obj              14      1024      0      
       gpio_if.obj                  920     0         35     
       uart_if.obj                  636     0         4      
       pin_mux_config.obj           352     0         0      
    +--+----------------------------+-------+---------+---------+
       Total:                       5014    1024      563    
                                                             
    ./oled/
       Adafruit_GFX.obj             2760    1275      21     
       Adafruit_OLED.obj            1174    0         0      
    +--+----------------------------+-------+---------+---------+
       Total:                       3934    1275      21     
                                                             
    /Applications/ti/ccs/tools/compiler/ti-cgt-arm_20.2.7.LTS/lib/rtsv7M4_T_le_eabi.lib
       _printfi.c.obj               4835    0         0      
       memory.c.obj                 900     0         8      
       fd_add_t2.asm.obj            438     0         0      
       fd_div_t2.asm.obj            310     0         0      
       fd_cmp_t2.asm.obj            268     0         0      
       ctype.c.obj                  0       257       0      
       fd_mul_t2.asm.obj            252     0         0      
       s_scalbn.c.obj               208     0         0      
       memcpy_t2.asm.obj            156     0         0      
       ull_div_t2.asm.obj           150     0         0      
       vsnprintf.c.obj              136     0         0      
       memset_t2.asm.obj            122     0         0      
       copy_decompress_lzss.c.obj   104     0         0      
       s_frexp.c.obj                92      0         0      
       _ltoa.c.obj                  84      0         0      
       atoi.c.obj                   76      0         0      
       fd_toi_t2.asm.obj            72      0         0      
       autoinit.c.obj               68      0         0      
       i_tofd_t2.asm.obj            46      0         0      
       memmov.c.obj                 40      0         0      
       boot_cortex_m.c.obj          36      0         0      
       copy_zero_init.c.obj         28      0         0      
       memccpy.c.obj                28      0         0      
       ll_mul_t2.asm.obj            24      0         0      
       strchr.c.obj                 22      0         0      
       strlen.c.obj                 20      0         0      
       wcslen.c.obj                 18      0         0      
       copy_decompress_none.c.obj   14      0         0      
       errno.c.obj                  8       0         4      
       s_copysign.c.obj             12      0         0      
       _lock.c.obj                  2       0         8      
       exit.c.obj                   4       0         0      
       pre_init.c.obj               4       0         0      
       div0.asm.obj                 2       0         0      
    +--+----------------------------+-------+---------+---------+
       Total:                       8579    257       20     
                                                             
    /Applications/ti/lib/cc3200sdk_1.5.0/cc3200-sdk/driverlib/ccs/Release/driverlib.a
       prcm.obj                     800     168       0      
       spi.obj                      952     0         0      
       pin.obj                      300     256       0      
       interrupt.obj                314     236       0      
       uart.obj                     512     16        0      
       gpio.obj                     422     0         0      
       systick.obj                  96      0         0      
       cpu.obj                      20      0         0      
       utils.obj                    6       0         0      
    +--+----------------------------+-------+---------+---------+
       Total:                       3422    676       0      
                                                             
       Heap:                        0       0         2048   
       Stack:                       0       0         2048   
       Linker Generated:            0       84        0      
    +--+----------------------------+-------+---------+---------+
       Grand Total:                 20949   3316      4700   


LINKER GENERATED COPY TABLES

__TI_cinit_table @ 20009ee0 records: 2, size/record: 8, table size: 16
	.data: load addr=20009e98, load size=00000030 bytes, run addr=2001da00, run size=00000064 bytes, compression=lzss
	.bss: load addr=20009ed8, load size=00000008 bytes, run addr=2001d800, run size=000001fb bytes, compression=zero_init


LINKER GENERATED HANDLER TABLE

__TI_handler_table @ 20009ec8 records: 3, size/record: 4, table size: 12
	index: 0, handler: __TI_decompress_lzss
	index: 1, handler: __TI_decompress_none
	index: 2, handler: __TI_zero_init


GLOBAL SYMBOLS: SORTED ALPHABETICALLY BY Name 

address   name                          
-------   ----                          
200065a5  Adafruit_Init                 
200095ef  C$$EXIT                       
20009501  CPUcpsie                      
20006d9d  ClearTerm                     
20006725  Color565                      
20006da7  Error                         
20009021  GPIODirModeSet                
20009515  GPIOIntClear                  
200093b1  GPIOIntEnable                 
200092ad  GPIOIntRegister               
20009229  GPIOIntStatus                 
200088fd  GPIOIntTypeSet                
200093ff  GPIOPinRead                   
2000926d  GPIOPinWrite                  
20006c85  GPIO_IF_ConfigureNIntEnable   
20006d11  GPIO_IF_Get                   
20006c3f  GPIO_IF_GetPortNPin           
20006a01  GPIO_IF_LedConfigure          
20006af3  GPIO_IF_LedOff                
20006a3f  GPIO_IF_LedOn                 
20006ba7  GPIO_IF_LedStatus             
20006c11  GPIO_IF_LedToggle             
20006ccd  GPIO_IF_Set                   
20006ddf  GetCmd                        
20006d5d  InitTerm                      
200083d1  IntEnable                     
200095c9  IntMasterEnable               
20008cc5  IntPrioritySet                
2000928d  IntRegister                   
20009529  IntVTableBaseSet              
20006d7b  Message                       
200059bf  OutstrI                       
20005a09  OutstrO                       
200075c5  PRCMCC3200MCUInit             
200094a9  PRCMHIBRegRead                
200094bf  PRCMHIBRegWrite               
20009145  PRCMPeripheralClkDisable      
20008fe5  PRCMPeripheralClkEnable       
2000864d  PRCMPeripheralClockGet        
20008c15  PRCMPeripheralReset           
20009119  PRCMSysResetCauseGet          
200086e1  PinConfigSet                  
20008f25  PinModeSet                    
2000773d  PinMuxConfig                  
20009057  PinTypeGPIO                   
200093cb  PinTypeSPI                    
200093e5  PinTypeUART                   
20006f1d  Report                        
200095a3  ResetISR                      
20008479  SPIConfigSetExpClk            
20009417  SPIEnable                     
2000924b  SPIReset                      
20008769  SPITransfer                   
20009575  SysTickEnable                 
20009585  SysTickIntEnable              
20009325  SysTickIntRegister            
20009431  SysTickPeriodSet              
200095b1  SysTickValueGet               
20006e85  TrimSpace                     
20009341  UARTCharGetNonBlocking        
200092cb  UARTCharPut                   
200091bd  UARTCharPutNonBlocking        
20009449  UARTCharsAvail                
200089f9  UARTConfigSetExpClk           
20009089  UARTDisable                   
200091e1  UARTEnable                    
200094d5  UARTFIFOEnable                
20009551  UARTIntClear                  
20009461  UARTIntEnable                 
200092e9  UARTIntRegister               
20009307  UARTIntStatus                 
200095e5  UtilsDelay                    
20040000  __STACK_END                   
00000800  __STACK_SIZE                  
00000800  __SYSMEM_SIZE                 
20009ee0  __TI_CINIT_Base               
20009ef0  __TI_CINIT_Limit              
20009ec8  __TI_Handler_Table_Base       
20009ed4  __TI_Handler_Table_Limit      
20008ee1  __TI_auto_init_nobinit_nopinit
20008b4f  __TI_decompress_lzss          
20009595  __TI_decompress_none          
20008d19  __TI_ltoa                     
ffffffff  __TI_pprof_out_hndl           
20005add  __TI_printfi                  
ffffffff  __TI_prof_data_size           
ffffffff  __TI_prof_data_start          
20009e98  __TI_static_base__            
2000935d  __TI_zero_init_nomemset       
200087f1  __aeabi_cdcmpeq               
200087f1  __aeabi_cdcmple               
20008877  __aeabi_cdrcmple              
20008e55  __aeabi_d2iz                  
20007417  __aeabi_dadd                  
200079d9  __aeabi_ddiv                  
20007d31  __aeabi_dmul                  
2000740d  __aeabi_dsub                  
200095d5  __aeabi_errno_addr            
200090e9  __aeabi_i2d                   
200069c3  __aeabi_idiv0                 
200069c3  __aeabi_ldiv0                 
20009491  __aeabi_lmul                  
2000897f  __aeabi_memclr                
2000897f  __aeabi_memclr4               
2000897f  __aeabi_memclr8               
20008519  __aeabi_memcpy                
20008519  __aeabi_memcpy4               
20008519  __aeabi_memcpy8               
20008981  __aeabi_memset                
20008981  __aeabi_memset4               
20008981  __aeabi_memset8               
200085b5  __aeabi_uldivmod              
ffffffff  __binit__                     
ffffffff  __c_args__                    
UNDEFED   __mpu_init                    
2003f800  __stack                       
2001d000  __start___llvm_prf_cnts       
2001d000  __stop___llvm_prf_cnts        
20009205  _c_int00_noargs               
20009aef  _ctypes_                      
2001da50  _lock                         
2000652b  _nop                          
2001d000  _sys_memory                   
UNDEFED   _system_post_cinit            
200095eb  _system_pre_init              
2001da54  _unlock                       
200095ef  abort                         
20007c31  aligned_alloc                 
20008dc1  atoi                          
ffffffff  binit                         
200095bd  copysign                      
200095bd  copysignl                     
2001da18  cursor_x                      
2001da1c  cursor_y                      
20004573  decode_0                      
200044bd  decode_0_lib                  
200046e5  decode_1                      
2001d800  delta_buffer                  
20005873  drawChar                      
20005015  drawCircle                    
20005149  drawCircleHelper              
200068cd  drawFastHLine                 
20006831  drawFastVLine                 
2000538f  drawLine                      
20006969  drawPixel                     
2000547b  drawRect                      
200054c9  drawRoundRect                 
20005631  drawTriangle                  
2001da60  errno                         
20005267  fillCircle                    
200052a1  fillCircleHelper              
2000677d  fillRect                      
200055b7  fillRoundRect                 
20006767  fillScreen                    
20005673  fillTriangle                  
20007e2d  free                          
20008bb9  frexp                         
20008bb9  frexpl                        
20004000  g_pfnVectors                  
2001d9f8  g_ucLED1Pin                   
2001d9f9  g_ucLED2Pin                   
2001d9fa  g_ucLED3Pin                   
2001da44  g_uiLED1Port                  
2001da48  g_uiLED2Port                  
2001da4c  g_uiLED3Port                  
200066e1  goTo                          
20005abb  height                        
200069a7  invert                        
2001da10  k                             
200080c5  ldexp                         
200080c5  ldexpl                        
200049f9  main                          
200095dd  malloc                        
20007c31  memalign                      
20009395  memccpy                       
20008519  memcpy                        
20009195  memmove                       
20008987  memset                        
20007f11  realloc                       
200080c5  scalbn                        
200080c5  scalbnl                       
20005a53  setCursor                     
20005a8b  setTextColor                  
20005a6b  setTextSize                   
20005aa3  setTextWrap                   
200094eb  strchr                        
2000953d  strlen                        
2001da08  systick_cnt                   
2001da0c  systick_cnt_1                 
2001da28  textbgcolor                   
2001da24  textcolor                     
2001da20  textsize                      
2001d990  uart_buffer                   
2001da14  uart_buffer_ind               
2001da00  ulsystick_delta_us            
20008f65  vsnprintf                     
20009563  wcslen                        
20005ab7  width                         
2001da2c  wrap                          
2000652d  writeCommand                  
20006569  writeData                     


GLOBAL SYMBOLS: SORTED BY Symbol Address 

address   name                          
-------   ----                          
00000800  __STACK_SIZE                  
00000800  __SYSMEM_SIZE                 
20004000  g_pfnVectors                  
200044bd  decode_0_lib                  
20004573  decode_0                      
200046e5  decode_1                      
200049f9  main                          
20005015  drawCircle                    
20005149  drawCircleHelper              
20005267  fillCircle                    
200052a1  fillCircleHelper              
2000538f  drawLine                      
2000547b  drawRect                      
200054c9  drawRoundRect                 
200055b7  fillRoundRect                 
20005631  drawTriangle                  
20005673  fillTriangle                  
20005873  drawChar                      
200059bf  OutstrI                       
20005a09  OutstrO                       
20005a53  setCursor                     
20005a6b  setTextSize                   
20005a8b  setTextColor                  
20005aa3  setTextWrap                   
20005ab7  width                         
20005abb  height                        
20005add  __TI_printfi                  
2000652b  _nop                          
2000652d  writeCommand                  
20006569  writeData                     
200065a5  Adafruit_Init                 
200066e1  goTo                          
20006725  Color565                      
20006767  fillScreen                    
2000677d  fillRect                      
20006831  drawFastVLine                 
200068cd  drawFastHLine                 
20006969  drawPixel                     
200069a7  invert                        
200069c3  __aeabi_idiv0                 
200069c3  __aeabi_ldiv0                 
20006a01  GPIO_IF_LedConfigure          
20006a3f  GPIO_IF_LedOn                 
20006af3  GPIO_IF_LedOff                
20006ba7  GPIO_IF_LedStatus             
20006c11  GPIO_IF_LedToggle             
20006c3f  GPIO_IF_GetPortNPin           
20006c85  GPIO_IF_ConfigureNIntEnable   
20006ccd  GPIO_IF_Set                   
20006d11  GPIO_IF_Get                   
20006d5d  InitTerm                      
20006d7b  Message                       
20006d9d  ClearTerm                     
20006da7  Error                         
20006ddf  GetCmd                        
20006e85  TrimSpace                     
20006f1d  Report                        
2000740d  __aeabi_dsub                  
20007417  __aeabi_dadd                  
200075c5  PRCMCC3200MCUInit             
2000773d  PinMuxConfig                  
200079d9  __aeabi_ddiv                  
20007c31  aligned_alloc                 
20007c31  memalign                      
20007d31  __aeabi_dmul                  
20007e2d  free                          
20007f11  realloc                       
200080c5  ldexp                         
200080c5  ldexpl                        
200080c5  scalbn                        
200080c5  scalbnl                       
200083d1  IntEnable                     
20008479  SPIConfigSetExpClk            
20008519  __aeabi_memcpy                
20008519  __aeabi_memcpy4               
20008519  __aeabi_memcpy8               
20008519  memcpy                        
200085b5  __aeabi_uldivmod              
2000864d  PRCMPeripheralClockGet        
200086e1  PinConfigSet                  
20008769  SPITransfer                   
200087f1  __aeabi_cdcmpeq               
200087f1  __aeabi_cdcmple               
20008877  __aeabi_cdrcmple              
200088fd  GPIOIntTypeSet                
2000897f  __aeabi_memclr                
2000897f  __aeabi_memclr4               
2000897f  __aeabi_memclr8               
20008981  __aeabi_memset                
20008981  __aeabi_memset4               
20008981  __aeabi_memset8               
20008987  memset                        
200089f9  UARTConfigSetExpClk           
20008b4f  __TI_decompress_lzss          
20008bb9  frexp                         
20008bb9  frexpl                        
20008c15  PRCMPeripheralReset           
20008cc5  IntPrioritySet                
20008d19  __TI_ltoa                     
20008dc1  atoi                          
20008e55  __aeabi_d2iz                  
20008ee1  __TI_auto_init_nobinit_nopinit
20008f25  PinModeSet                    
20008f65  vsnprintf                     
20008fe5  PRCMPeripheralClkEnable       
20009021  GPIODirModeSet                
20009057  PinTypeGPIO                   
20009089  UARTDisable                   
200090e9  __aeabi_i2d                   
20009119  PRCMSysResetCauseGet          
20009145  PRCMPeripheralClkDisable      
20009195  memmove                       
200091bd  UARTCharPutNonBlocking        
200091e1  UARTEnable                    
20009205  _c_int00_noargs               
20009229  GPIOIntStatus                 
2000924b  SPIReset                      
2000926d  GPIOPinWrite                  
2000928d  IntRegister                   
200092ad  GPIOIntRegister               
200092cb  UARTCharPut                   
200092e9  UARTIntRegister               
20009307  UARTIntStatus                 
20009325  SysTickIntRegister            
20009341  UARTCharGetNonBlocking        
2000935d  __TI_zero_init_nomemset       
20009395  memccpy                       
200093b1  GPIOIntEnable                 
200093cb  PinTypeSPI                    
200093e5  PinTypeUART                   
200093ff  GPIOPinRead                   
20009417  SPIEnable                     
20009431  SysTickPeriodSet              
20009449  UARTCharsAvail                
20009461  UARTIntEnable                 
20009491  __aeabi_lmul                  
200094a9  PRCMHIBRegRead                
200094bf  PRCMHIBRegWrite               
200094d5  UARTFIFOEnable                
200094eb  strchr                        
20009501  CPUcpsie                      
20009515  GPIOIntClear                  
20009529  IntVTableBaseSet              
2000953d  strlen                        
20009551  UARTIntClear                  
20009563  wcslen                        
20009575  SysTickEnable                 
20009585  SysTickIntEnable              
20009595  __TI_decompress_none          
200095a3  ResetISR                      
200095b1  SysTickValueGet               
200095bd  copysign                      
200095bd  copysignl                     
200095c9  IntMasterEnable               
200095d5  __aeabi_errno_addr            
200095dd  malloc                        
200095e5  UtilsDelay                    
200095eb  _system_pre_init              
200095ef  C$$EXIT                       
200095ef  abort                         
20009aef  _ctypes_                      
20009e98  __TI_static_base__            
20009ec8  __TI_Handler_Table_Base       
20009ed4  __TI_Handler_Table_Limit      
20009ee0  __TI_CINIT_Base               
20009ef0  __TI_CINIT_Limit              
2001d000  __start___llvm_prf_cnts       
2001d000  __stop___llvm_prf_cnts        
2001d000  _sys_memory                   
2001d800  delta_buffer                  
2001d990  uart_buffer                   
2001d9f8  g_ucLED1Pin                   
2001d9f9  g_ucLED2Pin                   
2001d9fa  g_ucLED3Pin                   
2001da00  ulsystick_delta_us            
2001da08  systick_cnt                   
2001da0c  systick_cnt_1                 
2001da10  k                             
2001da14  uart_buffer_ind               
2001da18  cursor_x                      
2001da1c  cursor_y                      
2001da20  textsize                      
2001da24  textcolor                     
2001da28  textbgcolor                   
2001da2c  wrap                          
2001da44  g_uiLED1Port                  
2001da48  g_uiLED2Port                  
2001da4c  g_uiLED3Port                  
2001da50  _lock                         
2001da54  _unlock                       
2001da60  errno                         
2003f800  __stack                       
20040000  __STACK_END                   
ffffffff  __TI_pprof_out_hndl           
ffffffff  __TI_prof_data_size           
ffffffff  __TI_prof_data_start          
ffffffff  __binit__                     
ffffffff  __c_args__                    
ffffffff  binit                         
UNDEFED   __mpu_init                    
UNDEFED   _system_post_cinit            

[201 symbols]
