******************************************************************************
                  TI ARM Linker Unix v20.2.7                   
******************************************************************************
>> Linked Tue May  7 17:32:50 2024

OUTPUT FILE NAME:   <lab3-UART.out>
ENTRY POINT SYMBOL: "_c_int00_noargs"  address: 20007695


MEMORY CONFIGURATION

         name            origin    length      used     unused   attr    fill
----------------------  --------  ---------  --------  --------  ----  --------
  SRAM_CODE             20004000   00019000  00003e0a  000151f6  RW X
  SRAM_DATA             2001d000   00023000  000010fb  00021f05  RW X


SEGMENT ALLOCATION MAP

run origin  load origin   length   init length attrs members
----------  ----------- ---------- ----------- ----- -------
20004000    20004000    00003e10   00003e10    r-x
  20004000    20004000    00000400   00000400    r-- .intvecs
  20004400    20004400    0000361a   0000361a    r-x .text
  20007a1c    20007a1c    000003a8   000003a8    r-- .const
  20007dc8    20007dc8    00000048   00000048    r-- .cinit
2001d000    2001d000    000008fc   00000000    rw-
  2001d000    2001d000    00000800   00000000    rw- .sysmem
  2001d800    2001d800    000000a7   00000000    rw- .bss
  2001d8a8    2001d8a8    00000054   00000000    rw- .data
2003f800    2003f800    00000800   00000000    rw-
  2003f800    2003f800    00000800   00000000    rw- .stack


SECTION ALLOCATION MAP

 output                                  attributes/
section   page    origin      length       input sections
--------  ----  ----------  ----------   ----------------
.intvecs   0    20004000    00000400     
                  20004000    00000400     startup_ccs.obj (.intvecs)

.init_array 
*          0    20004000    00000000     UNINITIALIZED

.text      0    20004400    0000361a     
                  20004400    00000a4e     rtsv7M4_T_le_eabi.lib : _printfi.c.obj (.text:__TI_printfi)
                  20004e4e    00000002                           : _lock.c.obj (.text:_nop)
                  20004e50    000003d0     main.obj (.text)
                  20005220    00000398     gpio_if.obj (.text)
                  200055b8    0000027c     uart_if.obj (.text)
                  20005834    00000268     rtsv7M4_T_le_eabi.lib : _printfi.c.obj (.text:_pconv_a)
                  20005a9c    000001cc                           : _printfi.c.obj (.text:_pconv_g)
                  20005c68    000001b6                           : fd_add_t2.asm.obj (.text)
                  20005e1e    00000002                           : div0.asm.obj (.text)
                  20005e20    00000178     driverlib.a : prcm.obj (.text:PRCMCC3200MCUInit)
                  20005f98    0000013c     rtsv7M4_T_le_eabi.lib : _printfi.c.obj (.text:_pconv_e)
                  200060d4    00000138     pin_mux_config.obj (.text)
                  2000620c    00000136     rtsv7M4_T_le_eabi.lib : fd_div_t2.asm.obj (.text)
                  20006342    00000002     --HOLE-- [fill = 0]
                  20006344    00000120                           : _printfi.c.obj (.text:fcvt)
                  20006464    00000100                           : memory.c.obj (.text:aligned_alloc)
                  20006564    000000fc                           : fd_mul_t2.asm.obj (.text)
                  20006660    000000e4                           : memory.c.obj (.text:free)
                  20006744    000000e4                           : memory.c.obj (.text:realloc)
                  20006828    000000d0                           : s_scalbn.c.obj (.text:scalbn)
                  200068f8    000000b1                           : _printfi.c.obj (.text:_ltostr)
                  200069a9    00000003     --HOLE-- [fill = 0]
                  200069ac    000000a8     driverlib.a : interrupt.obj (.text:IntEnable)
                  20006a54    0000009c     rtsv7M4_T_le_eabi.lib : memcpy_t2.asm.obj (.text)
                  20006af0    00000096                           : ull_div_t2.asm.obj (.text)
                  20006b86    00000002     --HOLE-- [fill = 0]
                  20006b88    00000094     driverlib.a : prcm.obj (.text:PRCMPeripheralClockGet)
                  20006c1c    00000088                 : pin.obj (.text:PinConfigSet)
                  20006ca4    00000086     rtsv7M4_T_le_eabi.lib : fd_cmp_t2.asm.obj (.text:__aeabi_cdcmple)
                  20006d2a    00000086                           : fd_cmp_t2.asm.obj (.text:__aeabi_cdrcmple)
                  20006db0    00000082     driverlib.a : gpio.obj (.text:GPIOIntTypeSet)
                  20006e32    0000007a     rtsv7M4_T_le_eabi.lib : memset_t2.asm.obj (.text)
                  20006eac    00000076     driverlib.a : uart.obj (.text:UARTConfigSetExpClk)
                  20006f22    00000002     --HOLE-- [fill = 0]
                  20006f24    00000070     rtsv7M4_T_le_eabi.lib : memory.c.obj (.text:split)
                  20006f94    0000006e                           : _printfi.c.obj (.text:_mcpy)
                  20007002    00000068                           : copy_decompress_lzss.c.obj (.text:decompress:lzss:__TI_decompress_lzss)
                  2000706a    00000002     --HOLE-- [fill = 0]
                  2000706c    0000005c                           : s_frexp.c.obj (.text:frexp)
                  200070c8    00000058     driverlib.a : prcm.obj (.text:PRCMPeripheralReset)
                  20007120    00000056     rtsv7M4_T_le_eabi.lib : _printfi.c.obj (.text:_pconv_f)
                  20007176    00000002     --HOLE-- [fill = 0]
                  20007178    00000054     driverlib.a : interrupt.obj (.text:IntPrioritySet)
                  200071cc    00000054     rtsv7M4_T_le_eabi.lib : _ltoa.c.obj (.text:__TI_ltoa)
                  20007220    00000052                           : _printfi.c.obj (.text:_ecpy)
                  20007272    00000002     --HOLE-- [fill = 0]
                  20007274    0000004c                           : atoi.c.obj (.text:atoi)
                  200072c0    00000048     driverlib.a : gpio.obj (.text:GPIOGetIntNumber)
                  20007308    00000048     rtsv7M4_T_le_eabi.lib : fd_toi_t2.asm.obj (.text)
                  20007350    00000044     driverlib.a : uart.obj (.text:UARTIntNumberGet)
                  20007394    00000044     rtsv7M4_T_le_eabi.lib : autoinit.c.obj (.text:__TI_auto_init_nobinit_nopinit:__TI_auto_init_nobinit_nopinit)
                  200073d8    00000040     driverlib.a : pin.obj (.text:PinModeSet)
                  20007418    00000040     rtsv7M4_T_le_eabi.lib : vsnprintf.c.obj (.text:vsnprintf)
                  20007458    0000003e                           : _printfi.c.obj (.text:_fcpy)
                  20007496    00000002     --HOLE-- [fill = 0]
                  20007498    0000003c     driverlib.a : prcm.obj (.text:PRCMPeripheralClkEnable)
                  200074d4    00000036                 : gpio.obj (.text:GPIODirModeSet)
                  2000750a    00000030                 : pin.obj (.text:PinTypeGPIO)
                  2000753a    00000002     --HOLE-- [fill = 0]
                  2000753c    00000030                 : uart.obj (.text:UARTDisable)
                  2000756c    00000030     rtsv7M4_T_le_eabi.lib : vsnprintf.c.obj (.text:_outs)
                  2000759c    0000002e                           : i_tofd_t2.asm.obj (.text)
                  200075ca    00000002     --HOLE-- [fill = 0]
                  200075cc    0000002c     driverlib.a : prcm.obj (.text:PRCMSysResetCauseGet)
                  200075f8    00000028                 : prcm.obj (.text:PRCMPeripheralClkDisable)
                  20007620    00000028     rtsv7M4_T_le_eabi.lib : memory.c.obj (.text:free_list_insert)
                  20007648    00000028                           : memmov.c.obj (.text:memmove)
                  20007670    00000024     driverlib.a : uart.obj (.text:UARTEnable)
                  20007694    00000024     rtsv7M4_T_le_eabi.lib : boot_cortex_m.c.obj (.text:_c_int00_noargs:_c_int00_noargs)
                  200076b8    00000022     driverlib.a : gpio.obj (.text:GPIOIntStatus)
                  200076da    00000020                 : gpio.obj (.text:GPIOPinWrite)
                  200076fa    00000002     --HOLE-- [fill = 0]
                  200076fc    00000020                 : interrupt.obj (.text:IntRegister)
                  2000771c    0000001e                 : gpio.obj (.text:GPIOIntRegister)
                  2000773a    0000001e                 : uart.obj (.text:UARTCharPut)
                  20007758    0000001e                 : uart.obj (.text:UARTIntRegister)
                  20007776    0000001e                 : uart.obj (.text:UARTIntStatus)
                  20007794    0000001c                 : systick.obj (.text:SysTickIntRegister)
                  200077b0    0000001c                 : uart.obj (.text:UARTCharGetNonBlocking)
                  200077cc    0000001c     rtsv7M4_T_le_eabi.lib : copy_zero_init.c.obj (.text:decompress:ZI:__TI_zero_init_nomemset:__TI_zero_init_nomemset)
                  200077e8    0000001c                           : memory.c.obj (.text:free_list_remove)
                  20007804    0000001c                           : memccpy.c.obj (.text:memccpy)
                  20007820    0000001a     driverlib.a : gpio.obj (.text:GPIOIntEnable)
                  2000783a    0000001a                 : pin.obj (.text:PinTypeUART)
                  20007854    00000018                 : gpio.obj (.text:GPIOPinRead)
                  2000786c    00000018                 : systick.obj (.text:SysTickPeriodSet)
                  20007884    00000018                 : uart.obj (.text:UARTCharsAvail)
                  2000789c    00000018                 : uart.obj (.text:UARTIntEnable)
                  200078b4    00000018     rtsv7M4_T_le_eabi.lib : vsnprintf.c.obj (.text:_outc)
                  200078cc    00000018                           : ll_mul_t2.asm.obj (.text)
                  200078e4    00000016     driverlib.a : prcm.obj (.text:PRCMHIBRegRead)
                  200078fa    00000016                 : prcm.obj (.text:PRCMHIBRegWrite)
                  20007910    00000016     rtsv7M4_T_le_eabi.lib : strchr.c.obj (.text:strchr)
                  20007926    00000014     driverlib.a : cpu.obj (.text:CPUcpsie)
                  2000793a    00000014                 : gpio.obj (.text:GPIOIntClear)
                  2000794e    00000002     --HOLE-- [fill = 0]
                  20007950    00000014                 : interrupt.obj (.text:IntVTableBaseSet)
                  20007964    00000014     rtsv7M4_T_le_eabi.lib : strlen.c.obj (.text:strlen)
                  20007978    00000012     driverlib.a : uart.obj (.text:UARTIntClear)
                  2000798a    00000012     rtsv7M4_T_le_eabi.lib : wcslen.c.obj (.text:wcslen)
                  2000799c    00000010     driverlib.a : systick.obj (.text:SysTickEnable)
                  200079ac    00000010                 : systick.obj (.text:SysTickIntEnable)
                  200079bc    0000000e     rtsv7M4_T_le_eabi.lib : copy_decompress_none.c.obj (.text:decompress:none:__TI_decompress_none)
                  200079ca    0000000e     startup_ccs.obj (.text)
                  200079d8    0000000c     driverlib.a : systick.obj (.text:SysTickValueGet)
                  200079e4    0000000c     rtsv7M4_T_le_eabi.lib : s_copysign.c.obj (.text:copysign)
                  200079f0    0000000a     driverlib.a : interrupt.obj (.text:IntMasterEnable)
                  200079fa    00000002     --HOLE-- [fill = 0]
                  200079fc    00000008     rtsv7M4_T_le_eabi.lib : errno.c.obj (.text:__aeabi_errno_addr)
                  20007a04    00000008                           : memory.c.obj (.text:malloc)
                  20007a0c    00000006     driverlib.a : utils.obj (.text:UtilsDelay)
                  20007a12    00000004     rtsv7M4_T_le_eabi.lib : pre_init.c.obj (.text:_system_pre_init)
                  20007a16    00000004                           : exit.c.obj (.text:abort:abort)

.const     0    20007a1c    000003a8     
                  20007a1c    00000101     rtsv7M4_T_le_eabi.lib : ctype.c.obj (.const:.string:_ctypes_)
                  20007b1d    00000003     --HOLE-- [fill = 0]
                  20007b20    00000100     driverlib.a : pin.obj (.const:g_ulPinToPadMap)
                  20007c20    000000d4                 : interrupt.obj (.const:g_pulRegs)
                  20007cf4    000000a8                 : prcm.obj (.const:PRCM_PeriphRegsList)
                  20007d9c    00000018                 : interrupt.obj (.const:g_pulEnRegs)
                  20007db4    00000010                 : uart.obj (.const:g_ppulUARTIntMap)

.cinit     0    20007dc8    00000048     
                  20007dc8    00000022     (.cinit..data.load) [load image, compression = lzss]
                  20007dea    00000002     --HOLE-- [fill = 0]
                  20007dec    0000000c     (__TI_handler_table)
                  20007df8    00000008     (.cinit..bss.load) [load image, compression = zero_init]
                  20007e00    00000010     (__TI_cinit_table)

.sysmem    0    2001d000    00000800     UNINITIALIZED
                  2001d000    00000010     rtsv7M4_T_le_eabi.lib : memory.c.obj (.sysmem)
                  2001d010    000007f0     --HOLE--

.bss       0    2001d800    000000a7     UNINITIALIZED
                  2001d800    000000a0     (.common:delta_buffer)
                  2001d8a0    00000004     uart_if.obj (.bss)
                  2001d8a4    00000001     (.common:g_ucLED1Pin)
                  2001d8a5    00000001     (.common:g_ucLED2Pin)
                  2001d8a6    00000001     (.common:g_ucLED3Pin)

.data      0    2001d8a8    00000054     UNINITIALIZED
                  2001d8a8    00000020     main.obj (.data)
                  2001d8c8    00000014     gpio_if.obj (.data:ulReg)
                  2001d8dc    0000000c     gpio_if.obj (.data)
                  2001d8e8    00000008     rtsv7M4_T_le_eabi.lib : _lock.c.obj (.data:$O1$$)
                  2001d8f0    00000008                           : memory.c.obj (.data:$O1$$)
                  2001d8f8    00000004                           : errno.c.obj (.data)

.stack     0    2003f800    00000800     UNINITIALIZED
                  2003f800    00000004     rtsv7M4_T_le_eabi.lib : boot_cortex_m.c.obj (.stack)
                  2003f804    000007fc     --HOLE--

__llvm_prf_cnts 
*          0    2001d000    00000000     UNINITIALIZED

MODULE SUMMARY

       Module                       code    ro data   rw data
       ------                       ----    -------   -------
    ./
       main.obj                     976     0         192    
       startup_ccs.obj              14      1024      0      
       gpio_if.obj                  920     0         35     
       uart_if.obj                  636     0         4      
       pin_mux_config.obj           312     0         0      
    +--+----------------------------+-------+---------+---------+
       Total:                       2858    1024      231    
                                                             
    /Applications/ti/ccs/tools/compiler/ti-cgt-arm_20.2.7.LTS/lib/rtsv7M4_T_le_eabi.lib
       _printfi.c.obj               4835    0         0      
       memory.c.obj                 900     0         8      
       fd_add_t2.asm.obj            438     0         0      
       fd_div_t2.asm.obj            310     0         0      
       fd_cmp_t2.asm.obj            268     0         0      
       ctype.c.obj                  0       257       0      
       fd_mul_t2.asm.obj            252     0         0      
       s_scalbn.c.obj               208     0         0      
       memcpy_t2.asm.obj            156     0         0      
       ull_div_t2.asm.obj           150     0         0      
       vsnprintf.c.obj              136     0         0      
       memset_t2.asm.obj            122     0         0      
       copy_decompress_lzss.c.obj   104     0         0      
       s_frexp.c.obj                92      0         0      
       _ltoa.c.obj                  84      0         0      
       atoi.c.obj                   76      0         0      
       fd_toi_t2.asm.obj            72      0         0      
       autoinit.c.obj               68      0         0      
       i_tofd_t2.asm.obj            46      0         0      
       memmov.c.obj                 40      0         0      
       boot_cortex_m.c.obj          36      0         0      
       copy_zero_init.c.obj         28      0         0      
       memccpy.c.obj                28      0         0      
       ll_mul_t2.asm.obj            24      0         0      
       strchr.c.obj                 22      0         0      
       strlen.c.obj                 20      0         0      
       wcslen.c.obj                 18      0         0      
       copy_decompress_none.c.obj   14      0         0      
       errno.c.obj                  8       0         4      
       s_copysign.c.obj             12      0         0      
       _lock.c.obj                  2       0         8      
       exit.c.obj                   4       0         0      
       pre_init.c.obj               4       0         0      
       div0.asm.obj                 2       0         0      
    +--+----------------------------+-------+---------+---------+
       Total:                       8579    257       20     
                                                             
    /Applications/ti/lib/cc3200sdk_1.5.0/cc3200-sdk/driverlib/ccs/Release/driverlib.a
       prcm.obj                     800     168       0      
       interrupt.obj                314     236       0      
       pin.obj                      274     256       0      
       uart.obj                     454     16        0      
       gpio.obj                     422     0         0      
       systick.obj                  96      0         0      
       cpu.obj                      20      0         0      
       utils.obj                    6       0         0      
    +--+----------------------------+-------+---------+---------+
       Total:                       2386    676       0      
                                                             
       Heap:                        0       0         2048   
       Stack:                       0       0         2048   
       Linker Generated:            0       70        0      
    +--+----------------------------+-------+---------+---------+
       Grand Total:                 13823   2027      4347   


LINKER GENERATED COPY TABLES

__TI_cinit_table @ 20007e00 records: 2, size/record: 8, table size: 16
	.data: load addr=20007dc8, load size=00000022 bytes, run addr=2001d8a8, run size=00000054 bytes, compression=lzss
	.bss: load addr=20007df8, load size=00000008 bytes, run addr=2001d800, run size=000000a7 bytes, compression=zero_init


LINKER GENERATED HANDLER TABLE

__TI_handler_table @ 20007dec records: 3, size/record: 4, table size: 12
	index: 0, handler: __TI_decompress_lzss
	index: 1, handler: __TI_decompress_none
	index: 2, handler: __TI_zero_init


GLOBAL SYMBOLS: SORTED ALPHABETICALLY BY Name 

address   name                          
-------   ----                          
20007a17  C$$EXIT                       
20007927  CPUcpsie                      
200055f9  ClearTerm                     
20005603  Error                         
200074d5  GPIODirModeSet                
2000793b  GPIOIntClear                  
20007821  GPIOIntEnable                 
2000771d  GPIOIntRegister               
200076b9  GPIOIntStatus                 
20006db1  GPIOIntTypeSet                
20007855  GPIOPinRead                   
200076db  GPIOPinWrite                  
200054e1  GPIO_IF_ConfigureNIntEnable   
2000556d  GPIO_IF_Get                   
2000549b  GPIO_IF_GetPortNPin           
2000525d  GPIO_IF_LedConfigure          
2000534f  GPIO_IF_LedOff                
2000529b  GPIO_IF_LedOn                 
20005403  GPIO_IF_LedStatus             
2000546d  GPIO_IF_LedToggle             
20005529  GPIO_IF_Set                   
2000563b  GetCmd                        
200055b9  InitTerm                      
200069ad  IntEnable                     
200079f1  IntMasterEnable               
20007179  IntPrioritySet                
200076fd  IntRegister                   
20007951  IntVTableBaseSet              
200055d7  Message                       
20005e21  PRCMCC3200MCUInit             
200078e5  PRCMHIBRegRead                
200078fb  PRCMHIBRegWrite               
200075f9  PRCMPeripheralClkDisable      
20007499  PRCMPeripheralClkEnable       
20006b89  PRCMPeripheralClockGet        
200070c9  PRCMPeripheralReset           
200075cd  PRCMSysResetCauseGet          
20006c1d  PinConfigSet                  
200073d9  PinModeSet                    
200060d5  PinMuxConfig                  
2000750b  PinTypeGPIO                   
2000783b  PinTypeUART                   
20005779  Report                        
200079cb  ResetISR                      
2000799d  SysTickEnable                 
200079ad  SysTickIntEnable              
20007795  SysTickIntRegister            
2000786d  SysTickPeriodSet              
200079d9  SysTickValueGet               
200056e1  TrimSpace                     
200077b1  UARTCharGetNonBlocking        
2000773b  UARTCharPut                   
20007885  UARTCharsAvail                
20006ead  UARTConfigSetExpClk           
2000753d  UARTDisable                   
20007671  UARTEnable                    
20007979  UARTIntClear                  
2000789d  UARTIntEnable                 
20007759  UARTIntRegister               
20007777  UARTIntStatus                 
20007a0d  UtilsDelay                    
20040000  __STACK_END                   
00000800  __STACK_SIZE                  
00000800  __SYSMEM_SIZE                 
20007e00  __TI_CINIT_Base               
20007e10  __TI_CINIT_Limit              
20007dec  __TI_Handler_Table_Base       
20007df8  __TI_Handler_Table_Limit      
20007395  __TI_auto_init_nobinit_nopinit
20007003  __TI_decompress_lzss          
200079bd  __TI_decompress_none          
200071cd  __TI_ltoa                     
ffffffff  __TI_pprof_out_hndl           
20004401  __TI_printfi                  
ffffffff  __TI_prof_data_size           
ffffffff  __TI_prof_data_start          
20007dc8  __TI_static_base__            
200077cd  __TI_zero_init_nomemset       
20006ca5  __aeabi_cdcmpeq               
20006ca5  __aeabi_cdcmple               
20006d2b  __aeabi_cdrcmple              
20007309  __aeabi_d2iz                  
20005c73  __aeabi_dadd                  
2000620d  __aeabi_ddiv                  
20006565  __aeabi_dmul                  
20005c69  __aeabi_dsub                  
200079fd  __aeabi_errno_addr            
2000759d  __aeabi_i2d                   
20005e1f  __aeabi_idiv0                 
20005e1f  __aeabi_ldiv0                 
200078cd  __aeabi_lmul                  
20006e33  __aeabi_memclr                
20006e33  __aeabi_memclr4               
20006e33  __aeabi_memclr8               
20006a55  __aeabi_memcpy                
20006a55  __aeabi_memcpy4               
20006a55  __aeabi_memcpy8               
20006e35  __aeabi_memset                
20006e35  __aeabi_memset4               
20006e35  __aeabi_memset8               
20006af1  __aeabi_uldivmod              
ffffffff  __binit__                     
ffffffff  __c_args__                    
UNDEFED   __mpu_init                    
2003f800  __stack                       
2001d000  __start___llvm_prf_cnts       
2001d000  __stop___llvm_prf_cnts        
20007695  _c_int00_noargs               
20007a1c  _ctypes_                      
2001d8e8  _lock                         
20004e4f  _nop                          
2001d000  _sys_memory                   
UNDEFED   _system_post_cinit            
20007a13  _system_pre_init              
2001d8ec  _unlock                       
20007a17  abort                         
20006465  aligned_alloc                 
20007275  atoi                          
ffffffff  binit                         
200079e5  copysign                      
200079e5  copysignl                     
2001d8b8  count                         
20004fb9  decoder                       
2001d800  delta_buffer                  
2001d8f8  errno                         
20006661  free                          
2000706d  frexp                         
2000706d  frexpl                        
20004000  g_pfnVectors                  
2001d8a4  g_ucLED1Pin                   
2001d8a5  g_ucLED2Pin                   
2001d8a6  g_ucLED3Pin                   
2001d8dc  g_uiLED1Port                  
2001d8e0  g_uiLED2Port                  
2001d8e4  g_uiLED3Port                  
20006829  ldexp                         
20006829  ldexpl                        
20005095  main                          
20007a05  malloc                        
20006465  memalign                      
20007805  memccpy                       
20006a55  memcpy                        
20007649  memmove                       
20006e3b  memset                        
2001d8c0  readReady                     
20006745  realloc                       
2001d8c4  receiveReady                  
20006829  scalbn                        
20006829  scalbnl                       
2001d8bc  start                         
20007911  strchr                        
20007965  strlen                        
2001d8b0  systick_cnt                   
2001d8b4  systick_expired               
2001d8a8  ulsystick_delta_us            
20007419  vsnprintf                     
2000798b  wcslen                        


GLOBAL SYMBOLS: SORTED BY Symbol Address 

address   name                          
-------   ----                          
00000800  __STACK_SIZE                  
00000800  __SYSMEM_SIZE                 
20004000  g_pfnVectors                  
20004401  __TI_printfi                  
20004e4f  _nop                          
20004fb9  decoder                       
20005095  main                          
2000525d  GPIO_IF_LedConfigure          
2000529b  GPIO_IF_LedOn                 
2000534f  GPIO_IF_LedOff                
20005403  GPIO_IF_LedStatus             
2000546d  GPIO_IF_LedToggle             
2000549b  GPIO_IF_GetPortNPin           
200054e1  GPIO_IF_ConfigureNIntEnable   
20005529  GPIO_IF_Set                   
2000556d  GPIO_IF_Get                   
200055b9  InitTerm                      
200055d7  Message                       
200055f9  ClearTerm                     
20005603  Error                         
2000563b  GetCmd                        
200056e1  TrimSpace                     
20005779  Report                        
20005c69  __aeabi_dsub                  
20005c73  __aeabi_dadd                  
20005e1f  __aeabi_idiv0                 
20005e1f  __aeabi_ldiv0                 
20005e21  PRCMCC3200MCUInit             
200060d5  PinMuxConfig                  
2000620d  __aeabi_ddiv                  
20006465  aligned_alloc                 
20006465  memalign                      
20006565  __aeabi_dmul                  
20006661  free                          
20006745  realloc                       
20006829  ldexp                         
20006829  ldexpl                        
20006829  scalbn                        
20006829  scalbnl                       
200069ad  IntEnable                     
20006a55  __aeabi_memcpy                
20006a55  __aeabi_memcpy4               
20006a55  __aeabi_memcpy8               
20006a55  memcpy                        
20006af1  __aeabi_uldivmod              
20006b89  PRCMPeripheralClockGet        
20006c1d  PinConfigSet                  
20006ca5  __aeabi_cdcmpeq               
20006ca5  __aeabi_cdcmple               
20006d2b  __aeabi_cdrcmple              
20006db1  GPIOIntTypeSet                
20006e33  __aeabi_memclr                
20006e33  __aeabi_memclr4               
20006e33  __aeabi_memclr8               
20006e35  __aeabi_memset                
20006e35  __aeabi_memset4               
20006e35  __aeabi_memset8               
20006e3b  memset                        
20006ead  UARTConfigSetExpClk           
20007003  __TI_decompress_lzss          
2000706d  frexp                         
2000706d  frexpl                        
200070c9  PRCMPeripheralReset           
20007179  IntPrioritySet                
200071cd  __TI_ltoa                     
20007275  atoi                          
20007309  __aeabi_d2iz                  
20007395  __TI_auto_init_nobinit_nopinit
200073d9  PinModeSet                    
20007419  vsnprintf                     
20007499  PRCMPeripheralClkEnable       
200074d5  GPIODirModeSet                
2000750b  PinTypeGPIO                   
2000753d  UARTDisable                   
2000759d  __aeabi_i2d                   
200075cd  PRCMSysResetCauseGet          
200075f9  PRCMPeripheralClkDisable      
20007649  memmove                       
20007671  UARTEnable                    
20007695  _c_int00_noargs               
200076b9  GPIOIntStatus                 
200076db  GPIOPinWrite                  
200076fd  IntRegister                   
2000771d  GPIOIntRegister               
2000773b  UARTCharPut                   
20007759  UARTIntRegister               
20007777  UARTIntStatus                 
20007795  SysTickIntRegister            
200077b1  UARTCharGetNonBlocking        
200077cd  __TI_zero_init_nomemset       
20007805  memccpy                       
20007821  GPIOIntEnable                 
2000783b  PinTypeUART                   
20007855  GPIOPinRead                   
2000786d  SysTickPeriodSet              
20007885  UARTCharsAvail                
2000789d  UARTIntEnable                 
200078cd  __aeabi_lmul                  
200078e5  PRCMHIBRegRead                
200078fb  PRCMHIBRegWrite               
20007911  strchr                        
20007927  CPUcpsie                      
2000793b  GPIOIntClear                  
20007951  IntVTableBaseSet              
20007965  strlen                        
20007979  UARTIntClear                  
2000798b  wcslen                        
2000799d  SysTickEnable                 
200079ad  SysTickIntEnable              
200079bd  __TI_decompress_none          
200079cb  ResetISR                      
200079d9  SysTickValueGet               
200079e5  copysign                      
200079e5  copysignl                     
200079f1  IntMasterEnable               
200079fd  __aeabi_errno_addr            
20007a05  malloc                        
20007a0d  UtilsDelay                    
20007a13  _system_pre_init              
20007a17  C$$EXIT                       
20007a17  abort                         
20007a1c  _ctypes_                      
20007dc8  __TI_static_base__            
20007dec  __TI_Handler_Table_Base       
20007df8  __TI_Handler_Table_Limit      
20007e00  __TI_CINIT_Base               
20007e10  __TI_CINIT_Limit              
2001d000  __start___llvm_prf_cnts       
2001d000  __stop___llvm_prf_cnts        
2001d000  _sys_memory                   
2001d800  delta_buffer                  
2001d8a4  g_ucLED1Pin                   
2001d8a5  g_ucLED2Pin                   
2001d8a6  g_ucLED3Pin                   
2001d8a8  ulsystick_delta_us            
2001d8b0  systick_cnt                   
2001d8b4  systick_expired               
2001d8b8  count                         
2001d8bc  start                         
2001d8c0  readReady                     
2001d8c4  receiveReady                  
2001d8dc  g_uiLED1Port                  
2001d8e0  g_uiLED2Port                  
2001d8e4  g_uiLED3Port                  
2001d8e8  _lock                         
2001d8ec  _unlock                       
2001d8f8  errno                         
2003f800  __stack                       
20040000  __STACK_END                   
ffffffff  __TI_pprof_out_hndl           
ffffffff  __TI_prof_data_size           
ffffffff  __TI_prof_data_start          
ffffffff  __binit__                     
ffffffff  __c_args__                    
ffffffff  binit                         
UNDEFED   __mpu_init                    
UNDEFED   _system_post_cinit            

[157 symbols]
