******************************************************************************
                  TI ARM Linker Unix v20.2.7                   
******************************************************************************
>> Linked Wed Apr 24 11:26:27 2024

OUTPUT FILE NAME:   <blinky.out>
ENTRY POINT SYMBOL: "_c_int00_noargs"  address: 200070ad


MEMORY CONFIGURATION

         name            origin    length      used     unused   attr    fill
----------------------  --------  ---------  --------  --------  ----  --------
  SRAM_CODE             20004000   00019000  00003616  000159ea  RW X
  SRAM_DATA             2001d000   00023000  0000102a  00021fd6  RW X


SEGMENT ALLOCATION MAP

run origin  load origin   length   init length attrs members
----------  ----------- ---------- ----------- ----- -------
20004000    20004000    00003618   00003618    r-x
  20004000    20004000    00000400   00000400    r-- .intvecs
  20004400    20004400    00002f1a   00002f1a    r-x .text
  2000731c    2000731c    000002c4   000002c4    r-- .const
  200075e0    200075e0    00000038   00000038    r-- .cinit
2001d000    2001d000    0000082a   00000000    rw-
  2001d000    2001d000    00000800   00000000    rw- .sysmem
  2001d800    2001d800    0000001c   00000000    rw- .data
  2001d81c    2001d81c    0000000e   00000000    rw- .bss
2003f800    2003f800    00000800   00000000    rw-
  2003f800    2003f800    00000800   00000000    rw- .stack


SECTION ALLOCATION MAP

 output                                  attributes/
section   page    origin      length       input sections
--------  ----  ----------  ----------   ----------------
.intvecs   0    20004000    00000400     
                  20004000    00000400     startup_ccs.obj (.intvecs)

.init_array 
*          0    20004000    00000000     UNINITIALIZED

.text      0    20004400    00002f1a     
                  20004400    00000a4e     rtsv7M4_T_le_eabi.lib : _printfi.c.obj (.text:__TI_printfi)
                  20004e4e    00000002                           : _lock.c.obj (.text:_nop)
                  20004e50    0000027c     uart_if.obj (.text)
                  200050cc    00000268     rtsv7M4_T_le_eabi.lib : _printfi.c.obj (.text:_pconv_a)
                  20005334    00000258     main.obj (.text)
                  2000558c    000001cc     rtsv7M4_T_le_eabi.lib : _printfi.c.obj (.text:_pconv_g)
                  20005758    000001b6                           : fd_add_t2.asm.obj (.text)
                  2000590e    00000002                           : div0.asm.obj (.text)
                  20005910    00000178     driverlib.a : prcm.obj (.text:PRCMCC3200MCUInit)
                  20005a88    0000013c     rtsv7M4_T_le_eabi.lib : _printfi.c.obj (.text:_pconv_e)
                  20005bc4    00000136                           : fd_div_t2.asm.obj (.text)
                  20005cfa    00000002     --HOLE-- [fill = 0]
                  20005cfc    00000120                           : _printfi.c.obj (.text:fcvt)
                  20005e1c    00000100                           : memory.c.obj (.text:aligned_alloc)
                  20005f1c    000000fc     pin_mux_config.obj (.text)
                  20006018    000000fc     rtsv7M4_T_le_eabi.lib : fd_mul_t2.asm.obj (.text)
                  20006114    000000e4                           : memory.c.obj (.text:free)
                  200061f8    000000e4                           : memory.c.obj (.text:realloc)
                  200062dc    000000d0                           : s_scalbn.c.obj (.text:scalbn)
                  200063ac    000000b1                           : _printfi.c.obj (.text:_ltostr)
                  2000645d    00000003     --HOLE-- [fill = 0]
                  20006460    000000a8     driverlib.a : interrupt.obj (.text:IntEnable)
                  20006508    0000009c     rtsv7M4_T_le_eabi.lib : memcpy_t2.asm.obj (.text)
                  200065a4    00000096                           : ull_div_t2.asm.obj (.text)
                  2000663a    00000002     --HOLE-- [fill = 0]
                  2000663c    00000094     driverlib.a : prcm.obj (.text:PRCMPeripheralClockGet)
                  200066d0    00000088                 : pin.obj (.text:PinConfigSet)
                  20006758    00000086     rtsv7M4_T_le_eabi.lib : fd_cmp_t2.asm.obj (.text:__aeabi_cdcmple)
                  200067de    00000086                           : fd_cmp_t2.asm.obj (.text:__aeabi_cdrcmple)
                  20006864    00000082     driverlib.a : gpio.obj (.text:GPIOIntTypeSet)
                  200068e6    0000007a     rtsv7M4_T_le_eabi.lib : memset_t2.asm.obj (.text)
                  20006960    00000076     driverlib.a : uart.obj (.text:UARTConfigSetExpClk)
                  200069d6    00000002     --HOLE-- [fill = 0]
                  200069d8    00000070     rtsv7M4_T_le_eabi.lib : memory.c.obj (.text:split)
                  20006a48    0000006e                           : _printfi.c.obj (.text:_mcpy)
                  20006ab6    00000068                           : copy_decompress_lzss.c.obj (.text:decompress:lzss:__TI_decompress_lzss)
                  20006b1e    00000002     --HOLE-- [fill = 0]
                  20006b20    0000005c                           : s_frexp.c.obj (.text:frexp)
                  20006b7c    00000058     driverlib.a : prcm.obj (.text:PRCMPeripheralReset)
                  20006bd4    00000056     rtsv7M4_T_le_eabi.lib : _printfi.c.obj (.text:_pconv_f)
                  20006c2a    00000054                           : _ltoa.c.obj (.text:__TI_ltoa)
                  20006c7e    00000052                           : _printfi.c.obj (.text:_ecpy)
                  20006cd0    0000004c                           : atoi.c.obj (.text:atoi)
                  20006d1c    00000048     driverlib.a : gpio.obj (.text:GPIOGetIntNumber)
                  20006d64    00000048     rtsv7M4_T_le_eabi.lib : fd_toi_t2.asm.obj (.text)
                  20006dac    00000044                           : autoinit.c.obj (.text:__TI_auto_init_nobinit_nopinit:__TI_auto_init_nobinit_nopinit)
                  20006df0    00000040     driverlib.a : pin.obj (.text:PinModeSet)
                  20006e30    00000040     rtsv7M4_T_le_eabi.lib : vsnprintf.c.obj (.text:vsnprintf)
                  20006e70    0000003e                           : _printfi.c.obj (.text:_fcpy)
                  20006eae    00000002     --HOLE-- [fill = 0]
                  20006eb0    0000003c     driverlib.a : prcm.obj (.text:PRCMPeripheralClkEnable)
                  20006eec    00000036                 : gpio.obj (.text:GPIODirModeSet)
                  20006f22    00000030                 : pin.obj (.text:PinTypeGPIO)
                  20006f52    00000002     --HOLE-- [fill = 0]
                  20006f54    00000030                 : uart.obj (.text:UARTDisable)
                  20006f84    00000030     rtsv7M4_T_le_eabi.lib : vsnprintf.c.obj (.text:_outs)
                  20006fb4    0000002e                           : i_tofd_t2.asm.obj (.text)
                  20006fe2    00000002     --HOLE-- [fill = 0]
                  20006fe4    0000002c     driverlib.a : prcm.obj (.text:PRCMSysResetCauseGet)
                  20007010    00000028                 : prcm.obj (.text:PRCMPeripheralClkDisable)
                  20007038    00000028     rtsv7M4_T_le_eabi.lib : memory.c.obj (.text:free_list_insert)
                  20007060    00000028                           : memmov.c.obj (.text:memmove)
                  20007088    00000024     driverlib.a : uart.obj (.text:UARTEnable)
                  200070ac    00000024     rtsv7M4_T_le_eabi.lib : boot_cortex_m.c.obj (.text:_c_int00_noargs:_c_int00_noargs)
                  200070d0    00000022     driverlib.a : gpio.obj (.text:GPIOIntStatus)
                  200070f2    00000002     --HOLE-- [fill = 0]
                  200070f4    00000020                 : interrupt.obj (.text:IntRegister)
                  20007114    0000001e                 : gpio.obj (.text:GPIOIntRegister)
                  20007132    0000001e                 : uart.obj (.text:UARTCharPut)
                  20007150    0000001c                 : uart.obj (.text:UARTCharGetNonBlocking)
                  2000716c    0000001c     rtsv7M4_T_le_eabi.lib : copy_zero_init.c.obj (.text:decompress:ZI:__TI_zero_init_nomemset:__TI_zero_init_nomemset)
                  20007188    0000001c                           : memory.c.obj (.text:free_list_remove)
                  200071a4    0000001c                           : memccpy.c.obj (.text:memccpy)
                  200071c0    0000001a     driverlib.a : gpio.obj (.text:GPIOIntEnable)
                  200071da    0000001a                 : pin.obj (.text:PinTypeUART)
                  200071f4    00000018                 : uart.obj (.text:UARTCharsAvail)
                  2000720c    00000018     rtsv7M4_T_le_eabi.lib : vsnprintf.c.obj (.text:_outc)
                  20007224    00000016     driverlib.a : prcm.obj (.text:PRCMHIBRegRead)
                  2000723a    00000016                 : prcm.obj (.text:PRCMHIBRegWrite)
                  20007250    00000016     rtsv7M4_T_le_eabi.lib : strchr.c.obj (.text:strchr)
                  20007266    00000014     driverlib.a : cpu.obj (.text:CPUcpsie)
                  2000727a    00000014                 : gpio.obj (.text:GPIOIntClear)
                  2000728e    00000002     --HOLE-- [fill = 0]
                  20007290    00000014                 : interrupt.obj (.text:IntVTableBaseSet)
                  200072a4    00000014     rtsv7M4_T_le_eabi.lib : strlen.c.obj (.text:strlen)
                  200072b8    00000012                           : wcslen.c.obj (.text:wcslen)
                  200072ca    0000000e                           : copy_decompress_none.c.obj (.text:decompress:none:__TI_decompress_none)
                  200072d8    0000000e     startup_ccs.obj (.text)
                  200072e6    0000000c     rtsv7M4_T_le_eabi.lib : s_copysign.c.obj (.text:copysign)
                  200072f2    0000000a     driverlib.a : interrupt.obj (.text:IntMasterEnable)
                  200072fc    00000008     rtsv7M4_T_le_eabi.lib : errno.c.obj (.text:__aeabi_errno_addr)
                  20007304    00000008                           : memory.c.obj (.text:malloc)
                  2000730c    00000006     driverlib.a : utils.obj (.text:UtilsDelay)
                  20007312    00000004     rtsv7M4_T_le_eabi.lib : pre_init.c.obj (.text:_system_pre_init)
                  20007316    00000004                           : exit.c.obj (.text:abort:abort)

.const     0    2000731c    000002c4     
                  2000731c    00000101     rtsv7M4_T_le_eabi.lib : ctype.c.obj (.const:.string:_ctypes_)
                  2000741d    00000003     --HOLE-- [fill = 0]
                  20007420    00000100     driverlib.a : pin.obj (.const:g_ulPinToPadMap)
                  20007520    000000a8                 : prcm.obj (.const:PRCM_PeriphRegsList)
                  200075c8    00000018                 : interrupt.obj (.const:g_pulEnRegs)

.cinit     0    200075e0    00000038     
                  200075e0    00000014     (.cinit..data.load) [load image, compression = lzss]
                  200075f4    0000000c     (__TI_handler_table)
                  20007600    00000008     (.cinit..bss.load) [load image, compression = zero_init]
                  20007608    00000010     (__TI_cinit_table)

.sysmem    0    2001d000    00000800     UNINITIALIZED
                  2001d000    00000010     rtsv7M4_T_le_eabi.lib : memory.c.obj (.sysmem)
                  2001d010    000007f0     --HOLE--

.data      0    2001d800    0000001c     UNINITIALIZED
                  2001d800    00000008     rtsv7M4_T_le_eabi.lib : _lock.c.obj (.data:$O1$$)
                  2001d808    00000008                           : memory.c.obj (.data:$O1$$)
                  2001d810    00000008     main.obj (.data:switch2)
                  2001d818    00000004     rtsv7M4_T_le_eabi.lib : errno.c.obj (.data)

.bss       0    2001d81c    0000000e     UNINITIALIZED
                  2001d81c    00000004     uart_if.obj (.bss)
                  2001d820    00000004     (.common:SW2_intcount)
                  2001d824    00000004     (.common:SW3_intcount)
                  2001d828    00000001     (.common:SW2_intflag)
                  2001d829    00000001     (.common:SW3_intflag)

.stack     0    2003f800    00000800     UNINITIALIZED
                  2003f800    00000004     rtsv7M4_T_le_eabi.lib : boot_cortex_m.c.obj (.stack)
                  2003f804    000007fc     --HOLE--

__llvm_prf_cnts 
*          0    2001d000    00000000     UNINITIALIZED

MODULE SUMMARY

       Module                       code    ro data   rw data
       ------                       ----    -------   -------
    ./
       startup_ccs.obj              14      1024      0      
       uart_if.obj                  636     0         4      
       main.obj                     600     0         18     
       pin_mux_config.obj           252     0         0      
    +--+----------------------------+-------+---------+---------+
       Total:                       1502    1024      22     
                                                             
    /Applications/ti/ccs/tools/compiler/ti-cgt-arm_20.2.7.LTS/lib/rtsv7M4_T_le_eabi.lib
       _printfi.c.obj               4835    0         0      
       memory.c.obj                 900     0         8      
       fd_add_t2.asm.obj            438     0         0      
       fd_div_t2.asm.obj            310     0         0      
       fd_cmp_t2.asm.obj            268     0         0      
       ctype.c.obj                  0       257       0      
       fd_mul_t2.asm.obj            252     0         0      
       s_scalbn.c.obj               208     0         0      
       memcpy_t2.asm.obj            156     0         0      
       ull_div_t2.asm.obj           150     0         0      
       vsnprintf.c.obj              136     0         0      
       memset_t2.asm.obj            122     0         0      
       copy_decompress_lzss.c.obj   104     0         0      
       s_frexp.c.obj                92      0         0      
       _ltoa.c.obj                  84      0         0      
       atoi.c.obj                   76      0         0      
       fd_toi_t2.asm.obj            72      0         0      
       autoinit.c.obj               68      0         0      
       i_tofd_t2.asm.obj            46      0         0      
       memmov.c.obj                 40      0         0      
       boot_cortex_m.c.obj          36      0         0      
       copy_zero_init.c.obj         28      0         0      
       memccpy.c.obj                28      0         0      
       strchr.c.obj                 22      0         0      
       strlen.c.obj                 20      0         0      
       wcslen.c.obj                 18      0         0      
       copy_decompress_none.c.obj   14      0         0      
       errno.c.obj                  8       0         4      
       s_copysign.c.obj             12      0         0      
       _lock.c.obj                  2       0         8      
       exit.c.obj                   4       0         0      
       pre_init.c.obj               4       0         0      
       div0.asm.obj                 2       0         0      
    +--+----------------------------+-------+---------+---------+
       Total:                       8555    257       20     
                                                             
    /Applications/ti/lib/cc3200sdk_1.5.0/cc3200-sdk/driverlib/ccs/Release/driverlib.a
       prcm.obj                     800     168       0      
       pin.obj                      274     256       0      
       gpio.obj                     366     0         0      
       uart.obj                     284     0         0      
       interrupt.obj                230     24        0      
       cpu.obj                      20      0         0      
       utils.obj                    6       0         0      
    +--+----------------------------+-------+---------+---------+
       Total:                       1980    448       0      
                                                             
       Heap:                        0       0         2048   
       Stack:                       0       0         2048   
       Linker Generated:            0       56        0      
    +--+----------------------------+-------+---------+---------+
       Grand Total:                 12037   1785      4138   


LINKER GENERATED COPY TABLES

__TI_cinit_table @ 20007608 records: 2, size/record: 8, table size: 16
	.data: load addr=200075e0, load size=00000014 bytes, run addr=2001d800, run size=0000001c bytes, compression=lzss
	.bss: load addr=20007600, load size=00000008 bytes, run addr=2001d81c, run size=0000000e bytes, compression=zero_init


LINKER GENERATED HANDLER TABLE

__TI_handler_table @ 200075f4 records: 3, size/record: 4, table size: 12
	index: 0, handler: __TI_decompress_lzss
	index: 1, handler: __TI_decompress_none
	index: 2, handler: __TI_zero_init


GLOBAL SYMBOLS: SORTED ALPHABETICALLY BY Name 

address   name                          
-------   ----                          
20007317  C$$EXIT                       
20007267  CPUcpsie                      
20004e91  ClearTerm                     
20004e9b  Error                         
20006eed  GPIODirModeSet                
2000727b  GPIOIntClear                  
200071c1  GPIOIntEnable                 
20007115  GPIOIntRegister               
200070d1  GPIOIntStatus                 
20006865  GPIOIntTypeSet                
20004ed3  GetCmd                        
20004e51  InitTerm                      
20006461  IntEnable                     
200072f3  IntMasterEnable               
200070f5  IntRegister                   
20007291  IntVTableBaseSet              
20004e6f  Message                       
20005911  PRCMCC3200MCUInit             
20007225  PRCMHIBRegRead                
2000723b  PRCMHIBRegWrite               
20007011  PRCMPeripheralClkDisable      
20006eb1  PRCMPeripheralClkEnable       
2000663d  PRCMPeripheralClockGet        
20006b7d  PRCMPeripheralReset           
20006fe5  PRCMSysResetCauseGet          
200066d1  PinConfigSet                  
20006df1  PinModeSet                    
20005f1d  PinMuxConfig                  
20006f23  PinTypeGPIO                   
200071db  PinTypeUART                   
20005011  Report                        
200072d9  ResetISR                      
2001d820  SW2_intcount                  
2001d828  SW2_intflag                   
2001d824  SW3_intcount                  
2001d829  SW3_intflag                   
20004f79  TrimSpace                     
20007151  UARTCharGetNonBlocking        
20007133  UARTCharPut                   
200071f5  UARTCharsAvail                
20006961  UARTConfigSetExpClk           
20006f55  UARTDisable                   
20007089  UARTEnable                    
2000730d  UtilsDelay                    
20040000  __STACK_END                   
00000800  __STACK_SIZE                  
00000800  __SYSMEM_SIZE                 
20007608  __TI_CINIT_Base               
20007618  __TI_CINIT_Limit              
200075f4  __TI_Handler_Table_Base       
20007600  __TI_Handler_Table_Limit      
20006dad  __TI_auto_init_nobinit_nopinit
20006ab7  __TI_decompress_lzss          
200072cb  __TI_decompress_none          
20006c2b  __TI_ltoa                     
ffffffff  __TI_pprof_out_hndl           
20004401  __TI_printfi                  
ffffffff  __TI_prof_data_size           
ffffffff  __TI_prof_data_start          
200075e0  __TI_static_base__            
2000716d  __TI_zero_init_nomemset       
20006759  __aeabi_cdcmpeq               
20006759  __aeabi_cdcmple               
200067df  __aeabi_cdrcmple              
20006d65  __aeabi_d2iz                  
20005763  __aeabi_dadd                  
20005bc5  __aeabi_ddiv                  
20006019  __aeabi_dmul                  
20005759  __aeabi_dsub                  
200072fd  __aeabi_errno_addr            
20006fb5  __aeabi_i2d                   
2000590f  __aeabi_idiv0                 
2000590f  __aeabi_ldiv0                 
200068e7  __aeabi_memclr                
200068e7  __aeabi_memclr4               
200068e7  __aeabi_memclr8               
20006509  __aeabi_memcpy                
20006509  __aeabi_memcpy4               
20006509  __aeabi_memcpy8               
200068e9  __aeabi_memset                
200068e9  __aeabi_memset4               
200068e9  __aeabi_memset8               
200065a5  __aeabi_uldivmod              
ffffffff  __binit__                     
ffffffff  __c_args__                    
UNDEFED   __mpu_init                    
2003f800  __stack                       
2001d000  __start___llvm_prf_cnts       
2001d000  __stop___llvm_prf_cnts        
200070ad  _c_int00_noargs               
2000731c  _ctypes_                      
2001d800  _lock                         
20004e4f  _nop                          
2001d000  _sys_memory                   
UNDEFED   _system_post_cinit            
20007313  _system_pre_init              
2001d804  _unlock                       
20007317  abort                         
20005e1d  aligned_alloc                 
20006cd1  atoi                          
ffffffff  binit                         
200072e7  copysign                      
200072e7  copysignl                     
2001d818  errno                         
20006115  free                          
20006b21  frexp                         
20006b21  frexpl                        
20004000  g_pfnVectors                  
200062dd  ldexp                         
200062dd  ldexpl                        
20005399  main                          
20007305  malloc                        
20005e1d  memalign                      
200071a5  memccpy                       
20006509  memcpy                        
20007061  memmove                       
200068ef  memset                        
200061f9  realloc                       
200062dd  scalbn                        
200062dd  scalbnl                       
20007251  strchr                        
200072a5  strlen                        
20006e31  vsnprintf                     
200072b9  wcslen                        


GLOBAL SYMBOLS: SORTED BY Symbol Address 

address   name                          
-------   ----                          
00000800  __STACK_SIZE                  
00000800  __SYSMEM_SIZE                 
20004000  g_pfnVectors                  
20004401  __TI_printfi                  
20004e4f  _nop                          
20004e51  InitTerm                      
20004e6f  Message                       
20004e91  ClearTerm                     
20004e9b  Error                         
20004ed3  GetCmd                        
20004f79  TrimSpace                     
20005011  Report                        
20005399  main                          
20005759  __aeabi_dsub                  
20005763  __aeabi_dadd                  
2000590f  __aeabi_idiv0                 
2000590f  __aeabi_ldiv0                 
20005911  PRCMCC3200MCUInit             
20005bc5  __aeabi_ddiv                  
20005e1d  aligned_alloc                 
20005e1d  memalign                      
20005f1d  PinMuxConfig                  
20006019  __aeabi_dmul                  
20006115  free                          
200061f9  realloc                       
200062dd  ldexp                         
200062dd  ldexpl                        
200062dd  scalbn                        
200062dd  scalbnl                       
20006461  IntEnable                     
20006509  __aeabi_memcpy                
20006509  __aeabi_memcpy4               
20006509  __aeabi_memcpy8               
20006509  memcpy                        
200065a5  __aeabi_uldivmod              
2000663d  PRCMPeripheralClockGet        
200066d1  PinConfigSet                  
20006759  __aeabi_cdcmpeq               
20006759  __aeabi_cdcmple               
200067df  __aeabi_cdrcmple              
20006865  GPIOIntTypeSet                
200068e7  __aeabi_memclr                
200068e7  __aeabi_memclr4               
200068e7  __aeabi_memclr8               
200068e9  __aeabi_memset                
200068e9  __aeabi_memset4               
200068e9  __aeabi_memset8               
200068ef  memset                        
20006961  UARTConfigSetExpClk           
20006ab7  __TI_decompress_lzss          
20006b21  frexp                         
20006b21  frexpl                        
20006b7d  PRCMPeripheralReset           
20006c2b  __TI_ltoa                     
20006cd1  atoi                          
20006d65  __aeabi_d2iz                  
20006dad  __TI_auto_init_nobinit_nopinit
20006df1  PinModeSet                    
20006e31  vsnprintf                     
20006eb1  PRCMPeripheralClkEnable       
20006eed  GPIODirModeSet                
20006f23  PinTypeGPIO                   
20006f55  UARTDisable                   
20006fb5  __aeabi_i2d                   
20006fe5  PRCMSysResetCauseGet          
20007011  PRCMPeripheralClkDisable      
20007061  memmove                       
20007089  UARTEnable                    
200070ad  _c_int00_noargs               
200070d1  GPIOIntStatus                 
200070f5  IntRegister                   
20007115  GPIOIntRegister               
20007133  UARTCharPut                   
20007151  UARTCharGetNonBlocking        
2000716d  __TI_zero_init_nomemset       
200071a5  memccpy                       
200071c1  GPIOIntEnable                 
200071db  PinTypeUART                   
200071f5  UARTCharsAvail                
20007225  PRCMHIBRegRead                
2000723b  PRCMHIBRegWrite               
20007251  strchr                        
20007267  CPUcpsie                      
2000727b  GPIOIntClear                  
20007291  IntVTableBaseSet              
200072a5  strlen                        
200072b9  wcslen                        
200072cb  __TI_decompress_none          
200072d9  ResetISR                      
200072e7  copysign                      
200072e7  copysignl                     
200072f3  IntMasterEnable               
200072fd  __aeabi_errno_addr            
20007305  malloc                        
2000730d  UtilsDelay                    
20007313  _system_pre_init              
20007317  C$$EXIT                       
20007317  abort                         
2000731c  _ctypes_                      
200075e0  __TI_static_base__            
200075f4  __TI_Handler_Table_Base       
20007600  __TI_Handler_Table_Limit      
20007608  __TI_CINIT_Base               
20007618  __TI_CINIT_Limit              
2001d000  __start___llvm_prf_cnts       
2001d000  __stop___llvm_prf_cnts        
2001d000  _sys_memory                   
2001d800  _lock                         
2001d804  _unlock                       
2001d818  errno                         
2001d820  SW2_intcount                  
2001d824  SW3_intcount                  
2001d828  SW2_intflag                   
2001d829  SW3_intflag                   
2003f800  __stack                       
20040000  __STACK_END                   
ffffffff  __TI_pprof_out_hndl           
ffffffff  __TI_prof_data_size           
ffffffff  __TI_prof_data_start          
ffffffff  __binit__                     
ffffffff  __c_args__                    
ffffffff  binit                         
UNDEFED   __mpu_init                    
UNDEFED   _system_post_cinit            

[124 symbols]
