******************************************************************************
                  TI ARM Linker Unix v20.2.7                   
******************************************************************************
>> Linked Wed May  8 11:47:19 2024

OUTPUT FILE NAME:   <lab2-pt1.out>
ENTRY POINT SYMBOL: "_c_int00_noargs"  address: 20006619


MEMORY CONFIGURATION

         name            origin    length      used     unused   attr    fill
----------------------  --------  ---------  --------  --------  ----  --------
  SRAM_CODE             20004000   00013000  00002fd4  0001002c  RW X
  SRAM_DATA             20017000   00019000  0000103b  00017fc5  RW X


SEGMENT ALLOCATION MAP

run origin  load origin   length   init length attrs members
----------  ----------- ---------- ----------- ----- -------
20004000    20004000    00002fd8   00002fd8    r-x
  20004000    20004000    00000400   00000400    r-- .intvecs
  20004400    20004400    000023f4   000023f4    r-x .text
  200067f4    200067f4    00000790   00000790    r-- .const
  20006f88    20006f88    00000050   00000050    r-- .cinit
20017000    20017000    0000083b   00000000    rw-
  20017000    20017000    00000800   00000000    rw- .sysmem
  20017800    20017800    00000038   00000000    rw- .data
  20017838    20017838    00000003   00000000    rw- .bss
2002f800    2002f800    00000800   00000000    rw-
  2002f800    2002f800    00000800   00000000    rw- .stack


SECTION ALLOCATION MAP

 output                                  attributes/
section   page    origin      length       input sections
--------  ----  ----------  ----------   ----------------
.intvecs   0    20004000    00000400     
                  20004000    00000400     startup_ccs.obj (.intvecs)

.init_array 
*          0    20004000    00000000     UNINITIALIZED

.text      0    20004400    000023f4     
                  20004400    00000a80     Adafruit_GFX.obj (.text)
                  20004e80    00000492     Adafruit_OLED.obj (.text)
                  20005312    00000002     --HOLE-- [fill = 0]
                  20005314    00000398     gpio_if.obj (.text)
                  200056ac    00000360     main.obj (.text)
                  20005a0c    00000178     driverlib.a : prcm.obj (.text:PRCMCC3200MCUInit)
                  20005b84    00000158     pin_mux_config.obj (.text)
                  20005cdc    000000d0     driverlib.a : spi.obj (.text:SPITransfer32)
                  20005dac    000000ce                 : spi.obj (.text:SPITransfer16)
                  20005e7a    000000b8                 : spi.obj (.text:SPITransfer8)
                  20005f32    00000002     --HOLE-- [fill = 0]
                  20005f34    000000a8                 : interrupt.obj (.text:IntEnable)
                  20005fdc    000000a0                 : spi.obj (.text:SPIConfigSetExpClk)
                  2000607c    0000009c     rtsv7M4_T_le_eabi.lib : memcpy_t2.asm.obj (.text)
                  20006118    00000094     driverlib.a : prcm.obj (.text:PRCMPeripheralClockGet)
                  200061ac    00000088                 : pin.obj (.text:PinConfigSet)
                  20006234    00000088                 : spi.obj (.text:SPITransfer)
                  200062bc    00000082                 : gpio.obj (.text:GPIOIntTypeSet)
                  2000633e    00000068     rtsv7M4_T_le_eabi.lib : copy_decompress_lzss.c.obj (.text:decompress:lzss:__TI_decompress_lzss)
                  200063a6    00000002     --HOLE-- [fill = 0]
                  200063a8    00000058     driverlib.a : prcm.obj (.text:PRCMPeripheralReset)
                  20006400    00000054                 : interrupt.obj (.text:IntPrioritySet)
                  20006454    00000048                 : gpio.obj (.text:GPIOGetIntNumber)
                  2000649c    00000044     rtsv7M4_T_le_eabi.lib : autoinit.c.obj (.text:__TI_auto_init_nobinit_nopinit:__TI_auto_init_nobinit_nopinit)
                  200064e0    00000040     driverlib.a : pin.obj (.text:PinModeSet)
                  20006520    0000003c                 : prcm.obj (.text:PRCMPeripheralClkEnable)
                  2000655c    00000036                 : gpio.obj (.text:GPIODirModeSet)
                  20006592    00000030                 : pin.obj (.text:PinTypeGPIO)
                  200065c2    00000002     --HOLE-- [fill = 0]
                  200065c4    0000002c                 : prcm.obj (.text:PRCMSysResetCauseGet)
                  200065f0    00000028                 : prcm.obj (.text:PRCMPeripheralClkDisable)
                  20006618    00000024     rtsv7M4_T_le_eabi.lib : boot_cortex_m.c.obj (.text:_c_int00_noargs:_c_int00_noargs)
                  2000663c    00000022     driverlib.a : spi.obj (.text:SPIReset)
                  2000665e    00000020                 : gpio.obj (.text:GPIOPinWrite)
                  2000667e    00000002     --HOLE-- [fill = 0]
                  20006680    00000020                 : interrupt.obj (.text:IntRegister)
                  200066a0    0000001e                 : gpio.obj (.text:GPIOIntRegister)
                  200066be    0000001c     rtsv7M4_T_le_eabi.lib : copy_zero_init.c.obj (.text:decompress:ZI:__TI_zero_init_nomemset:__TI_zero_init_nomemset)
                  200066da    0000001a     driverlib.a : gpio.obj (.text:GPIOIntEnable)
                  200066f4    0000001a                 : pin.obj (.text:PinTypeSPI)
                  2000670e    0000001a                 : pin.obj (.text:PinTypeUART)
                  20006728    00000018                 : gpio.obj (.text:GPIOPinRead)
                  20006740    00000018                 : spi.obj (.text:SPIEnable)
                  20006758    00000016                 : prcm.obj (.text:PRCMHIBRegRead)
                  2000676e    00000016                 : prcm.obj (.text:PRCMHIBRegWrite)
                  20006784    00000014                 : cpu.obj (.text:CPUcpsie)
                  20006798    00000014                 : gpio.obj (.text:GPIOIntClear)
                  200067ac    00000014                 : interrupt.obj (.text:IntVTableBaseSet)
                  200067c0    0000000e     rtsv7M4_T_le_eabi.lib : copy_decompress_none.c.obj (.text:decompress:none:__TI_decompress_none)
                  200067ce    0000000e     startup_ccs.obj (.text)
                  200067dc    0000000a     driverlib.a : interrupt.obj (.text:IntMasterEnable)
                  200067e6    00000006                 : utils.obj (.text:UtilsDelay)
                  200067ec    00000004     rtsv7M4_T_le_eabi.lib : pre_init.c.obj (.text:_system_pre_init)
                  200067f0    00000004                           : exit.c.obj (.text:abort:abort)

.const     0    200067f4    00000790     
                  200067f4    000004fb     Adafruit_GFX.obj (.const:.string:font)
                  20006cef    00000001     --HOLE-- [fill = 0]
                  20006cf0    00000100     driverlib.a : pin.obj (.const:g_ulPinToPadMap)
                  20006df0    000000d4                 : interrupt.obj (.const:g_pulRegs)
                  20006ec4    000000a8                 : prcm.obj (.const:PRCM_PeriphRegsList)
                  20006f6c    00000018                 : interrupt.obj (.const:g_pulEnRegs)

.cinit     0    20006f88    00000050     
                  20006f88    00000029     (.cinit..data.load) [load image, compression = lzss]
                  20006fb1    00000003     --HOLE-- [fill = 0]
                  20006fb4    0000000c     (__TI_handler_table)
                  20006fc0    00000008     (.cinit..bss.load) [load image, compression = zero_init]
                  20006fc8    00000010     (__TI_cinit_table)

.sysmem    0    20017000    00000800     UNINITIALIZED
                  20017000    00000010     rtsv7M4_T_le_eabi.lib : memory.c.obj (.sysmem)
                  20017010    000007f0     --HOLE--

.data      0    20017800    00000038     UNINITIALIZED
                  20017800    00000015     Adafruit_GFX.obj (.data)
                  20017815    00000003     --HOLE--
                  20017818    00000014     gpio_if.obj (.data:ulReg)
                  2001782c    0000000c     gpio_if.obj (.data)

.bss       0    20017838    00000003     UNINITIALIZED
                  20017838    00000001     (.common:g_ucLED1Pin)
                  20017839    00000001     (.common:g_ucLED2Pin)
                  2001783a    00000001     (.common:g_ucLED3Pin)

.stack     0    2002f800    00000800     UNINITIALIZED
                  2002f800    00000004     rtsv7M4_T_le_eabi.lib : boot_cortex_m.c.obj (.stack)
                  2002f804    000007fc     --HOLE--

__llvm_prf_cnts 
*          0    20017000    00000000     UNINITIALIZED

MODULE SUMMARY

       Module                       code   ro data   rw data
       ------                       ----   -------   -------
    ./
       startup_ccs.obj              14     1024      0      
       gpio_if.obj                  920    0         35     
       main.obj                     864    0         0      
       pin_mux_config.obj           344    0         0      
    +--+----------------------------+------+---------+---------+
       Total:                       2142   1024      35     
                                                            
    ./oled/
       Adafruit_GFX.obj             2688   1275      21     
       Adafruit_OLED.obj            1170   0         0      
    +--+----------------------------+------+---------+---------+
       Total:                       3858   1275      21     
                                                            
    /Applications/ti/ccs/tools/compiler/ti-cgt-arm_20.2.7.LTS/lib/rtsv7M4_T_le_eabi.lib
       memcpy_t2.asm.obj            156    0         0      
       copy_decompress_lzss.c.obj   104    0         0      
       autoinit.c.obj               68     0         0      
       boot_cortex_m.c.obj          36     0         0      
       copy_zero_init.c.obj         28     0         0      
       copy_decompress_none.c.obj   14     0         0      
       exit.c.obj                   4      0         0      
       pre_init.c.obj               4      0         0      
    +--+----------------------------+------+---------+---------+
       Total:                       414    0         0      
                                                            
    /Applications/ti/lib/cc3200sdk_1.5.0/cc3200-sdk/driverlib/ccs/Release/driverlib.a
       prcm.obj                     800    168       0      
       spi.obj                      952    0         0      
       pin.obj                      300    256       0      
       interrupt.obj                314    236       0      
       gpio.obj                     388    0         0      
       cpu.obj                      20     0         0      
       utils.obj                    6      0         0      
    +--+----------------------------+------+---------+---------+
       Total:                       2780   660       0      
                                                            
       Heap:                        0      0         2048   
       Stack:                       0      0         2048   
       Linker Generated:            0      77        0      
    +--+----------------------------+------+---------+---------+
       Grand Total:                 9194   3036      4152   


LINKER GENERATED COPY TABLES

__TI_cinit_table @ 20006fc8 records: 2, size/record: 8, table size: 16
	.data: load addr=20006f88, load size=00000029 bytes, run addr=20017800, run size=00000038 bytes, compression=lzss
	.bss: load addr=20006fc0, load size=00000008 bytes, run addr=20017838, run size=00000003 bytes, compression=zero_init


LINKER GENERATED HANDLER TABLE

__TI_handler_table @ 20006fb4 records: 3, size/record: 4, table size: 12
	index: 0, handler: __TI_decompress_lzss
	index: 1, handler: __TI_decompress_none
	index: 2, handler: __TI_zero_init


GLOBAL SYMBOLS: SORTED ALPHABETICALLY BY Name 

address   name                          
-------   ----                          
20004ef9  Adafruit_Init                 
200067f1  C$$EXIT                       
20006785  CPUcpsie                      
20005073  Color565                      
2000655d  GPIODirModeSet                
20006799  GPIOIntClear                  
200066db  GPIOIntEnable                 
200066a1  GPIOIntRegister               
200062bd  GPIOIntTypeSet                
20006729  GPIOPinRead                   
2000665f  GPIOPinWrite                  
200055d5  GPIO_IF_ConfigureNIntEnable   
20005661  GPIO_IF_Get                   
2000558f  GPIO_IF_GetPortNPin           
20005351  GPIO_IF_LedConfigure          
20005443  GPIO_IF_LedOff                
2000538f  GPIO_IF_LedOn                 
200054f7  GPIO_IF_LedStatus             
20005561  GPIO_IF_LedToggle             
2000561d  GPIO_IF_Set                   
20005f35  IntEnable                     
200067dd  IntMasterEnable               
20006401  IntPrioritySet                
20006681  IntRegister                   
200067ad  IntVTableBaseSet              
2000595b  MasterMain                    
20004dab  Outstr                        
20005a0d  PRCMCC3200MCUInit             
20006759  PRCMHIBRegRead                
2000676f  PRCMHIBRegWrite               
200065f1  PRCMPeripheralClkDisable      
20006521  PRCMPeripheralClkEnable       
20006119  PRCMPeripheralClockGet        
200063a9  PRCMPeripheralReset           
200065c5  PRCMSysResetCauseGet          
200061ad  PinConfigSet                  
200064e1  PinModeSet                    
20005b85  PinMuxConfig                  
20006593  PinTypeGPIO                   
200066f5  PinTypeSPI                    
2000670f  PinTypeUART                   
200067cf  ResetISR                      
20005fdd  SPIConfigSetExpClk            
20006741  SPIEnable                     
2000663d  SPIReset                      
20006235  SPITransfer                   
200067e7  UtilsDelay                    
20030000  __STACK_END                   
00000800  __STACK_SIZE                  
00000800  __SYSMEM_SIZE                 
20006fc8  __TI_CINIT_Base               
20006fd8  __TI_CINIT_Limit              
20006fb4  __TI_Handler_Table_Base       
20006fc0  __TI_Handler_Table_Limit      
2000649d  __TI_auto_init_nobinit_nopinit
2000633f  __TI_decompress_lzss          
200067c1  __TI_decompress_none          
ffffffff  __TI_pprof_out_hndl           
ffffffff  __TI_prof_data_size           
ffffffff  __TI_prof_data_start          
20006f88  __TI_static_base__            
200066bf  __TI_zero_init_nomemset       
2000607d  __aeabi_memcpy                
2000607d  __aeabi_memcpy4               
2000607d  __aeabi_memcpy8               
ffffffff  __binit__                     
ffffffff  __c_args__                    
UNDEFED   __mpu_init                    
2002f800  __stack                       
20017000  __start___llvm_prf_cnts       
20017000  __stop___llvm_prf_cnts        
20006619  _c_int00_noargs               
20017000  _sys_memory                   
UNDEFED   _system_post_cinit            
200067ed  _system_pre_init              
200067f1  abort                         
ffffffff  binit                         
20017800  cursor_x                      
20017804  cursor_y                      
20004c5f  drawChar                      
20004401  drawCircle                    
20004535  drawCircleHelper              
2000521d  drawFastHLine                 
20005181  drawFastVLine                 
2000477b  drawLine                      
200052b9  drawPixel                     
20004867  drawRect                      
200048b5  drawRoundRect                 
20004a1d  drawTriangle                  
20004653  fillCircle                    
2000468d  fillCircleHelper              
200050cb  fillRect                      
200049a3  fillRoundRect                 
200050b5  fillScreen                    
20004a5f  fillTriangle                  
20004000  g_pfnVectors                  
20017838  g_ucLED1Pin                   
20017839  g_ucLED2Pin                   
2001783a  g_ucLED3Pin                   
2001782c  g_uiLED1Port                  
20017830  g_uiLED2Port                  
20017834  g_uiLED3Port                  
2000502f  goTo                          
20004e5f  height                        
200052f7  invert                        
200059bd  main                          
2000607d  memcpy                        
2000582f  printHzLine                   
200058c5  printVtLine                   
200057bf  print_font                    
200056ad  print_hello_world             
20004df7  setCursor                     
20004e2f  setTextColor                  
20004e0f  setTextSize                   
20004e47  setTextWrap                   
20017810  textbgcolor                   
2001780c  textcolor                     
20017808  textsize                      
20004e5b  width                         
20017814  wrap                          
20004e81  writeCommand                  
20004ebd  writeData                     


GLOBAL SYMBOLS: SORTED BY Symbol Address 

address   name                          
-------   ----                          
00000800  __STACK_SIZE                  
00000800  __SYSMEM_SIZE                 
20004000  g_pfnVectors                  
20004401  drawCircle                    
20004535  drawCircleHelper              
20004653  fillCircle                    
2000468d  fillCircleHelper              
2000477b  drawLine                      
20004867  drawRect                      
200048b5  drawRoundRect                 
200049a3  fillRoundRect                 
20004a1d  drawTriangle                  
20004a5f  fillTriangle                  
20004c5f  drawChar                      
20004dab  Outstr                        
20004df7  setCursor                     
20004e0f  setTextSize                   
20004e2f  setTextColor                  
20004e47  setTextWrap                   
20004e5b  width                         
20004e5f  height                        
20004e81  writeCommand                  
20004ebd  writeData                     
20004ef9  Adafruit_Init                 
2000502f  goTo                          
20005073  Color565                      
200050b5  fillScreen                    
200050cb  fillRect                      
20005181  drawFastVLine                 
2000521d  drawFastHLine                 
200052b9  drawPixel                     
200052f7  invert                        
20005351  GPIO_IF_LedConfigure          
2000538f  GPIO_IF_LedOn                 
20005443  GPIO_IF_LedOff                
200054f7  GPIO_IF_LedStatus             
20005561  GPIO_IF_LedToggle             
2000558f  GPIO_IF_GetPortNPin           
200055d5  GPIO_IF_ConfigureNIntEnable   
2000561d  GPIO_IF_Set                   
20005661  GPIO_IF_Get                   
200056ad  print_hello_world             
200057bf  print_font                    
2000582f  printHzLine                   
200058c5  printVtLine                   
2000595b  MasterMain                    
200059bd  main                          
20005a0d  PRCMCC3200MCUInit             
20005b85  PinMuxConfig                  
20005f35  IntEnable                     
20005fdd  SPIConfigSetExpClk            
2000607d  __aeabi_memcpy                
2000607d  __aeabi_memcpy4               
2000607d  __aeabi_memcpy8               
2000607d  memcpy                        
20006119  PRCMPeripheralClockGet        
200061ad  PinConfigSet                  
20006235  SPITransfer                   
200062bd  GPIOIntTypeSet                
2000633f  __TI_decompress_lzss          
200063a9  PRCMPeripheralReset           
20006401  IntPrioritySet                
2000649d  __TI_auto_init_nobinit_nopinit
200064e1  PinModeSet                    
20006521  PRCMPeripheralClkEnable       
2000655d  GPIODirModeSet                
20006593  PinTypeGPIO                   
200065c5  PRCMSysResetCauseGet          
200065f1  PRCMPeripheralClkDisable      
20006619  _c_int00_noargs               
2000663d  SPIReset                      
2000665f  GPIOPinWrite                  
20006681  IntRegister                   
200066a1  GPIOIntRegister               
200066bf  __TI_zero_init_nomemset       
200066db  GPIOIntEnable                 
200066f5  PinTypeSPI                    
2000670f  PinTypeUART                   
20006729  GPIOPinRead                   
20006741  SPIEnable                     
20006759  PRCMHIBRegRead                
2000676f  PRCMHIBRegWrite               
20006785  CPUcpsie                      
20006799  GPIOIntClear                  
200067ad  IntVTableBaseSet              
200067c1  __TI_decompress_none          
200067cf  ResetISR                      
200067dd  IntMasterEnable               
200067e7  UtilsDelay                    
200067ed  _system_pre_init              
200067f1  C$$EXIT                       
200067f1  abort                         
20006f88  __TI_static_base__            
20006fb4  __TI_Handler_Table_Base       
20006fc0  __TI_Handler_Table_Limit      
20006fc8  __TI_CINIT_Base               
20006fd8  __TI_CINIT_Limit              
20017000  __start___llvm_prf_cnts       
20017000  __stop___llvm_prf_cnts        
20017000  _sys_memory                   
20017800  cursor_x                      
20017804  cursor_y                      
20017808  textsize                      
2001780c  textcolor                     
20017810  textbgcolor                   
20017814  wrap                          
2001782c  g_uiLED1Port                  
20017830  g_uiLED2Port                  
20017834  g_uiLED3Port                  
20017838  g_ucLED1Pin                   
20017839  g_ucLED2Pin                   
2001783a  g_ucLED3Pin                   
2002f800  __stack                       
20030000  __STACK_END                   
ffffffff  __TI_pprof_out_hndl           
ffffffff  __TI_prof_data_size           
ffffffff  __TI_prof_data_start          
ffffffff  __binit__                     
ffffffff  __c_args__                    
ffffffff  binit                         
UNDEFED   __mpu_init                    
UNDEFED   _system_post_cinit            

[122 symbols]
