******************************************************************************
                  TI ARM Linker Unix v20.2.7                   
******************************************************************************
>> Linked Mon Jun  3 08:55:18 2024

OUTPUT FILE NAME:   <lab2-pt1.out>
ENTRY POINT SYMBOL: "_c_int00_noargs"  address: 20006dc1


MEMORY CONFIGURATION

         name            origin    length      used     unused   attr    fill
----------------------  --------  ---------  --------  --------  ----  --------
  SRAM_CODE             20004000   00013000  0000377c  0000f884  RW X
  SRAM_DATA             20017000   00019000  0000103b  00017fc5  RW X


SEGMENT ALLOCATION MAP

run origin  load origin   length   init length attrs members
----------  ----------- ---------- ----------- ----- -------
20004000    20004000    00003780   00003780    r-x
  20004000    20004000    00000400   00000400    r-- .intvecs
  20004400    20004400    00002b9c   00002b9c    r-x .text
  20006f9c    20006f9c    00000790   00000790    r-- .const
  20007730    20007730    00000050   00000050    r-- .cinit
20017000    20017000    0000083b   00000000    rw-
  20017000    20017000    00000800   00000000    rw- .sysmem
  20017800    20017800    00000038   00000000    rw- .data
  20017838    20017838    00000003   00000000    rw- .bss
2002f800    2002f800    00000800   00000000    rw-
  2002f800    2002f800    00000800   00000000    rw- .stack


SECTION ALLOCATION MAP

 output                                  attributes/
section   page    origin      length       input sections
--------  ----  ----------  ----------   ----------------
.intvecs   0    20004000    00000400     
                  20004000    00000400     startup_ccs.obj (.intvecs)

.init_array 
*          0    20004000    00000000     UNINITIALIZED

.text      0    20004400    00002b9c     
                  20004400    00000a80     Adafruit_GFX.obj (.text)
                  20004e80    00000712     oled_test.obj (.text)
                  20005592    00000002     --HOLE-- [fill = 0]
                  20005594    00000492     Adafruit_OLED.obj (.text)
                  20005a26    00000002     --HOLE-- [fill = 0]
                  20005a28    000003f4     main.obj (.text)
                  20005e1c    00000398     gpio_if.obj (.text)
                  200061b4    00000178     driverlib.a : prcm.obj (.text:PRCMCC3200MCUInit)
                  2000632c    00000158     pin_mux_config.obj (.text)
                  20006484    000000d0     driverlib.a : spi.obj (.text:SPITransfer32)
                  20006554    000000ce                 : spi.obj (.text:SPITransfer16)
                  20006622    000000b8                 : spi.obj (.text:SPITransfer8)
                  200066da    00000002     --HOLE-- [fill = 0]
                  200066dc    000000a8                 : interrupt.obj (.text:IntEnable)
                  20006784    000000a0                 : spi.obj (.text:SPIConfigSetExpClk)
                  20006824    0000009c     rtsv7M4_T_le_eabi.lib : memcpy_t2.asm.obj (.text)
                  200068c0    00000094     driverlib.a : prcm.obj (.text:PRCMPeripheralClockGet)
                  20006954    00000088                 : pin.obj (.text:PinConfigSet)
                  200069dc    00000088                 : spi.obj (.text:SPITransfer)
                  20006a64    00000082                 : gpio.obj (.text:GPIOIntTypeSet)
                  20006ae6    00000068     rtsv7M4_T_le_eabi.lib : copy_decompress_lzss.c.obj (.text:decompress:lzss:__TI_decompress_lzss)
                  20006b4e    00000002     --HOLE-- [fill = 0]
                  20006b50    00000058     driverlib.a : prcm.obj (.text:PRCMPeripheralReset)
                  20006ba8    00000054                 : interrupt.obj (.text:IntPrioritySet)
                  20006bfc    00000048                 : gpio.obj (.text:GPIOGetIntNumber)
                  20006c44    00000044     rtsv7M4_T_le_eabi.lib : autoinit.c.obj (.text:__TI_auto_init_nobinit_nopinit:__TI_auto_init_nobinit_nopinit)
                  20006c88    00000040     driverlib.a : pin.obj (.text:PinModeSet)
                  20006cc8    0000003c                 : prcm.obj (.text:PRCMPeripheralClkEnable)
                  20006d04    00000036                 : gpio.obj (.text:GPIODirModeSet)
                  20006d3a    00000030                 : pin.obj (.text:PinTypeGPIO)
                  20006d6a    00000002     --HOLE-- [fill = 0]
                  20006d6c    0000002c                 : prcm.obj (.text:PRCMSysResetCauseGet)
                  20006d98    00000028                 : prcm.obj (.text:PRCMPeripheralClkDisable)
                  20006dc0    00000024     rtsv7M4_T_le_eabi.lib : boot_cortex_m.c.obj (.text:_c_int00_noargs:_c_int00_noargs)
                  20006de4    00000022     driverlib.a : spi.obj (.text:SPIReset)
                  20006e06    00000020                 : gpio.obj (.text:GPIOPinWrite)
                  20006e26    00000002     --HOLE-- [fill = 0]
                  20006e28    00000020                 : interrupt.obj (.text:IntRegister)
                  20006e48    0000001e                 : gpio.obj (.text:GPIOIntRegister)
                  20006e66    0000001c     rtsv7M4_T_le_eabi.lib : copy_zero_init.c.obj (.text:decompress:ZI:__TI_zero_init_nomemset:__TI_zero_init_nomemset)
                  20006e82    0000001a     driverlib.a : gpio.obj (.text:GPIOIntEnable)
                  20006e9c    0000001a                 : pin.obj (.text:PinTypeSPI)
                  20006eb6    0000001a                 : pin.obj (.text:PinTypeUART)
                  20006ed0    00000018                 : gpio.obj (.text:GPIOPinRead)
                  20006ee8    00000018                 : spi.obj (.text:SPIEnable)
                  20006f00    00000016                 : prcm.obj (.text:PRCMHIBRegRead)
                  20006f16    00000016                 : prcm.obj (.text:PRCMHIBRegWrite)
                  20006f2c    00000014                 : cpu.obj (.text:CPUcpsie)
                  20006f40    00000014                 : gpio.obj (.text:GPIOIntClear)
                  20006f54    00000014                 : interrupt.obj (.text:IntVTableBaseSet)
                  20006f68    0000000e     rtsv7M4_T_le_eabi.lib : copy_decompress_none.c.obj (.text:decompress:none:__TI_decompress_none)
                  20006f76    0000000e     startup_ccs.obj (.text)
                  20006f84    0000000a     driverlib.a : interrupt.obj (.text:IntMasterEnable)
                  20006f8e    00000006                 : utils.obj (.text:UtilsDelay)
                  20006f94    00000004     rtsv7M4_T_le_eabi.lib : pre_init.c.obj (.text:_system_pre_init)
                  20006f98    00000004                           : exit.c.obj (.text:abort:abort)

.const     0    20006f9c    00000790     
                  20006f9c    000004fb     Adafruit_GFX.obj (.const:.string:font)
                  20007497    00000001     --HOLE-- [fill = 0]
                  20007498    00000100     driverlib.a : pin.obj (.const:g_ulPinToPadMap)
                  20007598    000000d4                 : interrupt.obj (.const:g_pulRegs)
                  2000766c    000000a8                 : prcm.obj (.const:PRCM_PeriphRegsList)
                  20007714    00000018                 : interrupt.obj (.const:g_pulEnRegs)

.cinit     0    20007730    00000050     
                  20007730    00000029     (.cinit..data.load) [load image, compression = lzss]
                  20007759    00000003     --HOLE-- [fill = 0]
                  2000775c    0000000c     (__TI_handler_table)
                  20007768    00000008     (.cinit..bss.load) [load image, compression = zero_init]
                  20007770    00000010     (__TI_cinit_table)

.sysmem    0    20017000    00000800     UNINITIALIZED
                  20017000    00000010     rtsv7M4_T_le_eabi.lib : memory.c.obj (.sysmem)
                  20017010    000007f0     --HOLE--

.data      0    20017800    00000038     UNINITIALIZED
                  20017800    00000015     Adafruit_GFX.obj (.data)
                  20017815    00000003     --HOLE--
                  20017818    00000014     gpio_if.obj (.data:ulReg)
                  2001782c    0000000c     gpio_if.obj (.data)

.bss       0    20017838    00000003     UNINITIALIZED
                  20017838    00000001     (.common:g_ucLED1Pin)
                  20017839    00000001     (.common:g_ucLED2Pin)
                  2001783a    00000001     (.common:g_ucLED3Pin)

.stack     0    2002f800    00000800     UNINITIALIZED
                  2002f800    00000004     rtsv7M4_T_le_eabi.lib : boot_cortex_m.c.obj (.stack)
                  2002f804    000007fc     --HOLE--

__llvm_prf_cnts 
*          0    20017000    00000000     UNINITIALIZED

MODULE SUMMARY

       Module                       code    ro data   rw data
       ------                       ----    -------   -------
    ./
       startup_ccs.obj              14      1024      0      
       main.obj                     1012    0         0      
       gpio_if.obj                  920     0         35     
       pin_mux_config.obj           344     0         0      
    +--+----------------------------+-------+---------+---------+
       Total:                       2290    1024      35     
                                                             
    ./oled/
       Adafruit_GFX.obj             2688    1275      21     
       oled_test.obj                1810    0         0      
       Adafruit_OLED.obj            1170    0         0      
    +--+----------------------------+-------+---------+---------+
       Total:                       5668    1275      21     
                                                             
    /Applications/ti/ccs/tools/compiler/ti-cgt-arm_20.2.7.LTS/lib/rtsv7M4_T_le_eabi.lib
       memcpy_t2.asm.obj            156     0         0      
       copy_decompress_lzss.c.obj   104     0         0      
       autoinit.c.obj               68      0         0      
       boot_cortex_m.c.obj          36      0         0      
       copy_zero_init.c.obj         28      0         0      
       copy_decompress_none.c.obj   14      0         0      
       exit.c.obj                   4       0         0      
       pre_init.c.obj               4       0         0      
    +--+----------------------------+-------+---------+---------+
       Total:                       414     0         0      
                                                             
    /Applications/ti/lib/cc3200sdk_1.5.0/cc3200-sdk/driverlib/ccs/Release/driverlib.a
       prcm.obj                     800     168       0      
       spi.obj                      952     0         0      
       pin.obj                      300     256       0      
       interrupt.obj                314     236       0      
       gpio.obj                     388     0         0      
       cpu.obj                      20      0         0      
       utils.obj                    6       0         0      
    +--+----------------------------+-------+---------+---------+
       Total:                       2780    660       0      
                                                             
       Heap:                        0       0         2048   
       Stack:                       0       0         2048   
       Linker Generated:            0       77        0      
    +--+----------------------------+-------+---------+---------+
       Grand Total:                 11152   3036      4152   


LINKER GENERATED COPY TABLES

__TI_cinit_table @ 20007770 records: 2, size/record: 8, table size: 16
	.data: load addr=20007730, load size=00000029 bytes, run addr=20017800, run size=00000038 bytes, compression=lzss
	.bss: load addr=20007768, load size=00000008 bytes, run addr=20017838, run size=00000003 bytes, compression=zero_init


LINKER GENERATED HANDLER TABLE

__TI_handler_table @ 2000775c records: 3, size/record: 4, table size: 12
	index: 0, handler: __TI_decompress_lzss
	index: 1, handler: __TI_decompress_none
	index: 2, handler: __TI_zero_init


GLOBAL SYMBOLS: SORTED ALPHABETICALLY BY Name 

address   name                          
-------   ----                          
2000560d  Adafruit_Init                 
20006f99  C$$EXIT                       
20006f2d  CPUcpsie                      
20005787  Color565                      
20006d05  GPIODirModeSet                
20006f41  GPIOIntClear                  
20006e83  GPIOIntEnable                 
20006e49  GPIOIntRegister               
20006a65  GPIOIntTypeSet                
20006ed1  GPIOPinRead                   
20006e07  GPIOPinWrite                  
200060dd  GPIO_IF_ConfigureNIntEnable   
20006169  GPIO_IF_Get                   
20006097  GPIO_IF_GetPortNPin           
20005e59  GPIO_IF_LedConfigure          
20005f4b  GPIO_IF_LedOff                
20005e97  GPIO_IF_LedOn                 
20005fff  GPIO_IF_LedStatus             
20006069  GPIO_IF_LedToggle             
20006125  GPIO_IF_Set                   
200066dd  IntEnable                     
20006f85  IntMasterEnable               
20006ba9  IntPrioritySet                
20006e29  IntRegister                   
20006f55  IntVTableBaseSet              
20005cd7  MasterMain                    
20004dab  Outstr                        
200061b5  PRCMCC3200MCUInit             
20006f01  PRCMHIBRegRead                
20006f17  PRCMHIBRegWrite               
20006d99  PRCMPeripheralClkDisable      
20006cc9  PRCMPeripheralClkEnable       
200068c1  PRCMPeripheralClockGet        
20006b51  PRCMPeripheralReset           
20006d6d  PRCMSysResetCauseGet          
20006955  PinConfigSet                  
20006c89  PinModeSet                    
2000632d  PinMuxConfig                  
20006d3b  PinTypeGPIO                   
20006e9d  PinTypeSPI                    
20006eb7  PinTypeUART                   
20006f77  ResetISR                      
20006785  SPIConfigSetExpClk            
20006ee9  SPIEnable                     
20006de5  SPIReset                      
200069dd  SPITransfer                   
20006f8f  UtilsDelay                    
20030000  __STACK_END                   
00000800  __STACK_SIZE                  
00000800  __SYSMEM_SIZE                 
20007770  __TI_CINIT_Base               
20007780  __TI_CINIT_Limit              
2000775c  __TI_Handler_Table_Base       
20007768  __TI_Handler_Table_Limit      
20006c45  __TI_auto_init_nobinit_nopinit
20006ae7  __TI_decompress_lzss          
20006f69  __TI_decompress_none          
ffffffff  __TI_pprof_out_hndl           
ffffffff  __TI_prof_data_size           
ffffffff  __TI_prof_data_start          
20007730  __TI_static_base__            
20006e67  __TI_zero_init_nomemset       
20006825  __aeabi_memcpy                
20006825  __aeabi_memcpy4               
20006825  __aeabi_memcpy8               
ffffffff  __binit__                     
ffffffff  __c_args__                    
UNDEFED   __mpu_init                    
2002f800  __stack                       
20017000  __start___llvm_prf_cnts       
20017000  __stop___llvm_prf_cnts        
20006dc1  _c_int00_noargs               
20017000  _sys_memory                   
UNDEFED   _system_post_cinit            
20006f95  _system_pre_init              
20006f99  abort                         
ffffffff  binit                         
20017800  cursor_x                      
20017804  cursor_y                      
20004c5f  drawChar                      
20004401  drawCircle                    
20004535  drawCircleHelper              
20005931  drawFastHLine                 
20005895  drawFastVLine                 
2000477b  drawLine                      
200059cd  drawPixel                     
20004867  drawRect                      
200048b5  drawRoundRect                 
20004a1d  drawTriangle                  
20004653  fillCircle                    
2000468d  fillCircleHelper              
200057df  fillRect                      
200049a3  fillRoundRect                 
200057c9  fillScreen                    
20004a5f  fillTriangle                  
20004000  g_pfnVectors                  
20017838  g_ucLED1Pin                   
20017839  g_ucLED2Pin                   
2001783a  g_ucLED3Pin                   
2001782c  g_uiLED1Port                  
20017830  g_uiLED2Port                  
20017834  g_uiLED3Port                  
20005743  goTo                          
20004e5f  height                        
20005a0b  invert                        
200053f3  lcdTestPattern                
200054c3  lcdTestPattern2               
20005dcb  main                          
20006825  memcpy                        
20005bab  printHzLine                   
20005c41  printVtLine                   
20005b3b  print_font                    
20005a29  print_hello_world             
20004df7  setCursor                     
20004e2f  setTextColor                  
20004e0f  setTextSize                   
20004e47  setTextWrap                   
200050b7  testdrawcircles               
20004f27  testdrawrects                 
20004eb5  testfastlines                 
20005045  testfillcircles               
20004f87  testfillrects                 
20005225  testlines                     
200051b3  testroundrects                
20005131  testtriangles                 
20017810  textbgcolor                   
2001780c  textcolor                     
20017808  textsize                      
20004e5b  width                         
20017814  wrap                          
20005595  writeCommand                  
200055d1  writeData                     


GLOBAL SYMBOLS: SORTED BY Symbol Address 

address   name                          
-------   ----                          
00000800  __STACK_SIZE                  
00000800  __SYSMEM_SIZE                 
20004000  g_pfnVectors                  
20004401  drawCircle                    
20004535  drawCircleHelper              
20004653  fillCircle                    
2000468d  fillCircleHelper              
2000477b  drawLine                      
20004867  drawRect                      
200048b5  drawRoundRect                 
200049a3  fillRoundRect                 
20004a1d  drawTriangle                  
20004a5f  fillTriangle                  
20004c5f  drawChar                      
20004dab  Outstr                        
20004df7  setCursor                     
20004e0f  setTextSize                   
20004e2f  setTextColor                  
20004e47  setTextWrap                   
20004e5b  width                         
20004e5f  height                        
20004eb5  testfastlines                 
20004f27  testdrawrects                 
20004f87  testfillrects                 
20005045  testfillcircles               
200050b7  testdrawcircles               
20005131  testtriangles                 
200051b3  testroundrects                
20005225  testlines                     
200053f3  lcdTestPattern                
200054c3  lcdTestPattern2               
20005595  writeCommand                  
200055d1  writeData                     
2000560d  Adafruit_Init                 
20005743  goTo                          
20005787  Color565                      
200057c9  fillScreen                    
200057df  fillRect                      
20005895  drawFastVLine                 
20005931  drawFastHLine                 
200059cd  drawPixel                     
20005a0b  invert                        
20005a29  print_hello_world             
20005b3b  print_font                    
20005bab  printHzLine                   
20005c41  printVtLine                   
20005cd7  MasterMain                    
20005dcb  main                          
20005e59  GPIO_IF_LedConfigure          
20005e97  GPIO_IF_LedOn                 
20005f4b  GPIO_IF_LedOff                
20005fff  GPIO_IF_LedStatus             
20006069  GPIO_IF_LedToggle             
20006097  GPIO_IF_GetPortNPin           
200060dd  GPIO_IF_ConfigureNIntEnable   
20006125  GPIO_IF_Set                   
20006169  GPIO_IF_Get                   
200061b5  PRCMCC3200MCUInit             
2000632d  PinMuxConfig                  
200066dd  IntEnable                     
20006785  SPIConfigSetExpClk            
20006825  __aeabi_memcpy                
20006825  __aeabi_memcpy4               
20006825  __aeabi_memcpy8               
20006825  memcpy                        
200068c1  PRCMPeripheralClockGet        
20006955  PinConfigSet                  
200069dd  SPITransfer                   
20006a65  GPIOIntTypeSet                
20006ae7  __TI_decompress_lzss          
20006b51  PRCMPeripheralReset           
20006ba9  IntPrioritySet                
20006c45  __TI_auto_init_nobinit_nopinit
20006c89  PinModeSet                    
20006cc9  PRCMPeripheralClkEnable       
20006d05  GPIODirModeSet                
20006d3b  PinTypeGPIO                   
20006d6d  PRCMSysResetCauseGet          
20006d99  PRCMPeripheralClkDisable      
20006dc1  _c_int00_noargs               
20006de5  SPIReset                      
20006e07  GPIOPinWrite                  
20006e29  IntRegister                   
20006e49  GPIOIntRegister               
20006e67  __TI_zero_init_nomemset       
20006e83  GPIOIntEnable                 
20006e9d  PinTypeSPI                    
20006eb7  PinTypeUART                   
20006ed1  GPIOPinRead                   
20006ee9  SPIEnable                     
20006f01  PRCMHIBRegRead                
20006f17  PRCMHIBRegWrite               
20006f2d  CPUcpsie                      
20006f41  GPIOIntClear                  
20006f55  IntVTableBaseSet              
20006f69  __TI_decompress_none          
20006f77  ResetISR                      
20006f85  IntMasterEnable               
20006f8f  UtilsDelay                    
20006f95  _system_pre_init              
20006f99  C$$EXIT                       
20006f99  abort                         
20007730  __TI_static_base__            
2000775c  __TI_Handler_Table_Base       
20007768  __TI_Handler_Table_Limit      
20007770  __TI_CINIT_Base               
20007780  __TI_CINIT_Limit              
20017000  __start___llvm_prf_cnts       
20017000  __stop___llvm_prf_cnts        
20017000  _sys_memory                   
20017800  cursor_x                      
20017804  cursor_y                      
20017808  textsize                      
2001780c  textcolor                     
20017810  textbgcolor                   
20017814  wrap                          
2001782c  g_uiLED1Port                  
20017830  g_uiLED2Port                  
20017834  g_uiLED3Port                  
20017838  g_ucLED1Pin                   
20017839  g_ucLED2Pin                   
2001783a  g_ucLED3Pin                   
2002f800  __stack                       
20030000  __STACK_END                   
ffffffff  __TI_pprof_out_hndl           
ffffffff  __TI_prof_data_size           
ffffffff  __TI_prof_data_start          
ffffffff  __binit__                     
ffffffff  __c_args__                    
ffffffff  binit                         
UNDEFED   __mpu_init                    
UNDEFED   _system_post_cinit            

[132 symbols]
