******************************************************************************
                  TI ARM Linker Unix v20.2.7                   
******************************************************************************
>> Linked Sun May  5 22:50:25 2024

OUTPUT FILE NAME:   <systick_example.out>
ENTRY POINT SYMBOL: "_c_int00_noargs"  address: 20006f2d


MEMORY CONFIGURATION

         name            origin    length      used     unused   attr    fill
----------------------  --------  ---------  --------  --------  ----  --------
  SRAM_CODE             20004000   00019000  000034a6  00015b5a  RW X
  SRAM_DATA             2001d000   00023000  0000101c  00021fe4  RW X


SEGMENT ALLOCATION MAP

run origin  load origin   length   init length attrs members
----------  ----------- ---------- ----------- ----- -------
20004000    20004000    000034a8   000034a8    r-x
  20004000    20004000    00000400   00000400    r-- .intvecs
  20004400    20004400    00002daa   00002daa    r-x .text
  200071ac    200071ac    000002c4   000002c4    r-- .const
  20007470    20007470    00000038   00000038    r-- .cinit
2001d000    2001d000    0000081c   00000000    rw-
  2001d000    2001d000    00000800   00000000    rw- .sysmem
  2001d800    2001d800    00000018   00000000    rw- .data
  2001d818    2001d818    00000004   00000000    rw- .bss
2003f800    2003f800    00000800   00000000    rw-
  2003f800    2003f800    00000800   00000000    rw- .stack


SECTION ALLOCATION MAP

 output                                  attributes/
section   page    origin      length       input sections
--------  ----  ----------  ----------   ----------------
.intvecs   0    20004000    00000400     
                  20004000    00000400     startup_ccs.obj (.intvecs)

.init_array 
*          0    20004000    00000000     UNINITIALIZED

.text      0    20004400    00002daa     
                  20004400    00000a4e     rtsv7M4_T_le_eabi.lib : _printfi.c.obj (.text:__TI_printfi)
                  20004e4e    00000002                           : _lock.c.obj (.text:_nop)
                  20004e50    0000027c     uart_if.obj (.text)
                  200050cc    00000268     rtsv7M4_T_le_eabi.lib : _printfi.c.obj (.text:_pconv_a)
                  20005334    000001cc                           : _printfi.c.obj (.text:_pconv_g)
                  20005500    000001bc     main.obj (.text)
                  200056bc    000001b6     rtsv7M4_T_le_eabi.lib : fd_add_t2.asm.obj (.text)
                  20005872    00000002                           : div0.asm.obj (.text)
                  20005874    00000178     driverlib.a : prcm.obj (.text:PRCMCC3200MCUInit)
                  200059ec    0000013c     rtsv7M4_T_le_eabi.lib : _printfi.c.obj (.text:_pconv_e)
                  20005b28    00000136                           : fd_div_t2.asm.obj (.text)
                  20005c5e    00000002     --HOLE-- [fill = 0]
                  20005c60    00000120                           : _printfi.c.obj (.text:fcvt)
                  20005d80    00000100                           : memory.c.obj (.text:aligned_alloc)
                  20005e80    000000fc                           : fd_mul_t2.asm.obj (.text)
                  20005f7c    000000e4                           : memory.c.obj (.text:free)
                  20006060    000000e4                           : memory.c.obj (.text:realloc)
                  20006144    000000e2     pin_mux_config.obj (.text)
                  20006226    00000002     --HOLE-- [fill = 0]
                  20006228    000000d0     rtsv7M4_T_le_eabi.lib : s_scalbn.c.obj (.text:scalbn)
                  200062f8    000000b1                           : _printfi.c.obj (.text:_ltostr)
                  200063a9    00000003     --HOLE-- [fill = 0]
                  200063ac    000000a8     driverlib.a : interrupt.obj (.text:IntEnable)
                  20006454    0000009c     rtsv7M4_T_le_eabi.lib : memcpy_t2.asm.obj (.text)
                  200064f0    00000096                           : ull_div_t2.asm.obj (.text)
                  20006586    00000002     --HOLE-- [fill = 0]
                  20006588    00000094     driverlib.a : prcm.obj (.text:PRCMPeripheralClockGet)
                  2000661c    00000088                 : pin.obj (.text:PinConfigSet)
                  200066a4    00000086     rtsv7M4_T_le_eabi.lib : fd_cmp_t2.asm.obj (.text:__aeabi_cdcmple)
                  2000672a    00000086                           : fd_cmp_t2.asm.obj (.text:__aeabi_cdrcmple)
                  200067b0    0000007a                           : memset_t2.asm.obj (.text)
                  2000682a    00000076     driverlib.a : uart.obj (.text:UARTConfigSetExpClk)
                  200068a0    00000070     rtsv7M4_T_le_eabi.lib : memory.c.obj (.text:split)
                  20006910    0000006e                           : _printfi.c.obj (.text:_mcpy)
                  2000697e    00000068                           : copy_decompress_lzss.c.obj (.text:decompress:lzss:__TI_decompress_lzss)
                  200069e6    00000002     --HOLE-- [fill = 0]
                  200069e8    0000005c                           : s_frexp.c.obj (.text:frexp)
                  20006a44    00000058     driverlib.a : prcm.obj (.text:PRCMPeripheralReset)
                  20006a9c    00000056     rtsv7M4_T_le_eabi.lib : _printfi.c.obj (.text:_pconv_f)
                  20006af2    00000054                           : _ltoa.c.obj (.text:__TI_ltoa)
                  20006b46    00000052                           : _printfi.c.obj (.text:_ecpy)
                  20006b98    0000004c                           : atoi.c.obj (.text:atoi)
                  20006be4    00000048                           : fd_toi_t2.asm.obj (.text)
                  20006c2c    00000044                           : autoinit.c.obj (.text:__TI_auto_init_nobinit_nopinit:__TI_auto_init_nobinit_nopinit)
                  20006c70    00000040     driverlib.a : pin.obj (.text:PinModeSet)
                  20006cb0    00000040     rtsv7M4_T_le_eabi.lib : vsnprintf.c.obj (.text:vsnprintf)
                  20006cf0    0000003e                           : _printfi.c.obj (.text:_fcpy)
                  20006d2e    00000002     --HOLE-- [fill = 0]
                  20006d30    0000003c     driverlib.a : prcm.obj (.text:PRCMPeripheralClkEnable)
                  20006d6c    00000036                 : gpio.obj (.text:GPIODirModeSet)
                  20006da2    00000030                 : pin.obj (.text:PinTypeGPIO)
                  20006dd2    00000002     --HOLE-- [fill = 0]
                  20006dd4    00000030                 : uart.obj (.text:UARTDisable)
                  20006e04    00000030     rtsv7M4_T_le_eabi.lib : vsnprintf.c.obj (.text:_outs)
                  20006e34    0000002e                           : i_tofd_t2.asm.obj (.text)
                  20006e62    00000002     --HOLE-- [fill = 0]
                  20006e64    0000002c     driverlib.a : prcm.obj (.text:PRCMSysResetCauseGet)
                  20006e90    00000028                 : prcm.obj (.text:PRCMPeripheralClkDisable)
                  20006eb8    00000028     rtsv7M4_T_le_eabi.lib : memory.c.obj (.text:free_list_insert)
                  20006ee0    00000028                           : memmov.c.obj (.text:memmove)
                  20006f08    00000024     driverlib.a : uart.obj (.text:UARTEnable)
                  20006f2c    00000024     rtsv7M4_T_le_eabi.lib : boot_cortex_m.c.obj (.text:_c_int00_noargs:_c_int00_noargs)
                  20006f50    00000020     driverlib.a : interrupt.obj (.text:IntRegister)
                  20006f70    0000001e                 : uart.obj (.text:UARTCharPut)
                  20006f8e    00000002     --HOLE-- [fill = 0]
                  20006f90    0000001c                 : systick.obj (.text:SysTickIntRegister)
                  20006fac    0000001c                 : uart.obj (.text:UARTCharGetNonBlocking)
                  20006fc8    0000001c     rtsv7M4_T_le_eabi.lib : copy_zero_init.c.obj (.text:decompress:ZI:__TI_zero_init_nomemset:__TI_zero_init_nomemset)
                  20006fe4    0000001c                           : memory.c.obj (.text:free_list_remove)
                  20007000    0000001c                           : memccpy.c.obj (.text:memccpy)
                  2000701c    0000001a     driverlib.a : pin.obj (.text:PinTypeUART)
                  20007036    00000002     --HOLE-- [fill = 0]
                  20007038    00000018                 : systick.obj (.text:SysTickPeriodSet)
                  20007050    00000018                 : uart.obj (.text:UARTCharsAvail)
                  20007068    00000018     rtsv7M4_T_le_eabi.lib : vsnprintf.c.obj (.text:_outc)
                  20007080    00000018                           : ll_mul_t2.asm.obj (.text)
                  20007098    00000016     driverlib.a : prcm.obj (.text:PRCMHIBRegRead)
                  200070ae    00000016                 : prcm.obj (.text:PRCMHIBRegWrite)
                  200070c4    00000016     rtsv7M4_T_le_eabi.lib : strchr.c.obj (.text:strchr)
                  200070da    00000014     driverlib.a : cpu.obj (.text:CPUcpsie)
                  200070ee    00000002     --HOLE-- [fill = 0]
                  200070f0    00000014                 : interrupt.obj (.text:IntVTableBaseSet)
                  20007104    00000014     rtsv7M4_T_le_eabi.lib : strlen.c.obj (.text:strlen)
                  20007118    00000012                           : wcslen.c.obj (.text:wcslen)
                  2000712a    00000002     --HOLE-- [fill = 0]
                  2000712c    00000010     driverlib.a : systick.obj (.text:SysTickEnable)
                  2000713c    00000010                 : systick.obj (.text:SysTickIntEnable)
                  2000714c    0000000e     rtsv7M4_T_le_eabi.lib : copy_decompress_none.c.obj (.text:decompress:none:__TI_decompress_none)
                  2000715a    0000000e     startup_ccs.obj (.text)
                  20007168    0000000c     driverlib.a : systick.obj (.text:SysTickValueGet)
                  20007174    0000000c     rtsv7M4_T_le_eabi.lib : s_copysign.c.obj (.text:copysign)
                  20007180    0000000a     driverlib.a : interrupt.obj (.text:IntMasterEnable)
                  2000718a    00000002     --HOLE-- [fill = 0]
                  2000718c    00000008     rtsv7M4_T_le_eabi.lib : errno.c.obj (.text:__aeabi_errno_addr)
                  20007194    00000008                           : memory.c.obj (.text:malloc)
                  2000719c    00000006     driverlib.a : utils.obj (.text:UtilsDelay)
                  200071a2    00000004     rtsv7M4_T_le_eabi.lib : pre_init.c.obj (.text:_system_pre_init)
                  200071a6    00000004                           : exit.c.obj (.text:abort:abort)

.const     0    200071ac    000002c4     
                  200071ac    00000101     rtsv7M4_T_le_eabi.lib : ctype.c.obj (.const:.string:_ctypes_)
                  200072ad    00000003     --HOLE-- [fill = 0]
                  200072b0    00000100     driverlib.a : pin.obj (.const:g_ulPinToPadMap)
                  200073b0    000000a8                 : prcm.obj (.const:PRCM_PeriphRegsList)
                  20007458    00000018                 : interrupt.obj (.const:g_pulEnRegs)

.cinit     0    20007470    00000038     
                  20007470    0000000d     (.cinit..data.load) [load image, compression = lzss]
                  2000747d    00000003     --HOLE-- [fill = 0]
                  20007480    0000000c     (__TI_handler_table)
                  2000748c    00000004     --HOLE-- [fill = 0]
                  20007490    00000008     (.cinit..bss.load) [load image, compression = zero_init]
                  20007498    00000010     (__TI_cinit_table)

.sysmem    0    2001d000    00000800     UNINITIALIZED
                  2001d000    00000010     rtsv7M4_T_le_eabi.lib : memory.c.obj (.sysmem)
                  2001d010    000007f0     --HOLE--

.data      0    2001d800    00000018     UNINITIALIZED
                  2001d800    00000008     rtsv7M4_T_le_eabi.lib : _lock.c.obj (.data:$O1$$)
                  2001d808    00000008                           : memory.c.obj (.data:$O1$$)
                  2001d810    00000004     main.obj (.data)
                  2001d814    00000004     rtsv7M4_T_le_eabi.lib : errno.c.obj (.data)

.bss       0    2001d818    00000004     UNINITIALIZED
                  2001d818    00000004     uart_if.obj (.bss)

.stack     0    2003f800    00000800     UNINITIALIZED
                  2003f800    00000004     rtsv7M4_T_le_eabi.lib : boot_cortex_m.c.obj (.stack)
                  2003f804    000007fc     --HOLE--

__llvm_prf_cnts 
*          0    2001d000    00000000     UNINITIALIZED

MODULE SUMMARY

       Module                       code    ro data   rw data
       ------                       ----    -------   -------
    ./
       startup_ccs.obj              14      1024      0      
       uart_if.obj                  636     0         4      
       main.obj                     444     0         4      
       pin_mux_config.obj           226     0         0      
    +--+----------------------------+-------+---------+---------+
       Total:                       1320    1024      8      
                                                             
    /Applications/ti/ccs/tools/compiler/ti-cgt-arm_20.2.7.LTS/lib/rtsv7M4_T_le_eabi.lib
       _printfi.c.obj               4835    0         0      
       memory.c.obj                 900     0         8      
       fd_add_t2.asm.obj            438     0         0      
       fd_div_t2.asm.obj            310     0         0      
       fd_cmp_t2.asm.obj            268     0         0      
       ctype.c.obj                  0       257       0      
       fd_mul_t2.asm.obj            252     0         0      
       s_scalbn.c.obj               208     0         0      
       memcpy_t2.asm.obj            156     0         0      
       ull_div_t2.asm.obj           150     0         0      
       vsnprintf.c.obj              136     0         0      
       memset_t2.asm.obj            122     0         0      
       copy_decompress_lzss.c.obj   104     0         0      
       s_frexp.c.obj                92      0         0      
       _ltoa.c.obj                  84      0         0      
       atoi.c.obj                   76      0         0      
       fd_toi_t2.asm.obj            72      0         0      
       autoinit.c.obj               68      0         0      
       i_tofd_t2.asm.obj            46      0         0      
       memmov.c.obj                 40      0         0      
       boot_cortex_m.c.obj          36      0         0      
       copy_zero_init.c.obj         28      0         0      
       memccpy.c.obj                28      0         0      
       ll_mul_t2.asm.obj            24      0         0      
       strchr.c.obj                 22      0         0      
       strlen.c.obj                 20      0         0      
       wcslen.c.obj                 18      0         0      
       copy_decompress_none.c.obj   14      0         0      
       errno.c.obj                  8       0         4      
       s_copysign.c.obj             12      0         0      
       _lock.c.obj                  2       0         8      
       exit.c.obj                   4       0         0      
       pre_init.c.obj               4       0         0      
       div0.asm.obj                 2       0         0      
    +--+----------------------------+-------+---------+---------+
       Total:                       8579    257       20     
                                                             
    /Applications/ti/lib/cc3200sdk_1.5.0/cc3200-sdk/driverlib/ccs/Release/driverlib.a
       prcm.obj                     800     168       0      
       pin.obj                      274     256       0      
       uart.obj                     284     0         0      
       interrupt.obj                230     24        0      
       systick.obj                  96      0         0      
       gpio.obj                     54      0         0      
       cpu.obj                      20      0         0      
       utils.obj                    6       0         0      
    +--+----------------------------+-------+---------+---------+
       Total:                       1764    448       0      
                                                             
       Heap:                        0       0         2048   
       Stack:                       0       0         2048   
       Linker Generated:            0       49        0      
    +--+----------------------------+-------+---------+---------+
       Grand Total:                 11663   1778      4124   


LINKER GENERATED COPY TABLES

__TI_cinit_table @ 20007498 records: 2, size/record: 8, table size: 16
	.data: load addr=20007470, load size=0000000d bytes, run addr=2001d800, run size=00000018 bytes, compression=lzss
	.bss: load addr=20007490, load size=00000008 bytes, run addr=2001d818, run size=00000004 bytes, compression=zero_init


LINKER GENERATED HANDLER TABLE

__TI_handler_table @ 20007480 records: 3, size/record: 4, table size: 12
	index: 0, handler: __TI_decompress_lzss
	index: 1, handler: __TI_decompress_none
	index: 2, handler: __TI_zero_init


GLOBAL SYMBOLS: SORTED ALPHABETICALLY BY Name 

address   name                          
-------   ----                          
200071a7  C$$EXIT                       
200070db  CPUcpsie                      
20004e91  ClearTerm                     
20004e9b  Error                         
20006d6d  GPIODirModeSet                
20004ed3  GetCmd                        
20004e51  InitTerm                      
200063ad  IntEnable                     
20007181  IntMasterEnable               
20006f51  IntRegister                   
200070f1  IntVTableBaseSet              
20004e6f  Message                       
20005875  PRCMCC3200MCUInit             
20007099  PRCMHIBRegRead                
200070af  PRCMHIBRegWrite               
20006e91  PRCMPeripheralClkDisable      
20006d31  PRCMPeripheralClkEnable       
20006589  PRCMPeripheralClockGet        
20006a45  PRCMPeripheralReset           
20006e65  PRCMSysResetCauseGet          
2000661d  PinConfigSet                  
20006c71  PinModeSet                    
20006145  PinMuxConfig                  
20006da3  PinTypeGPIO                   
2000701d  PinTypeUART                   
20005011  Report                        
2000715b  ResetISR                      
2000712d  SysTickEnable                 
2000713d  SysTickIntEnable              
20006f91  SysTickIntRegister            
20007039  SysTickPeriodSet              
20007169  SysTickValueGet               
20004f79  TrimSpace                     
20006fad  UARTCharGetNonBlocking        
20006f71  UARTCharPut                   
20007051  UARTCharsAvail                
2000682b  UARTConfigSetExpClk           
20006dd5  UARTDisable                   
20006f09  UARTEnable                    
2000719d  UtilsDelay                    
20040000  __STACK_END                   
00000800  __STACK_SIZE                  
00000800  __SYSMEM_SIZE                 
20007498  __TI_CINIT_Base               
200074a8  __TI_CINIT_Limit              
20007480  __TI_Handler_Table_Base       
2000748c  __TI_Handler_Table_Limit      
20006c2d  __TI_auto_init_nobinit_nopinit
2000697f  __TI_decompress_lzss          
2000714d  __TI_decompress_none          
20006af3  __TI_ltoa                     
ffffffff  __TI_pprof_out_hndl           
20004401  __TI_printfi                  
ffffffff  __TI_prof_data_size           
ffffffff  __TI_prof_data_start          
20007470  __TI_static_base__            
20006fc9  __TI_zero_init_nomemset       
200066a5  __aeabi_cdcmpeq               
200066a5  __aeabi_cdcmple               
2000672b  __aeabi_cdrcmple              
20006be5  __aeabi_d2iz                  
200056c7  __aeabi_dadd                  
20005b29  __aeabi_ddiv                  
20005e81  __aeabi_dmul                  
200056bd  __aeabi_dsub                  
2000718d  __aeabi_errno_addr            
20006e35  __aeabi_i2d                   
20005873  __aeabi_idiv0                 
20005873  __aeabi_ldiv0                 
20007081  __aeabi_lmul                  
200067b1  __aeabi_memclr                
200067b1  __aeabi_memclr4               
200067b1  __aeabi_memclr8               
20006455  __aeabi_memcpy                
20006455  __aeabi_memcpy4               
20006455  __aeabi_memcpy8               
200067b3  __aeabi_memset                
200067b3  __aeabi_memset4               
200067b3  __aeabi_memset8               
200064f1  __aeabi_uldivmod              
ffffffff  __binit__                     
ffffffff  __c_args__                    
UNDEFED   __mpu_init                    
2003f800  __stack                       
2001d000  __start___llvm_prf_cnts       
2001d000  __stop___llvm_prf_cnts        
20006f2d  _c_int00_noargs               
200071ac  _ctypes_                      
2001d800  _lock                         
20004e4f  _nop                          
2001d000  _sys_memory                   
UNDEFED   _system_post_cinit            
200071a3  _system_pre_init              
2001d804  _unlock                       
200071a7  abort                         
20005d81  aligned_alloc                 
20006b99  atoi                          
ffffffff  binit                         
20007175  copysign                      
20007175  copysignl                     
2001d814  errno                         
20005f7d  free                          
200069e9  frexp                         
200069e9  frexpl                        
20004000  g_pfnVectors                  
20006229  ldexp                         
20006229  ldexpl                        
20005549  main                          
20007195  malloc                        
20005d81  memalign                      
20007001  memccpy                       
20006455  memcpy                        
20006ee1  memmove                       
200067b9  memset                        
20006061  realloc                       
20006229  scalbn                        
20006229  scalbnl                       
200070c5  strchr                        
20007105  strlen                        
2001d810  systick_cnt                   
20006cb1  vsnprintf                     
20007119  wcslen                        


GLOBAL SYMBOLS: SORTED BY Symbol Address 

address   name                          
-------   ----                          
00000800  __STACK_SIZE                  
00000800  __SYSMEM_SIZE                 
20004000  g_pfnVectors                  
20004401  __TI_printfi                  
20004e4f  _nop                          
20004e51  InitTerm                      
20004e6f  Message                       
20004e91  ClearTerm                     
20004e9b  Error                         
20004ed3  GetCmd                        
20004f79  TrimSpace                     
20005011  Report                        
20005549  main                          
200056bd  __aeabi_dsub                  
200056c7  __aeabi_dadd                  
20005873  __aeabi_idiv0                 
20005873  __aeabi_ldiv0                 
20005875  PRCMCC3200MCUInit             
20005b29  __aeabi_ddiv                  
20005d81  aligned_alloc                 
20005d81  memalign                      
20005e81  __aeabi_dmul                  
20005f7d  free                          
20006061  realloc                       
20006145  PinMuxConfig                  
20006229  ldexp                         
20006229  ldexpl                        
20006229  scalbn                        
20006229  scalbnl                       
200063ad  IntEnable                     
20006455  __aeabi_memcpy                
20006455  __aeabi_memcpy4               
20006455  __aeabi_memcpy8               
20006455  memcpy                        
200064f1  __aeabi_uldivmod              
20006589  PRCMPeripheralClockGet        
2000661d  PinConfigSet                  
200066a5  __aeabi_cdcmpeq               
200066a5  __aeabi_cdcmple               
2000672b  __aeabi_cdrcmple              
200067b1  __aeabi_memclr                
200067b1  __aeabi_memclr4               
200067b1  __aeabi_memclr8               
200067b3  __aeabi_memset                
200067b3  __aeabi_memset4               
200067b3  __aeabi_memset8               
200067b9  memset                        
2000682b  UARTConfigSetExpClk           
2000697f  __TI_decompress_lzss          
200069e9  frexp                         
200069e9  frexpl                        
20006a45  PRCMPeripheralReset           
20006af3  __TI_ltoa                     
20006b99  atoi                          
20006be5  __aeabi_d2iz                  
20006c2d  __TI_auto_init_nobinit_nopinit
20006c71  PinModeSet                    
20006cb1  vsnprintf                     
20006d31  PRCMPeripheralClkEnable       
20006d6d  GPIODirModeSet                
20006da3  PinTypeGPIO                   
20006dd5  UARTDisable                   
20006e35  __aeabi_i2d                   
20006e65  PRCMSysResetCauseGet          
20006e91  PRCMPeripheralClkDisable      
20006ee1  memmove                       
20006f09  UARTEnable                    
20006f2d  _c_int00_noargs               
20006f51  IntRegister                   
20006f71  UARTCharPut                   
20006f91  SysTickIntRegister            
20006fad  UARTCharGetNonBlocking        
20006fc9  __TI_zero_init_nomemset       
20007001  memccpy                       
2000701d  PinTypeUART                   
20007039  SysTickPeriodSet              
20007051  UARTCharsAvail                
20007081  __aeabi_lmul                  
20007099  PRCMHIBRegRead                
200070af  PRCMHIBRegWrite               
200070c5  strchr                        
200070db  CPUcpsie                      
200070f1  IntVTableBaseSet              
20007105  strlen                        
20007119  wcslen                        
2000712d  SysTickEnable                 
2000713d  SysTickIntEnable              
2000714d  __TI_decompress_none          
2000715b  ResetISR                      
20007169  SysTickValueGet               
20007175  copysign                      
20007175  copysignl                     
20007181  IntMasterEnable               
2000718d  __aeabi_errno_addr            
20007195  malloc                        
2000719d  UtilsDelay                    
200071a3  _system_pre_init              
200071a7  C$$EXIT                       
200071a7  abort                         
200071ac  _ctypes_                      
20007470  __TI_static_base__            
20007480  __TI_Handler_Table_Base       
2000748c  __TI_Handler_Table_Limit      
20007498  __TI_CINIT_Base               
200074a8  __TI_CINIT_Limit              
2001d000  __start___llvm_prf_cnts       
2001d000  __stop___llvm_prf_cnts        
2001d000  _sys_memory                   
2001d800  _lock                         
2001d804  _unlock                       
2001d810  systick_cnt                   
2001d814  errno                         
2003f800  __stack                       
20040000  __STACK_END                   
ffffffff  __TI_pprof_out_hndl           
ffffffff  __TI_prof_data_size           
ffffffff  __TI_prof_data_start          
ffffffff  __binit__                     
ffffffff  __c_args__                    
ffffffff  binit                         
UNDEFED   __mpu_init                    
UNDEFED   _system_post_cinit            

[122 symbols]
