******************************************************************************
                  TI ARM Linker Unix v20.2.7                   
******************************************************************************
>> Linked Mon May  6 10:42:46 2024

OUTPUT FILE NAME:   <lab3-pt3.out>
ENTRY POINT SYMBOL: "_c_int00_noargs"  address: 20008b2d


MEMORY CONFIGURATION

         name            origin    length      used     unused   attr    fill
----------------------  --------  ---------  --------  --------  ----  --------
  SRAM_CODE             20004000   00019000  00005792  0001386e  RW X
  SRAM_DATA             2001d000   00023000  0000111f  00021ee1  RW X


SEGMENT ALLOCATION MAP

run origin  load origin   length   init length attrs members
----------  ----------- ---------- ----------- ----- -------
20004000    20004000    00005798   00005798    r-x
  20004000    20004000    00000400   00000400    r-- .intvecs
  20004400    20004400    00004aa2   00004aa2    r-x .text
  20008ea4    20008ea4    00000890   00000890    r-- .const
  20009738    20009738    00000060   00000060    r-- .cinit
2001d000    2001d000    00000920   00000000    rw-
  2001d000    2001d000    00000800   00000000    rw- .sysmem
  2001d800    2001d800    000000a7   00000000    rw- .bss
  2001d8a8    2001d8a8    00000078   00000000    rw- .data
2003f800    2003f800    00000800   00000000    rw-
  2003f800    2003f800    00000800   00000000    rw- .stack


SECTION ALLOCATION MAP

 output                                  attributes/
section   page    origin      length       input sections
--------  ----  ----------  ----------   ----------------
.intvecs   0    20004000    00000400     
                  20004000    00000400     startup_ccs.obj (.intvecs)

.init_array 
*          0    20004000    00000000     UNINITIALIZED

.text      0    20004400    00004aa2     
                  20004400    00000a80     Adafruit_GFX.obj (.text)
                  20004e80    00000a4e     rtsv7M4_T_le_eabi.lib : _printfi.c.obj (.text:__TI_printfi)
                  200058ce    00000002                           : _lock.c.obj (.text:_nop)
                  200058d0    00000600     main.obj (.text)
                  20005ed0    00000492     Adafruit_OLED.obj (.text)
                  20006362    00000002     rtsv7M4_T_le_eabi.lib : div0.asm.obj (.text)
                  20006364    00000398     gpio_if.obj (.text)
                  200066fc    0000027c     uart_if.obj (.text)
                  20006978    00000268     rtsv7M4_T_le_eabi.lib : _printfi.c.obj (.text:_pconv_a)
                  20006be0    000001cc                           : _printfi.c.obj (.text:_pconv_g)
                  20006dac    000001b6                           : fd_add_t2.asm.obj (.text)
                  20006f62    00000002     --HOLE-- [fill = 0]
                  20006f64    00000178     driverlib.a : prcm.obj (.text:PRCMCC3200MCUInit)
                  200070dc    00000150     pin_mux_config.obj (.text)
                  2000722c    0000013c     rtsv7M4_T_le_eabi.lib : _printfi.c.obj (.text:_pconv_e)
                  20007368    00000136                           : fd_div_t2.asm.obj (.text)
                  2000749e    00000002     --HOLE-- [fill = 0]
                  200074a0    00000120                           : _printfi.c.obj (.text:fcvt)
                  200075c0    00000100                           : memory.c.obj (.text:aligned_alloc)
                  200076c0    000000fc                           : fd_mul_t2.asm.obj (.text)
                  200077bc    000000e4                           : memory.c.obj (.text:free)
                  200078a0    000000e4                           : memory.c.obj (.text:realloc)
                  20007984    000000d0     driverlib.a : spi.obj (.text:SPITransfer32)
                  20007a54    000000d0     rtsv7M4_T_le_eabi.lib : s_scalbn.c.obj (.text:scalbn)
                  20007b24    000000ce     driverlib.a : spi.obj (.text:SPITransfer16)
                  20007bf2    000000b8                 : spi.obj (.text:SPITransfer8)
                  20007caa    00000002     --HOLE-- [fill = 0]
                  20007cac    000000b1     rtsv7M4_T_le_eabi.lib : _printfi.c.obj (.text:_ltostr)
                  20007d5d    00000003     --HOLE-- [fill = 0]
                  20007d60    000000a8     driverlib.a : interrupt.obj (.text:IntEnable)
                  20007e08    000000a0                 : spi.obj (.text:SPIConfigSetExpClk)
                  20007ea8    0000009c     rtsv7M4_T_le_eabi.lib : memcpy_t2.asm.obj (.text)
                  20007f44    00000096                           : ull_div_t2.asm.obj (.text)
                  20007fda    00000002     --HOLE-- [fill = 0]
                  20007fdc    00000094     driverlib.a : prcm.obj (.text:PRCMPeripheralClockGet)
                  20008070    00000088                 : pin.obj (.text:PinConfigSet)
                  200080f8    00000088                 : spi.obj (.text:SPITransfer)
                  20008180    00000086     rtsv7M4_T_le_eabi.lib : fd_cmp_t2.asm.obj (.text:__aeabi_cdcmple)
                  20008206    00000086                           : fd_cmp_t2.asm.obj (.text:__aeabi_cdrcmple)
                  2000828c    00000082     driverlib.a : gpio.obj (.text:GPIOIntTypeSet)
                  2000830e    0000007a     rtsv7M4_T_le_eabi.lib : memset_t2.asm.obj (.text)
                  20008388    00000076     driverlib.a : uart.obj (.text:UARTConfigSetExpClk)
                  200083fe    00000002     --HOLE-- [fill = 0]
                  20008400    00000070     rtsv7M4_T_le_eabi.lib : memory.c.obj (.text:split)
                  20008470    0000006e                           : _printfi.c.obj (.text:_mcpy)
                  200084de    00000068                           : copy_decompress_lzss.c.obj (.text:decompress:lzss:__TI_decompress_lzss)
                  20008546    00000002     --HOLE-- [fill = 0]
                  20008548    0000005c                           : s_frexp.c.obj (.text:frexp)
                  200085a4    00000058     driverlib.a : prcm.obj (.text:PRCMPeripheralReset)
                  200085fc    00000056     rtsv7M4_T_le_eabi.lib : _printfi.c.obj (.text:_pconv_f)
                  20008652    00000002     --HOLE-- [fill = 0]
                  20008654    00000054     driverlib.a : interrupt.obj (.text:IntPrioritySet)
                  200086a8    00000054     rtsv7M4_T_le_eabi.lib : _ltoa.c.obj (.text:__TI_ltoa)
                  200086fc    00000052                           : _printfi.c.obj (.text:_ecpy)
                  2000874e    00000002     --HOLE-- [fill = 0]
                  20008750    0000004c                           : atoi.c.obj (.text:atoi)
                  2000879c    00000048     driverlib.a : gpio.obj (.text:GPIOGetIntNumber)
                  200087e4    00000048     rtsv7M4_T_le_eabi.lib : fd_toi_t2.asm.obj (.text)
                  2000882c    00000044                           : autoinit.c.obj (.text:__TI_auto_init_nobinit_nopinit:__TI_auto_init_nobinit_nopinit)
                  20008870    00000040     driverlib.a : pin.obj (.text:PinModeSet)
                  200088b0    00000040     rtsv7M4_T_le_eabi.lib : vsnprintf.c.obj (.text:vsnprintf)
                  200088f0    0000003e                           : _printfi.c.obj (.text:_fcpy)
                  2000892e    00000002     --HOLE-- [fill = 0]
                  20008930    0000003c     driverlib.a : prcm.obj (.text:PRCMPeripheralClkEnable)
                  2000896c    00000036                 : gpio.obj (.text:GPIODirModeSet)
                  200089a2    00000030                 : pin.obj (.text:PinTypeGPIO)
                  200089d2    00000002     --HOLE-- [fill = 0]
                  200089d4    00000030                 : uart.obj (.text:UARTDisable)
                  20008a04    00000030     rtsv7M4_T_le_eabi.lib : vsnprintf.c.obj (.text:_outs)
                  20008a34    0000002e                           : i_tofd_t2.asm.obj (.text)
                  20008a62    00000002     --HOLE-- [fill = 0]
                  20008a64    0000002c     driverlib.a : prcm.obj (.text:PRCMSysResetCauseGet)
                  20008a90    00000028                 : prcm.obj (.text:PRCMPeripheralClkDisable)
                  20008ab8    00000028     rtsv7M4_T_le_eabi.lib : memory.c.obj (.text:free_list_insert)
                  20008ae0    00000028                           : memmov.c.obj (.text:memmove)
                  20008b08    00000024     driverlib.a : uart.obj (.text:UARTEnable)
                  20008b2c    00000024     rtsv7M4_T_le_eabi.lib : boot_cortex_m.c.obj (.text:_c_int00_noargs:_c_int00_noargs)
                  20008b50    00000022     driverlib.a : gpio.obj (.text:GPIOIntStatus)
                  20008b72    00000022                 : spi.obj (.text:SPIReset)
                  20008b94    00000020                 : gpio.obj (.text:GPIOPinWrite)
                  20008bb4    00000020                 : interrupt.obj (.text:IntRegister)
                  20008bd4    0000001e                 : gpio.obj (.text:GPIOIntRegister)
                  20008bf2    0000001e                 : uart.obj (.text:UARTCharPut)
                  20008c10    0000001c                 : systick.obj (.text:SysTickIntRegister)
                  20008c2c    0000001c                 : uart.obj (.text:UARTCharGetNonBlocking)
                  20008c48    0000001c     rtsv7M4_T_le_eabi.lib : copy_zero_init.c.obj (.text:decompress:ZI:__TI_zero_init_nomemset:__TI_zero_init_nomemset)
                  20008c64    0000001c                           : memory.c.obj (.text:free_list_remove)
                  20008c80    0000001c                           : memccpy.c.obj (.text:memccpy)
                  20008c9c    0000001a     driverlib.a : gpio.obj (.text:GPIOIntEnable)
                  20008cb6    0000001a                 : pin.obj (.text:PinTypeSPI)
                  20008cd0    0000001a                 : pin.obj (.text:PinTypeUART)
                  20008cea    00000018                 : gpio.obj (.text:GPIOPinRead)
                  20008d02    00000018                 : spi.obj (.text:SPIEnable)
                  20008d1a    00000002     --HOLE-- [fill = 0]
                  20008d1c    00000018                 : systick.obj (.text:SysTickPeriodSet)
                  20008d34    00000018                 : uart.obj (.text:UARTCharsAvail)
                  20008d4c    00000018     rtsv7M4_T_le_eabi.lib : vsnprintf.c.obj (.text:_outc)
                  20008d64    00000018                           : ll_mul_t2.asm.obj (.text)
                  20008d7c    00000016     driverlib.a : prcm.obj (.text:PRCMHIBRegRead)
                  20008d92    00000016                 : prcm.obj (.text:PRCMHIBRegWrite)
                  20008da8    00000016     rtsv7M4_T_le_eabi.lib : strchr.c.obj (.text:strchr)
                  20008dbe    00000014     driverlib.a : cpu.obj (.text:CPUcpsie)
                  20008dd2    00000014                 : gpio.obj (.text:GPIOIntClear)
                  20008de6    00000002     --HOLE-- [fill = 0]
                  20008de8    00000014                 : interrupt.obj (.text:IntVTableBaseSet)
                  20008dfc    00000014     rtsv7M4_T_le_eabi.lib : strlen.c.obj (.text:strlen)
                  20008e10    00000012                           : wcslen.c.obj (.text:wcslen)
                  20008e22    00000002     --HOLE-- [fill = 0]
                  20008e24    00000010     driverlib.a : systick.obj (.text:SysTickEnable)
                  20008e34    00000010                 : systick.obj (.text:SysTickIntEnable)
                  20008e44    0000000e     rtsv7M4_T_le_eabi.lib : copy_decompress_none.c.obj (.text:decompress:none:__TI_decompress_none)
                  20008e52    0000000e     startup_ccs.obj (.text)
                  20008e60    0000000c     driverlib.a : systick.obj (.text:SysTickValueGet)
                  20008e6c    0000000c     rtsv7M4_T_le_eabi.lib : s_copysign.c.obj (.text:copysign)
                  20008e78    0000000a     driverlib.a : interrupt.obj (.text:IntMasterEnable)
                  20008e82    00000002     --HOLE-- [fill = 0]
                  20008e84    00000008     rtsv7M4_T_le_eabi.lib : errno.c.obj (.text:__aeabi_errno_addr)
                  20008e8c    00000008                           : memory.c.obj (.text:malloc)
                  20008e94    00000006     driverlib.a : utils.obj (.text:UtilsDelay)
                  20008e9a    00000004     rtsv7M4_T_le_eabi.lib : pre_init.c.obj (.text:_system_pre_init)
                  20008e9e    00000004                           : exit.c.obj (.text:abort:abort)

.const     0    20008ea4    00000890     
                  20008ea4    000004fb     Adafruit_GFX.obj (.const:.string:font)
                  2000939f    00000101     rtsv7M4_T_le_eabi.lib : ctype.c.obj (.const:.string:_ctypes_)
                  200094a0    00000100     driverlib.a : pin.obj (.const:g_ulPinToPadMap)
                  200095a0    000000d4                 : interrupt.obj (.const:g_pulRegs)
                  20009674    000000a8                 : prcm.obj (.const:PRCM_PeriphRegsList)
                  2000971c    00000018                 : interrupt.obj (.const:g_pulEnRegs)

.cinit     0    20009738    00000060     
                  20009738    00000036     (.cinit..data.load) [load image, compression = lzss]
                  2000976e    00000002     --HOLE-- [fill = 0]
                  20009770    0000000c     (__TI_handler_table)
                  2000977c    00000004     --HOLE-- [fill = 0]
                  20009780    00000008     (.cinit..bss.load) [load image, compression = zero_init]
                  20009788    00000010     (__TI_cinit_table)

.sysmem    0    2001d000    00000800     UNINITIALIZED
                  2001d000    00000010     rtsv7M4_T_le_eabi.lib : memory.c.obj (.sysmem)
                  2001d010    000007f0     --HOLE--

.bss       0    2001d800    000000a7     UNINITIALIZED
                  2001d800    000000a0     (.common:delta_buffer)
                  2001d8a0    00000004     uart_if.obj (.bss)
                  2001d8a4    00000001     (.common:g_ucLED1Pin)
                  2001d8a5    00000001     (.common:g_ucLED2Pin)
                  2001d8a6    00000001     (.common:g_ucLED3Pin)

.data      0    2001d8a8    00000078     UNINITIALIZED
                  2001d8a8    0000002c     main.obj (.data)
                  2001d8d4    00000015     Adafruit_GFX.obj (.data)
                  2001d8e9    00000003     --HOLE--
                  2001d8ec    00000014     gpio_if.obj (.data:ulReg)
                  2001d900    0000000c     gpio_if.obj (.data)
                  2001d90c    00000008     rtsv7M4_T_le_eabi.lib : _lock.c.obj (.data:$O1$$)
                  2001d914    00000008                           : memory.c.obj (.data:$O1$$)
                  2001d91c    00000004                           : errno.c.obj (.data)

.stack     0    2003f800    00000800     UNINITIALIZED
                  2003f800    00000004     rtsv7M4_T_le_eabi.lib : boot_cortex_m.c.obj (.stack)
                  2003f804    000007fc     --HOLE--

__llvm_prf_cnts 
*          0    2001d000    00000000     UNINITIALIZED

MODULE SUMMARY

       Module                       code    ro data   rw data
       ------                       ----    -------   -------
    ./
       main.obj                     1536    0         204    
       startup_ccs.obj              14      1024      0      
       gpio_if.obj                  920     0         35     
       uart_if.obj                  636     0         4      
       pin_mux_config.obj           336     0         0      
    +--+----------------------------+-------+---------+---------+
       Total:                       3442    1024      243    
                                                             
    ./oled/
       Adafruit_GFX.obj             2688    1275      21     
       Adafruit_OLED.obj            1170    0         0      
    +--+----------------------------+-------+---------+---------+
       Total:                       3858    1275      21     
                                                             
    /Applications/ti/ccs/tools/compiler/ti-cgt-arm_20.2.7.LTS/lib/rtsv7M4_T_le_eabi.lib
       _printfi.c.obj               4835    0         0      
       memory.c.obj                 900     0         8      
       fd_add_t2.asm.obj            438     0         0      
       fd_div_t2.asm.obj            310     0         0      
       fd_cmp_t2.asm.obj            268     0         0      
       ctype.c.obj                  0       257       0      
       fd_mul_t2.asm.obj            252     0         0      
       s_scalbn.c.obj               208     0         0      
       memcpy_t2.asm.obj            156     0         0      
       ull_div_t2.asm.obj           150     0         0      
       vsnprintf.c.obj              136     0         0      
       memset_t2.asm.obj            122     0         0      
       copy_decompress_lzss.c.obj   104     0         0      
       s_frexp.c.obj                92      0         0      
       _ltoa.c.obj                  84      0         0      
       atoi.c.obj                   76      0         0      
       fd_toi_t2.asm.obj            72      0         0      
       autoinit.c.obj               68      0         0      
       i_tofd_t2.asm.obj            46      0         0      
       memmov.c.obj                 40      0         0      
       boot_cortex_m.c.obj          36      0         0      
       copy_zero_init.c.obj         28      0         0      
       memccpy.c.obj                28      0         0      
       ll_mul_t2.asm.obj            24      0         0      
       strchr.c.obj                 22      0         0      
       strlen.c.obj                 20      0         0      
       wcslen.c.obj                 18      0         0      
       copy_decompress_none.c.obj   14      0         0      
       errno.c.obj                  8       0         4      
       s_copysign.c.obj             12      0         0      
       _lock.c.obj                  2       0         8      
       exit.c.obj                   4       0         0      
       pre_init.c.obj               4       0         0      
       div0.asm.obj                 2       0         0      
    +--+----------------------------+-------+---------+---------+
       Total:                       8579    257       20     
                                                             
    /Applications/ti/lib/cc3200sdk_1.5.0/cc3200-sdk/driverlib/ccs/Release/driverlib.a
       prcm.obj                     800     168       0      
       spi.obj                      952     0         0      
       pin.obj                      300     256       0      
       interrupt.obj                314     236       0      
       gpio.obj                     422     0         0      
       uart.obj                     284     0         0      
       systick.obj                  96      0         0      
       cpu.obj                      20      0         0      
       utils.obj                    6       0         0      
    +--+----------------------------+-------+---------+---------+
       Total:                       3194    660       0      
                                                             
       Heap:                        0       0         2048   
       Stack:                       0       0         2048   
       Linker Generated:            0       90        0      
    +--+----------------------------+-------+---------+---------+
       Grand Total:                 19073   3306      4380   


LINKER GENERATED COPY TABLES

__TI_cinit_table @ 20009788 records: 2, size/record: 8, table size: 16
	.data: load addr=20009738, load size=00000036 bytes, run addr=2001d8a8, run size=00000078 bytes, compression=lzss
	.bss: load addr=20009780, load size=00000008 bytes, run addr=2001d800, run size=000000a7 bytes, compression=zero_init


LINKER GENERATED HANDLER TABLE

__TI_handler_table @ 20009770 records: 3, size/record: 4, table size: 12
	index: 0, handler: __TI_decompress_lzss
	index: 1, handler: __TI_decompress_none
	index: 2, handler: __TI_zero_init


GLOBAL SYMBOLS: SORTED ALPHABETICALLY BY Name 

address   name                          
-------   ----                          
20005f49  Adafruit_Init                 
20008e9f  C$$EXIT                       
20008dbf  CPUcpsie                      
2000673d  ClearTerm                     
200060c3  Color565                      
20006747  Error                         
2000896d  GPIODirModeSet                
20008dd3  GPIOIntClear                  
20008c9d  GPIOIntEnable                 
20008bd5  GPIOIntRegister               
20008b51  GPIOIntStatus                 
2000828d  GPIOIntTypeSet                
20008ceb  GPIOPinRead                   
20008b95  GPIOPinWrite                  
20006625  GPIO_IF_ConfigureNIntEnable   
200066b1  GPIO_IF_Get                   
200065df  GPIO_IF_GetPortNPin           
200063a1  GPIO_IF_LedConfigure          
20006493  GPIO_IF_LedOff                
200063df  GPIO_IF_LedOn                 
20006547  GPIO_IF_LedStatus             
200065b1  GPIO_IF_LedToggle             
2000666d  GPIO_IF_Set                   
2000677f  GetCmd                        
200066fd  InitTerm                      
20007d61  IntEnable                     
20008e79  IntMasterEnable               
20008655  IntPrioritySet                
20008bb5  IntRegister                   
20008de9  IntVTableBaseSet              
2000671b  Message                       
20004dab  Outstr                        
20006f65  PRCMCC3200MCUInit             
20008d7d  PRCMHIBRegRead                
20008d93  PRCMHIBRegWrite               
20008a91  PRCMPeripheralClkDisable      
20008931  PRCMPeripheralClkEnable       
20007fdd  PRCMPeripheralClockGet        
200085a5  PRCMPeripheralReset           
20008a65  PRCMSysResetCauseGet          
20008071  PinConfigSet                  
20008871  PinModeSet                    
200070dd  PinMuxConfig                  
200089a3  PinTypeGPIO                   
20008cb7  PinTypeSPI                    
20008cd1  PinTypeUART                   
200068bd  Report                        
20008e53  ResetISR                      
20007e09  SPIConfigSetExpClk            
20008d03  SPIEnable                     
20008b73  SPIReset                      
200080f9  SPITransfer                   
20008e25  SysTickEnable                 
20008e35  SysTickIntEnable              
20008c11  SysTickIntRegister            
20008d1d  SysTickPeriodSet              
20008e61  SysTickValueGet               
20005bcd  TVbutton2Letter               
20006825  TrimSpace                     
20008c2d  UARTCharGetNonBlocking        
20008bf3  UARTCharPut                   
20008d35  UARTCharsAvail                
20008389  UARTConfigSetExpClk           
200089d5  UARTDisable                   
20008b09  UARTEnable                    
20008e95  UtilsDelay                    
20040000  __STACK_END                   
00000800  __STACK_SIZE                  
00000800  __SYSMEM_SIZE                 
20009788  __TI_CINIT_Base               
20009798  __TI_CINIT_Limit              
20009770  __TI_Handler_Table_Base       
2000977c  __TI_Handler_Table_Limit      
2000882d  __TI_auto_init_nobinit_nopinit
200084df  __TI_decompress_lzss          
20008e45  __TI_decompress_none          
200086a9  __TI_ltoa                     
ffffffff  __TI_pprof_out_hndl           
20004e81  __TI_printfi                  
ffffffff  __TI_prof_data_size           
ffffffff  __TI_prof_data_start          
20009738  __TI_static_base__            
20008c49  __TI_zero_init_nomemset       
20008181  __aeabi_cdcmpeq               
20008181  __aeabi_cdcmple               
20008207  __aeabi_cdrcmple              
200087e5  __aeabi_d2iz                  
20006db7  __aeabi_dadd                  
20007369  __aeabi_ddiv                  
200076c1  __aeabi_dmul                  
20006dad  __aeabi_dsub                  
20008e85  __aeabi_errno_addr            
20008a35  __aeabi_i2d                   
20006363  __aeabi_idiv0                 
20006363  __aeabi_ldiv0                 
20008d65  __aeabi_lmul                  
2000830f  __aeabi_memclr                
2000830f  __aeabi_memclr4               
2000830f  __aeabi_memclr8               
20007ea9  __aeabi_memcpy                
20007ea9  __aeabi_memcpy4               
20007ea9  __aeabi_memcpy8               
20008311  __aeabi_memset                
20008311  __aeabi_memset4               
20008311  __aeabi_memset8               
20007f45  __aeabi_uldivmod              
ffffffff  __binit__                     
ffffffff  __c_args__                    
UNDEFED   __mpu_init                    
2003f800  __stack                       
2001d000  __start___llvm_prf_cnts       
2001d000  __stop___llvm_prf_cnts        
20008b2d  _c_int00_noargs               
2000939f  _ctypes_                      
2001d90c  _lock                         
200058cf  _nop                          
2001d000  _sys_memory                   
UNDEFED   _system_post_cinit            
20008e9b  _system_pre_init              
2001d910  _unlock                       
20008e9f  abort                         
200075c1  aligned_alloc                 
20008751  atoi                          
ffffffff  binit                         
2001d8b8  bufferInd                     
2001d8d0  buttonPressedNum              
20008e6d  copysign                      
20008e6d  copysignl                     
2001d8d4  cursor_x                      
2001d8d8  cursor_y                      
20005a9b  decoder                       
2001d800  delta_buffer                  
20004c5f  drawChar                      
20004401  drawCircle                    
20004535  drawCircleHelper              
2000626d  drawFastHLine                 
200061d1  drawFastVLine                 
2000477b  drawLine                      
20006309  drawPixel                     
20004867  drawRect                      
200048b5  drawRoundRect                 
20004a1d  drawTriangle                  
2001d91c  errno                         
20004653  fillCircle                    
2000468d  fillCircleHelper              
2000611b  fillRect                      
200049a3  fillRoundRect                 
20006105  fillScreen                    
20004a5f  fillTriangle                  
200077bd  free                          
20008549  frexp                         
20008549  frexpl                        
20004000  g_pfnVectors                  
2001d8a4  g_ucLED1Pin                   
2001d8a5  g_ucLED2Pin                   
2001d8a6  g_ucLED3Pin                   
2001d900  g_uiLED1Port                  
2001d904  g_uiLED2Port                  
2001d908  g_uiLED3Port                  
20005b59  getTVButton                   
2000607f  goTo                          
20005d71  handleEvent                   
20004e5f  height                        
20006347  invert                        
2001d8cc  lastButtonPressed             
20007a55  ldexp                         
20007a55  ldexpl                        
20005e39  main                          
20008e8d  malloc                        
200075c1  memalign                      
20008c81  memccpy                       
20007ea9  memcpy                        
20008ae1  memmove                       
20008317  memset                        
20005a83  oledErase                     
20005a17  oledInit                      
20005a57  oledPrint                     
2001d8c4  oled_x                        
2001d8c8  oled_y                        
2001d8c0  readReady                     
200078a1  realloc                       
20007a55  scalbn                        
20007a55  scalbnl                       
20004df7  setCursor                     
20004e2f  setTextColor                  
20004e0f  setTextSize                   
20004e47  setTextWrap                   
2001d8bc  start                         
20008da9  strchr                        
20008dfd  strlen                        
2001d8b0  systick_cnt                   
2001d8b4  systick_expired               
2001d8e4  textbgcolor                   
2001d8e0  textcolor                     
2001d8dc  textsize                      
2001d8a8  ulsystick_delta_us            
200088b1  vsnprintf                     
20008e11  wcslen                        
20004e5b  width                         
2001d8e8  wrap                          
20005ed1  writeCommand                  
20005f0d  writeData                     


GLOBAL SYMBOLS: SORTED BY Symbol Address 

address   name                          
-------   ----                          
00000800  __STACK_SIZE                  
00000800  __SYSMEM_SIZE                 
20004000  g_pfnVectors                  
20004401  drawCircle                    
20004535  drawCircleHelper              
20004653  fillCircle                    
2000468d  fillCircleHelper              
2000477b  drawLine                      
20004867  drawRect                      
200048b5  drawRoundRect                 
200049a3  fillRoundRect                 
20004a1d  drawTriangle                  
20004a5f  fillTriangle                  
20004c5f  drawChar                      
20004dab  Outstr                        
20004df7  setCursor                     
20004e0f  setTextSize                   
20004e2f  setTextColor                  
20004e47  setTextWrap                   
20004e5b  width                         
20004e5f  height                        
20004e81  __TI_printfi                  
200058cf  _nop                          
20005a17  oledInit                      
20005a57  oledPrint                     
20005a83  oledErase                     
20005a9b  decoder                       
20005b59  getTVButton                   
20005bcd  TVbutton2Letter               
20005d71  handleEvent                   
20005e39  main                          
20005ed1  writeCommand                  
20005f0d  writeData                     
20005f49  Adafruit_Init                 
2000607f  goTo                          
200060c3  Color565                      
20006105  fillScreen                    
2000611b  fillRect                      
200061d1  drawFastVLine                 
2000626d  drawFastHLine                 
20006309  drawPixel                     
20006347  invert                        
20006363  __aeabi_idiv0                 
20006363  __aeabi_ldiv0                 
200063a1  GPIO_IF_LedConfigure          
200063df  GPIO_IF_LedOn                 
20006493  GPIO_IF_LedOff                
20006547  GPIO_IF_LedStatus             
200065b1  GPIO_IF_LedToggle             
200065df  GPIO_IF_GetPortNPin           
20006625  GPIO_IF_ConfigureNIntEnable   
2000666d  GPIO_IF_Set                   
200066b1  GPIO_IF_Get                   
200066fd  InitTerm                      
2000671b  Message                       
2000673d  ClearTerm                     
20006747  Error                         
2000677f  GetCmd                        
20006825  TrimSpace                     
200068bd  Report                        
20006dad  __aeabi_dsub                  
20006db7  __aeabi_dadd                  
20006f65  PRCMCC3200MCUInit             
200070dd  PinMuxConfig                  
20007369  __aeabi_ddiv                  
200075c1  aligned_alloc                 
200075c1  memalign                      
200076c1  __aeabi_dmul                  
200077bd  free                          
200078a1  realloc                       
20007a55  ldexp                         
20007a55  ldexpl                        
20007a55  scalbn                        
20007a55  scalbnl                       
20007d61  IntEnable                     
20007e09  SPIConfigSetExpClk            
20007ea9  __aeabi_memcpy                
20007ea9  __aeabi_memcpy4               
20007ea9  __aeabi_memcpy8               
20007ea9  memcpy                        
20007f45  __aeabi_uldivmod              
20007fdd  PRCMPeripheralClockGet        
20008071  PinConfigSet                  
200080f9  SPITransfer                   
20008181  __aeabi_cdcmpeq               
20008181  __aeabi_cdcmple               
20008207  __aeabi_cdrcmple              
2000828d  GPIOIntTypeSet                
2000830f  __aeabi_memclr                
2000830f  __aeabi_memclr4               
2000830f  __aeabi_memclr8               
20008311  __aeabi_memset                
20008311  __aeabi_memset4               
20008311  __aeabi_memset8               
20008317  memset                        
20008389  UARTConfigSetExpClk           
200084df  __TI_decompress_lzss          
20008549  frexp                         
20008549  frexpl                        
200085a5  PRCMPeripheralReset           
20008655  IntPrioritySet                
200086a9  __TI_ltoa                     
20008751  atoi                          
200087e5  __aeabi_d2iz                  
2000882d  __TI_auto_init_nobinit_nopinit
20008871  PinModeSet                    
200088b1  vsnprintf                     
20008931  PRCMPeripheralClkEnable       
2000896d  GPIODirModeSet                
200089a3  PinTypeGPIO                   
200089d5  UARTDisable                   
20008a35  __aeabi_i2d                   
20008a65  PRCMSysResetCauseGet          
20008a91  PRCMPeripheralClkDisable      
20008ae1  memmove                       
20008b09  UARTEnable                    
20008b2d  _c_int00_noargs               
20008b51  GPIOIntStatus                 
20008b73  SPIReset                      
20008b95  GPIOPinWrite                  
20008bb5  IntRegister                   
20008bd5  GPIOIntRegister               
20008bf3  UARTCharPut                   
20008c11  SysTickIntRegister            
20008c2d  UARTCharGetNonBlocking        
20008c49  __TI_zero_init_nomemset       
20008c81  memccpy                       
20008c9d  GPIOIntEnable                 
20008cb7  PinTypeSPI                    
20008cd1  PinTypeUART                   
20008ceb  GPIOPinRead                   
20008d03  SPIEnable                     
20008d1d  SysTickPeriodSet              
20008d35  UARTCharsAvail                
20008d65  __aeabi_lmul                  
20008d7d  PRCMHIBRegRead                
20008d93  PRCMHIBRegWrite               
20008da9  strchr                        
20008dbf  CPUcpsie                      
20008dd3  GPIOIntClear                  
20008de9  IntVTableBaseSet              
20008dfd  strlen                        
20008e11  wcslen                        
20008e25  SysTickEnable                 
20008e35  SysTickIntEnable              
20008e45  __TI_decompress_none          
20008e53  ResetISR                      
20008e61  SysTickValueGet               
20008e6d  copysign                      
20008e6d  copysignl                     
20008e79  IntMasterEnable               
20008e85  __aeabi_errno_addr            
20008e8d  malloc                        
20008e95  UtilsDelay                    
20008e9b  _system_pre_init              
20008e9f  C$$EXIT                       
20008e9f  abort                         
2000939f  _ctypes_                      
20009738  __TI_static_base__            
20009770  __TI_Handler_Table_Base       
2000977c  __TI_Handler_Table_Limit      
20009788  __TI_CINIT_Base               
20009798  __TI_CINIT_Limit              
2001d000  __start___llvm_prf_cnts       
2001d000  __stop___llvm_prf_cnts        
2001d000  _sys_memory                   
2001d800  delta_buffer                  
2001d8a4  g_ucLED1Pin                   
2001d8a5  g_ucLED2Pin                   
2001d8a6  g_ucLED3Pin                   
2001d8a8  ulsystick_delta_us            
2001d8b0  systick_cnt                   
2001d8b4  systick_expired               
2001d8b8  bufferInd                     
2001d8bc  start                         
2001d8c0  readReady                     
2001d8c4  oled_x                        
2001d8c8  oled_y                        
2001d8cc  lastButtonPressed             
2001d8d0  buttonPressedNum              
2001d8d4  cursor_x                      
2001d8d8  cursor_y                      
2001d8dc  textsize                      
2001d8e0  textcolor                     
2001d8e4  textbgcolor                   
2001d8e8  wrap                          
2001d900  g_uiLED1Port                  
2001d904  g_uiLED2Port                  
2001d908  g_uiLED3Port                  
2001d90c  _lock                         
2001d910  _unlock                       
2001d91c  errno                         
2003f800  __stack                       
20040000  __STACK_END                   
ffffffff  __TI_pprof_out_hndl           
ffffffff  __TI_prof_data_size           
ffffffff  __TI_prof_data_start          
ffffffff  __binit__                     
ffffffff  __c_args__                    
ffffffff  binit                         
UNDEFED   __mpu_init                    
UNDEFED   _system_post_cinit            

[202 symbols]
