******************************************************************************
                  TI ARM Linker Unix v20.2.7                   
******************************************************************************
>> Linked Fri May  3 18:06:49 2024

OUTPUT FILE NAME:   <lab3-pt2.out>
ENTRY POINT SYMBOL: "_c_int00_noargs"  address: 200075e9


MEMORY CONFIGURATION

         name            origin    length      used     unused   attr    fill
----------------------  --------  ---------  --------  --------  ----  --------
  SRAM_CODE             20004000   00019000  00003cea  00015316  RW X
  SRAM_DATA             2001d000   00023000  0000137f  00021c81  RW X


SEGMENT ALLOCATION MAP

run origin  load origin   length   init length attrs members
----------  ----------- ---------- ----------- ----- -------
20004000    20004000    00003cf0   00003cf0    r-x
  20004000    20004000    00000400   00000400    r-- .intvecs
  20004400    20004400    0000350a   0000350a    r-x .text
  2000790c    2000790c    00000398   00000398    r-- .const
  20007ca8    20007ca8    00000048   00000048    r-- .cinit
2001d000    2001d000    00000b80   00000000    rw-
  2001d000    2001d000    00000800   00000000    rw- .sysmem
  2001d800    2001d800    00000327   00000000    rw- .bss
  2001db28    2001db28    00000058   00000000    rw- .data
2003f800    2003f800    00000800   00000000    rw-
  2003f800    2003f800    00000800   00000000    rw- .stack


SECTION ALLOCATION MAP

 output                                  attributes/
section   page    origin      length       input sections
--------  ----  ----------  ----------   ----------------
.intvecs   0    20004000    00000400     
                  20004000    00000400     startup_ccs.obj (.intvecs)

.init_array 
*          0    20004000    00000000     UNINITIALIZED

.text      0    20004400    0000350a     
                  20004400    00000a4e     rtsv7M4_T_le_eabi.lib : _printfi.c.obj (.text:__TI_printfi)
                  20004e4e    00000002                           : _lock.c.obj (.text:_nop)
                  20004e50    00000398     gpio_if.obj (.text)
                  200051e8    00000380     main.obj (.text)
                  20005568    0000027c     uart_if.obj (.text)
                  200057e4    00000268     rtsv7M4_T_le_eabi.lib : _printfi.c.obj (.text:_pconv_a)
                  20005a4c    000001cc                           : _printfi.c.obj (.text:_pconv_g)
                  20005c18    000001b6                           : fd_add_t2.asm.obj (.text)
                  20005dce    00000002                           : div0.asm.obj (.text)
                  20005dd0    00000178     driverlib.a : prcm.obj (.text:PRCMCC3200MCUInit)
                  20005f48    0000013c     rtsv7M4_T_le_eabi.lib : _printfi.c.obj (.text:_pconv_e)
                  20006084    00000136                           : fd_div_t2.asm.obj (.text)
                  200061ba    00000002     --HOLE-- [fill = 0]
                  200061bc    00000120                           : _printfi.c.obj (.text:fcvt)
                  200062dc    00000120     pin_mux_config.obj (.text)
                  200063fc    00000100     rtsv7M4_T_le_eabi.lib : memory.c.obj (.text:aligned_alloc)
                  200064fc    000000fc                           : fd_mul_t2.asm.obj (.text)
                  200065f8    000000e4                           : memory.c.obj (.text:free)
                  200066dc    000000e4                           : memory.c.obj (.text:realloc)
                  200067c0    000000d0                           : s_scalbn.c.obj (.text:scalbn)
                  20006890    000000b1                           : _printfi.c.obj (.text:_ltostr)
                  20006941    00000003     --HOLE-- [fill = 0]
                  20006944    000000a8     driverlib.a : interrupt.obj (.text:IntEnable)
                  200069ec    0000009c     rtsv7M4_T_le_eabi.lib : memcpy_t2.asm.obj (.text)
                  20006a88    00000096                           : ull_div_t2.asm.obj (.text)
                  20006b1e    00000002     --HOLE-- [fill = 0]
                  20006b20    00000094     driverlib.a : prcm.obj (.text:PRCMPeripheralClockGet)
                  20006bb4    00000088                 : pin.obj (.text:PinConfigSet)
                  20006c3c    00000086     rtsv7M4_T_le_eabi.lib : fd_cmp_t2.asm.obj (.text:__aeabi_cdcmple)
                  20006cc2    00000086                           : fd_cmp_t2.asm.obj (.text:__aeabi_cdrcmple)
                  20006d48    00000082     driverlib.a : gpio.obj (.text:GPIOIntTypeSet)
                  20006dca    0000007a     rtsv7M4_T_le_eabi.lib : memset_t2.asm.obj (.text)
                  20006e44    00000076     driverlib.a : uart.obj (.text:UARTConfigSetExpClk)
                  20006eba    00000002     --HOLE-- [fill = 0]
                  20006ebc    00000070     rtsv7M4_T_le_eabi.lib : memory.c.obj (.text:split)
                  20006f2c    0000006e                           : _printfi.c.obj (.text:_mcpy)
                  20006f9a    00000068                           : copy_decompress_lzss.c.obj (.text:decompress:lzss:__TI_decompress_lzss)
                  20007002    00000002     --HOLE-- [fill = 0]
                  20007004    0000005c                           : s_frexp.c.obj (.text:frexp)
                  20007060    00000058     driverlib.a : prcm.obj (.text:PRCMPeripheralReset)
                  200070b8    00000056     rtsv7M4_T_le_eabi.lib : _printfi.c.obj (.text:_pconv_f)
                  2000710e    00000002     --HOLE-- [fill = 0]
                  20007110    00000054     driverlib.a : interrupt.obj (.text:IntPrioritySet)
                  20007164    00000054     rtsv7M4_T_le_eabi.lib : _ltoa.c.obj (.text:__TI_ltoa)
                  200071b8    00000052                           : _printfi.c.obj (.text:_ecpy)
                  2000720a    00000002     --HOLE-- [fill = 0]
                  2000720c    0000004c                           : atoi.c.obj (.text:atoi)
                  20007258    00000048     driverlib.a : gpio.obj (.text:GPIOGetIntNumber)
                  200072a0    00000048     rtsv7M4_T_le_eabi.lib : fd_toi_t2.asm.obj (.text)
                  200072e8    00000044                           : autoinit.c.obj (.text:__TI_auto_init_nobinit_nopinit:__TI_auto_init_nobinit_nopinit)
                  2000732c    00000040     driverlib.a : pin.obj (.text:PinModeSet)
                  2000736c    00000040     rtsv7M4_T_le_eabi.lib : vsnprintf.c.obj (.text:vsnprintf)
                  200073ac    0000003e                           : _printfi.c.obj (.text:_fcpy)
                  200073ea    00000002     --HOLE-- [fill = 0]
                  200073ec    0000003c     driverlib.a : prcm.obj (.text:PRCMPeripheralClkEnable)
                  20007428    00000036                 : gpio.obj (.text:GPIODirModeSet)
                  2000745e    00000030                 : pin.obj (.text:PinTypeGPIO)
                  2000748e    00000002     --HOLE-- [fill = 0]
                  20007490    00000030                 : uart.obj (.text:UARTDisable)
                  200074c0    00000030     rtsv7M4_T_le_eabi.lib : vsnprintf.c.obj (.text:_outs)
                  200074f0    0000002e                           : i_tofd_t2.asm.obj (.text)
                  2000751e    00000002     --HOLE-- [fill = 0]
                  20007520    0000002c     driverlib.a : prcm.obj (.text:PRCMSysResetCauseGet)
                  2000754c    00000028                 : prcm.obj (.text:PRCMPeripheralClkDisable)
                  20007574    00000028     rtsv7M4_T_le_eabi.lib : memory.c.obj (.text:free_list_insert)
                  2000759c    00000028                           : memmov.c.obj (.text:memmove)
                  200075c4    00000024     driverlib.a : uart.obj (.text:UARTEnable)
                  200075e8    00000024     rtsv7M4_T_le_eabi.lib : boot_cortex_m.c.obj (.text:_c_int00_noargs:_c_int00_noargs)
                  2000760c    00000022     driverlib.a : gpio.obj (.text:GPIOIntStatus)
                  2000762e    00000020                 : gpio.obj (.text:GPIOPinWrite)
                  2000764e    00000002     --HOLE-- [fill = 0]
                  20007650    00000020                 : interrupt.obj (.text:IntRegister)
                  20007670    0000001e                 : gpio.obj (.text:GPIOIntRegister)
                  2000768e    0000001e                 : uart.obj (.text:UARTCharPut)
                  200076ac    0000001c                 : systick.obj (.text:SysTickIntRegister)
                  200076c8    0000001c                 : uart.obj (.text:UARTCharGetNonBlocking)
                  200076e4    0000001c     rtsv7M4_T_le_eabi.lib : copy_zero_init.c.obj (.text:decompress:ZI:__TI_zero_init_nomemset:__TI_zero_init_nomemset)
                  20007700    0000001c                           : memory.c.obj (.text:free_list_remove)
                  2000771c    0000001c                           : memccpy.c.obj (.text:memccpy)
                  20007738    0000001a     driverlib.a : gpio.obj (.text:GPIOIntEnable)
                  20007752    0000001a                 : pin.obj (.text:PinTypeUART)
                  2000776c    00000018                 : gpio.obj (.text:GPIOPinRead)
                  20007784    00000018                 : systick.obj (.text:SysTickPeriodSet)
                  2000779c    00000018                 : uart.obj (.text:UARTCharsAvail)
                  200077b4    00000018     rtsv7M4_T_le_eabi.lib : vsnprintf.c.obj (.text:_outc)
                  200077cc    00000018                           : ll_mul_t2.asm.obj (.text)
                  200077e4    00000016     driverlib.a : prcm.obj (.text:PRCMHIBRegRead)
                  200077fa    00000016                 : prcm.obj (.text:PRCMHIBRegWrite)
                  20007810    00000016     rtsv7M4_T_le_eabi.lib : strchr.c.obj (.text:strchr)
                  20007826    00000014     driverlib.a : cpu.obj (.text:CPUcpsie)
                  2000783a    00000014                 : gpio.obj (.text:GPIOIntClear)
                  2000784e    00000002     --HOLE-- [fill = 0]
                  20007850    00000014                 : interrupt.obj (.text:IntVTableBaseSet)
                  20007864    00000014     rtsv7M4_T_le_eabi.lib : strlen.c.obj (.text:strlen)
                  20007878    00000012                           : wcslen.c.obj (.text:wcslen)
                  2000788a    00000002     --HOLE-- [fill = 0]
                  2000788c    00000010     driverlib.a : systick.obj (.text:SysTickEnable)
                  2000789c    00000010                 : systick.obj (.text:SysTickIntEnable)
                  200078ac    0000000e     rtsv7M4_T_le_eabi.lib : copy_decompress_none.c.obj (.text:decompress:none:__TI_decompress_none)
                  200078ba    0000000e     startup_ccs.obj (.text)
                  200078c8    0000000c     driverlib.a : systick.obj (.text:SysTickValueGet)
                  200078d4    0000000c     rtsv7M4_T_le_eabi.lib : s_copysign.c.obj (.text:copysign)
                  200078e0    0000000a     driverlib.a : interrupt.obj (.text:IntMasterEnable)
                  200078ea    00000002     --HOLE-- [fill = 0]
                  200078ec    00000008     rtsv7M4_T_le_eabi.lib : errno.c.obj (.text:__aeabi_errno_addr)
                  200078f4    00000008                           : memory.c.obj (.text:malloc)
                  200078fc    00000006     driverlib.a : utils.obj (.text:UtilsDelay)
                  20007902    00000004     rtsv7M4_T_le_eabi.lib : pre_init.c.obj (.text:_system_pre_init)
                  20007906    00000004                           : exit.c.obj (.text:abort:abort)

.const     0    2000790c    00000398     
                  2000790c    00000101     rtsv7M4_T_le_eabi.lib : ctype.c.obj (.const:.string:_ctypes_)
                  20007a0d    00000003     --HOLE-- [fill = 0]
                  20007a10    00000100     driverlib.a : pin.obj (.const:g_ulPinToPadMap)
                  20007b10    000000d4                 : interrupt.obj (.const:g_pulRegs)
                  20007be4    000000a8                 : prcm.obj (.const:PRCM_PeriphRegsList)
                  20007c8c    00000018                 : interrupt.obj (.const:g_pulEnRegs)

.cinit     0    20007ca8    00000048     
                  20007ca8    00000022     (.cinit..data.load) [load image, compression = lzss]
                  20007cca    00000002     --HOLE-- [fill = 0]
                  20007ccc    0000000c     (__TI_handler_table)
                  20007cd8    00000008     (.cinit..bss.load) [load image, compression = zero_init]
                  20007ce0    00000010     (__TI_cinit_table)

.sysmem    0    2001d000    00000800     UNINITIALIZED
                  2001d000    00000010     rtsv7M4_T_le_eabi.lib : memory.c.obj (.sysmem)
                  2001d010    000007f0     --HOLE--

.bss       0    2001d800    00000327     UNINITIALIZED
                  2001d800    00000320     (.common:delta_buffer)
                  2001db20    00000004     uart_if.obj (.bss)
                  2001db24    00000001     (.common:g_ucLED1Pin)
                  2001db25    00000001     (.common:g_ucLED2Pin)
                  2001db26    00000001     (.common:g_ucLED3Pin)

.data      0    2001db28    00000058     UNINITIALIZED
                  2001db28    00000024     main.obj (.data)
                  2001db4c    00000014     gpio_if.obj (.data:ulReg)
                  2001db60    0000000c     gpio_if.obj (.data)
                  2001db6c    00000008     rtsv7M4_T_le_eabi.lib : _lock.c.obj (.data:$O1$$)
                  2001db74    00000008                           : memory.c.obj (.data:$O1$$)
                  2001db7c    00000004                           : errno.c.obj (.data)

.stack     0    2003f800    00000800     UNINITIALIZED
                  2003f800    00000004     rtsv7M4_T_le_eabi.lib : boot_cortex_m.c.obj (.stack)
                  2003f804    000007fc     --HOLE--

__llvm_prf_cnts 
*          0    2001d000    00000000     UNINITIALIZED

MODULE SUMMARY

       Module                       code    ro data   rw data
       ------                       ----    -------   -------
    ./
       main.obj                     896     0         836    
       startup_ccs.obj              14      1024      0      
       gpio_if.obj                  920     0         35     
       uart_if.obj                  636     0         4      
       pin_mux_config.obj           288     0         0      
    +--+----------------------------+-------+---------+---------+
       Total:                       2754    1024      875    
                                                             
    /Applications/ti/ccs/tools/compiler/ti-cgt-arm_20.2.7.LTS/lib/rtsv7M4_T_le_eabi.lib
       _printfi.c.obj               4835    0         0      
       memory.c.obj                 900     0         8      
       fd_add_t2.asm.obj            438     0         0      
       fd_div_t2.asm.obj            310     0         0      
       fd_cmp_t2.asm.obj            268     0         0      
       ctype.c.obj                  0       257       0      
       fd_mul_t2.asm.obj            252     0         0      
       s_scalbn.c.obj               208     0         0      
       memcpy_t2.asm.obj            156     0         0      
       ull_div_t2.asm.obj           150     0         0      
       vsnprintf.c.obj              136     0         0      
       memset_t2.asm.obj            122     0         0      
       copy_decompress_lzss.c.obj   104     0         0      
       s_frexp.c.obj                92      0         0      
       _ltoa.c.obj                  84      0         0      
       atoi.c.obj                   76      0         0      
       fd_toi_t2.asm.obj            72      0         0      
       autoinit.c.obj               68      0         0      
       i_tofd_t2.asm.obj            46      0         0      
       memmov.c.obj                 40      0         0      
       boot_cortex_m.c.obj          36      0         0      
       copy_zero_init.c.obj         28      0         0      
       memccpy.c.obj                28      0         0      
       ll_mul_t2.asm.obj            24      0         0      
       strchr.c.obj                 22      0         0      
       strlen.c.obj                 20      0         0      
       wcslen.c.obj                 18      0         0      
       copy_decompress_none.c.obj   14      0         0      
       errno.c.obj                  8       0         4      
       s_copysign.c.obj             12      0         0      
       _lock.c.obj                  2       0         8      
       exit.c.obj                   4       0         0      
       pre_init.c.obj               4       0         0      
       div0.asm.obj                 2       0         0      
    +--+----------------------------+-------+---------+---------+
       Total:                       8579    257       20     
                                                             
    /Applications/ti/lib/cc3200sdk_1.5.0/cc3200-sdk/driverlib/ccs/Release/driverlib.a
       prcm.obj                     800     168       0      
       interrupt.obj                314     236       0      
       pin.obj                      274     256       0      
       gpio.obj                     422     0         0      
       uart.obj                     284     0         0      
       systick.obj                  96      0         0      
       cpu.obj                      20      0         0      
       utils.obj                    6       0         0      
    +--+----------------------------+-------+---------+---------+
       Total:                       2216    660       0      
                                                             
       Heap:                        0       0         2048   
       Stack:                       0       0         2048   
       Linker Generated:            0       70        0      
    +--+----------------------------+-------+---------+---------+
       Grand Total:                 13549   2011      4991   


LINKER GENERATED COPY TABLES

__TI_cinit_table @ 20007ce0 records: 2, size/record: 8, table size: 16
	.data: load addr=20007ca8, load size=00000022 bytes, run addr=2001db28, run size=00000058 bytes, compression=lzss
	.bss: load addr=20007cd8, load size=00000008 bytes, run addr=2001d800, run size=00000327 bytes, compression=zero_init


LINKER GENERATED HANDLER TABLE

__TI_handler_table @ 20007ccc records: 3, size/record: 4, table size: 12
	index: 0, handler: __TI_decompress_lzss
	index: 1, handler: __TI_decompress_none
	index: 2, handler: __TI_zero_init


GLOBAL SYMBOLS: SORTED ALPHABETICALLY BY Name 

address   name                          
-------   ----                          
20007907  C$$EXIT                       
20007827  CPUcpsie                      
200055a9  ClearTerm                     
200055b3  Error                         
20007429  GPIODirModeSet                
2000783b  GPIOIntClear                  
20007739  GPIOIntEnable                 
20007671  GPIOIntRegister               
2000760d  GPIOIntStatus                 
20006d49  GPIOIntTypeSet                
2000776d  GPIOPinRead                   
2000762f  GPIOPinWrite                  
20005111  GPIO_IF_ConfigureNIntEnable   
2000519d  GPIO_IF_Get                   
200050cb  GPIO_IF_GetPortNPin           
20004e8d  GPIO_IF_LedConfigure          
20004f7f  GPIO_IF_LedOff                
20004ecb  GPIO_IF_LedOn                 
20005033  GPIO_IF_LedStatus             
2000509d  GPIO_IF_LedToggle             
20005159  GPIO_IF_Set                   
200055eb  GetCmd                        
20005569  InitTerm                      
20006945  IntEnable                     
200078e1  IntMasterEnable               
20007111  IntPrioritySet                
20007651  IntRegister                   
20007851  IntVTableBaseSet              
20005587  Message                       
20005dd1  PRCMCC3200MCUInit             
200077e5  PRCMHIBRegRead                
200077fb  PRCMHIBRegWrite               
2000754d  PRCMPeripheralClkDisable      
200073ed  PRCMPeripheralClkEnable       
20006b21  PRCMPeripheralClockGet        
20007061  PRCMPeripheralReset           
20007521  PRCMSysResetCauseGet          
20006bb5  PinConfigSet                  
2000732d  PinModeSet                    
200062dd  PinMuxConfig                  
2000745f  PinTypeGPIO                   
20007753  PinTypeUART                   
20005729  Report                        
200078bb  ResetISR                      
2000788d  SysTickEnable                 
2000789d  SysTickIntEnable              
200076ad  SysTickIntRegister            
20007785  SysTickPeriodSet              
200078c9  SysTickValueGet               
20005691  TrimSpace                     
200076c9  UARTCharGetNonBlocking        
2000768f  UARTCharPut                   
2000779d  UARTCharsAvail                
20006e45  UARTConfigSetExpClk           
20007491  UARTDisable                   
200075c5  UARTEnable                    
200078fd  UtilsDelay                    
20040000  __STACK_END                   
00000800  __STACK_SIZE                  
00000800  __SYSMEM_SIZE                 
20007ce0  __TI_CINIT_Base               
20007cf0  __TI_CINIT_Limit              
20007ccc  __TI_Handler_Table_Base       
20007cd8  __TI_Handler_Table_Limit      
200072e9  __TI_auto_init_nobinit_nopinit
20006f9b  __TI_decompress_lzss          
200078ad  __TI_decompress_none          
20007165  __TI_ltoa                     
ffffffff  __TI_pprof_out_hndl           
20004401  __TI_printfi                  
ffffffff  __TI_prof_data_size           
ffffffff  __TI_prof_data_start          
20007ca8  __TI_static_base__            
200076e5  __TI_zero_init_nomemset       
20006c3d  __aeabi_cdcmpeq               
20006c3d  __aeabi_cdcmple               
20006cc3  __aeabi_cdrcmple              
200072a1  __aeabi_d2iz                  
20005c23  __aeabi_dadd                  
20006085  __aeabi_ddiv                  
200064fd  __aeabi_dmul                  
20005c19  __aeabi_dsub                  
200078ed  __aeabi_errno_addr            
200074f1  __aeabi_i2d                   
20005dcf  __aeabi_idiv0                 
20005dcf  __aeabi_ldiv0                 
200077cd  __aeabi_lmul                  
20006dcb  __aeabi_memclr                
20006dcb  __aeabi_memclr4               
20006dcb  __aeabi_memclr8               
200069ed  __aeabi_memcpy                
200069ed  __aeabi_memcpy4               
200069ed  __aeabi_memcpy8               
20006dcd  __aeabi_memset                
20006dcd  __aeabi_memset4               
20006dcd  __aeabi_memset8               
20006a89  __aeabi_uldivmod              
ffffffff  __binit__                     
ffffffff  __c_args__                    
UNDEFED   __mpu_init                    
2003f800  __stack                       
2001d000  __start___llvm_prf_cnts       
2001d000  __stop___llvm_prf_cnts        
200075e9  _c_int00_noargs               
2000790c  _ctypes_                      
2001db6c  _lock                         
20004e4f  _nop                          
2001d000  _sys_memory                   
UNDEFED   _system_post_cinit            
20007903  _system_pre_init              
2001db70  _unlock                       
20007907  abort                         
200063fd  aligned_alloc                 
2000720d  atoi                          
ffffffff  binit                         
200078d5  copysign                      
200078d5  copysignl                     
2001db3c  count                         
20005337  decoder                       
2001d800  delta_buffer                  
2001db7c  errno                         
2001db40  expired_num                   
2001db38  flag                          
200065f9  free                          
20007005  frexp                         
20007005  frexpl                        
20004000  g_pfnVectors                  
2001db24  g_ucLED1Pin                   
2001db25  g_ucLED2Pin                   
2001db26  g_ucLED3Pin                   
2001db60  g_uiLED1Port                  
2001db64  g_uiLED2Port                  
2001db68  g_uiLED3Port                  
200067c1  ldexp                         
200067c1  ldexpl                        
2000540d  main                          
200078f5  malloc                        
200063fd  memalign                      
2000771d  memccpy                       
200069ed  memcpy                        
2000759d  memmove                       
20006dd3  memset                        
2001db48  readReady                     
200066dd  realloc                       
200067c1  scalbn                        
200067c1  scalbnl                       
2001db44  start                         
20007811  strchr                        
20007865  strlen                        
2001db30  systick_cnt                   
2001db34  systick_expired               
2001db28  ulsystick_delta_us            
2000736d  vsnprintf                     
20007879  wcslen                        


GLOBAL SYMBOLS: SORTED BY Symbol Address 

address   name                          
-------   ----                          
00000800  __STACK_SIZE                  
00000800  __SYSMEM_SIZE                 
20004000  g_pfnVectors                  
20004401  __TI_printfi                  
20004e4f  _nop                          
20004e8d  GPIO_IF_LedConfigure          
20004ecb  GPIO_IF_LedOn                 
20004f7f  GPIO_IF_LedOff                
20005033  GPIO_IF_LedStatus             
2000509d  GPIO_IF_LedToggle             
200050cb  GPIO_IF_GetPortNPin           
20005111  GPIO_IF_ConfigureNIntEnable   
20005159  GPIO_IF_Set                   
2000519d  GPIO_IF_Get                   
20005337  decoder                       
2000540d  main                          
20005569  InitTerm                      
20005587  Message                       
200055a9  ClearTerm                     
200055b3  Error                         
200055eb  GetCmd                        
20005691  TrimSpace                     
20005729  Report                        
20005c19  __aeabi_dsub                  
20005c23  __aeabi_dadd                  
20005dcf  __aeabi_idiv0                 
20005dcf  __aeabi_ldiv0                 
20005dd1  PRCMCC3200MCUInit             
20006085  __aeabi_ddiv                  
200062dd  PinMuxConfig                  
200063fd  aligned_alloc                 
200063fd  memalign                      
200064fd  __aeabi_dmul                  
200065f9  free                          
200066dd  realloc                       
200067c1  ldexp                         
200067c1  ldexpl                        
200067c1  scalbn                        
200067c1  scalbnl                       
20006945  IntEnable                     
200069ed  __aeabi_memcpy                
200069ed  __aeabi_memcpy4               
200069ed  __aeabi_memcpy8               
200069ed  memcpy                        
20006a89  __aeabi_uldivmod              
20006b21  PRCMPeripheralClockGet        
20006bb5  PinConfigSet                  
20006c3d  __aeabi_cdcmpeq               
20006c3d  __aeabi_cdcmple               
20006cc3  __aeabi_cdrcmple              
20006d49  GPIOIntTypeSet                
20006dcb  __aeabi_memclr                
20006dcb  __aeabi_memclr4               
20006dcb  __aeabi_memclr8               
20006dcd  __aeabi_memset                
20006dcd  __aeabi_memset4               
20006dcd  __aeabi_memset8               
20006dd3  memset                        
20006e45  UARTConfigSetExpClk           
20006f9b  __TI_decompress_lzss          
20007005  frexp                         
20007005  frexpl                        
20007061  PRCMPeripheralReset           
20007111  IntPrioritySet                
20007165  __TI_ltoa                     
2000720d  atoi                          
200072a1  __aeabi_d2iz                  
200072e9  __TI_auto_init_nobinit_nopinit
2000732d  PinModeSet                    
2000736d  vsnprintf                     
200073ed  PRCMPeripheralClkEnable       
20007429  GPIODirModeSet                
2000745f  PinTypeGPIO                   
20007491  UARTDisable                   
200074f1  __aeabi_i2d                   
20007521  PRCMSysResetCauseGet          
2000754d  PRCMPeripheralClkDisable      
2000759d  memmove                       
200075c5  UARTEnable                    
200075e9  _c_int00_noargs               
2000760d  GPIOIntStatus                 
2000762f  GPIOPinWrite                  
20007651  IntRegister                   
20007671  GPIOIntRegister               
2000768f  UARTCharPut                   
200076ad  SysTickIntRegister            
200076c9  UARTCharGetNonBlocking        
200076e5  __TI_zero_init_nomemset       
2000771d  memccpy                       
20007739  GPIOIntEnable                 
20007753  PinTypeUART                   
2000776d  GPIOPinRead                   
20007785  SysTickPeriodSet              
2000779d  UARTCharsAvail                
200077cd  __aeabi_lmul                  
200077e5  PRCMHIBRegRead                
200077fb  PRCMHIBRegWrite               
20007811  strchr                        
20007827  CPUcpsie                      
2000783b  GPIOIntClear                  
20007851  IntVTableBaseSet              
20007865  strlen                        
20007879  wcslen                        
2000788d  SysTickEnable                 
2000789d  SysTickIntEnable              
200078ad  __TI_decompress_none          
200078bb  ResetISR                      
200078c9  SysTickValueGet               
200078d5  copysign                      
200078d5  copysignl                     
200078e1  IntMasterEnable               
200078ed  __aeabi_errno_addr            
200078f5  malloc                        
200078fd  UtilsDelay                    
20007903  _system_pre_init              
20007907  C$$EXIT                       
20007907  abort                         
2000790c  _ctypes_                      
20007ca8  __TI_static_base__            
20007ccc  __TI_Handler_Table_Base       
20007cd8  __TI_Handler_Table_Limit      
20007ce0  __TI_CINIT_Base               
20007cf0  __TI_CINIT_Limit              
2001d000  __start___llvm_prf_cnts       
2001d000  __stop___llvm_prf_cnts        
2001d000  _sys_memory                   
2001d800  delta_buffer                  
2001db24  g_ucLED1Pin                   
2001db25  g_ucLED2Pin                   
2001db26  g_ucLED3Pin                   
2001db28  ulsystick_delta_us            
2001db30  systick_cnt                   
2001db34  systick_expired               
2001db38  flag                          
2001db3c  count                         
2001db40  expired_num                   
2001db44  start                         
2001db48  readReady                     
2001db60  g_uiLED1Port                  
2001db64  g_uiLED2Port                  
2001db68  g_uiLED3Port                  
2001db6c  _lock                         
2001db70  _unlock                       
2001db7c  errno                         
2003f800  __stack                       
20040000  __STACK_END                   
ffffffff  __TI_pprof_out_hndl           
ffffffff  __TI_prof_data_size           
ffffffff  __TI_prof_data_start          
ffffffff  __binit__                     
ffffffff  __c_args__                    
ffffffff  binit                         
UNDEFED   __mpu_init                    
UNDEFED   _system_post_cinit            

[154 symbols]
