******************************************************************************
                  TI ARM Linker Unix v20.2.7                   
******************************************************************************
>> Linked Thu Apr 11 23:33:03 2024

OUTPUT FILE NAME:   <lab2-pt2.out>
ENTRY POINT SYMBOL: "_c_int00_noargs"  address: 20008521


MEMORY CONFIGURATION

         name            origin    length      used     unused   attr    fill
----------------------  --------  ---------  --------  --------  ----  --------
  SRAM_CODE             20004000   00013000  00004bbe  0000e442  RW X
  SRAM_DATA             20017000   00019000  000013b8  00017c48  RW X


SEGMENT ALLOCATION MAP

run origin  load origin   length   init length attrs members
----------  ----------- ---------- ----------- ----- -------
20004000    20004000    00004bc0   00004bc0    r-x
  20004000    20004000    00000400   00000400    r-- .intvecs
  20004400    20004400    00004462   00004462    r-x .text
  20008864    20008864    000002c4   000002c4    r-- .const
  20008b28    20008b28    00000098   00000098    r-- .cinit
20017000    20017000    00000bb8   00000000    rw-
  20017000    20017000    00000800   00000000    rw- .sysmem
  20017800    20017800    000001ec   00000000    rw- .data
  200179ec    200179ec    000001cc   00000000    rw- .bss
2002f800    2002f800    00000800   00000000    rw-
  2002f800    2002f800    00000800   00000000    rw- .stack


SECTION ALLOCATION MAP

 output                                  attributes/
section   page    origin      length       input sections
--------  ----  ----------  ----------   ----------------
.intvecs   0    20004000    00000400     
                  20004000    00000400     startup_ccs.obj (.intvecs)

.init_array 
*          0    20004000    00000000     UNINITIALIZED

.text      0    20004400    00004462     
                  20004400    00000ab8     main.obj (.text)
                  20004eb8    00000a4e     rtsv7M4_T_le_eabi.lib : _printfi.c.obj (.text:__TI_printfi)
                  20005906    00000002                           : _lock.c.obj (.text:_nop)
                  20005908    000002a0     i2c_if.obj (.text)
                  20005ba8    0000027c     uart_if.obj (.text)
                  20005e24    00000268     rtsv7M4_T_le_eabi.lib : _printfi.c.obj (.text:_pconv_a)
                  2000608c    000001cc                           : _printfi.c.obj (.text:_pconv_g)
                  20006258    000001b6                           : fd_add_t2.asm.obj (.text)
                  2000640e    00000002                           : div0.asm.obj (.text)
                  20006410    00000178     driverlib.a : prcm.obj (.text:PRCMCC3200MCUInit)
                  20006588    0000013c     rtsv7M4_T_le_eabi.lib : _printfi.c.obj (.text:_pconv_e)
                  200066c4    00000136                           : fd_div_t2.asm.obj (.text)
                  200067fa    00000002     --HOLE-- [fill = 0]
                  200067fc    00000120                           : _printfi.c.obj (.text:fcvt)
                  2000691c    00000114                           : fputs.c.obj (.text:fputs)
                  20006a30    00000110                           : strtoul.c.obj (.text:strtoul)
                  20006b40    00000100                           : memory.c.obj (.text:aligned_alloc)
                  20006c40    000000fc                           : fd_mul_t2.asm.obj (.text)
                  20006d3c    000000e4                           : memory.c.obj (.text:free)
                  20006e20    000000e4                           : memory.c.obj (.text:realloc)
                  20006f04    000000dc                           : setvbuf.c.obj (.text:setvbuf)
                  20006fe0    000000d0                           : s_scalbn.c.obj (.text:scalbn)
                  200070b0    000000b1                           : _printfi.c.obj (.text:_ltostr)
                  20007161    00000003     --HOLE-- [fill = 0]
                  20007164    000000a8     driverlib.a : interrupt.obj (.text:IntEnable)
                  2000720c    0000009c     rtsv7M4_T_le_eabi.lib : memcpy_t2.asm.obj (.text)
                  200072a8    00000096                           : ull_div_t2.asm.obj (.text)
                  2000733e    00000002     --HOLE-- [fill = 0]
                  20007340    00000094     driverlib.a : prcm.obj (.text:PRCMPeripheralClockGet)
                  200073d4    0000008c     rtsv7M4_T_le_eabi.lib : fputc.c.obj (.text:fputc)
                  20007460    00000088     driverlib.a : pin.obj (.text:PinConfigSet)
                  200074e8    00000086     rtsv7M4_T_le_eabi.lib : fd_cmp_t2.asm.obj (.text:__aeabi_cdcmple)
                  2000756e    00000086                           : fd_cmp_t2.asm.obj (.text:__aeabi_cdrcmple)
                  200075f4    00000084     driverlib.a : i2c.obj (.text:I2CMasterInitExpClk)
                  20007678    0000007a     rtsv7M4_T_le_eabi.lib : memset_t2.asm.obj (.text)
                  200076f2    00000076     driverlib.a : uart.obj (.text:UARTConfigSetExpClk)
                  20007768    00000074     rtsv7M4_T_le_eabi.lib : fclose.c.obj (.text:__TI_closefile)
                  200077dc    00000070                           : memory.c.obj (.text:split)
                  2000784c    0000006e                           : _printfi.c.obj (.text:_mcpy)
                  200078ba    00000002     --HOLE-- [fill = 0]
                  200078bc    0000006c                           : hostrename.c.obj (.text:HOSTrename)
                  20007928    00000068                           : hostlseek.c.obj (.text:HOSTlseek)
                  20007990    00000068                           : copy_decompress_lzss.c.obj (.text:decompress:lzss:__TI_decompress_lzss)
                  200079f8    00000068                           : printf.c.obj (.text:printf)
                  20007a60    00000064                           : fseek.c.obj (.text:fseek)
                  20007ac4    00000062                           : _io_perm.c.obj (.text:__TI_wrt_ok)
                  20007b26    00000002     --HOLE-- [fill = 0]
                  20007b28    00000060                           : hostopen.c.obj (.text:HOSTopen)
                  20007b88    0000005c                           : close.c.obj (.text:close)
                  20007be4    0000005c                           : s_frexp.c.obj (.text:frexp)
                  20007c40    00000058                           : hostread.c.obj (.text:HOSTread)
                  20007c98    00000058                           : hostwrite.c.obj (.text:HOSTwrite)
                  20007cf0    00000058     driverlib.a : prcm.obj (.text:PRCMPeripheralReset)
                  20007d48    00000056     rtsv7M4_T_le_eabi.lib : _printfi.c.obj (.text:_pconv_f)
                  20007d9e    00000054                           : _ltoa.c.obj (.text:__TI_ltoa)
                  20007df2    00000052                           : _printfi.c.obj (.text:_ecpy)
                  20007e44    0000004c                           : fflush.c.obj (.text:__TI_doflush)
                  20007e90    0000004c                           : atoi.c.obj (.text:atoi)
                  20007edc    00000048                           : exit.c.obj (.text:exit)
                  20007f24    00000048                           : fd_toi_t2.asm.obj (.text)
                  20007f6c    00000044                           : hostclose.c.obj (.text:HOSTclose)
                  20007fb0    00000044                           : hostunlink.c.obj (.text:HOSTunlink)
                  20007ff4    00000044                           : autoinit.c.obj (.text:__TI_auto_init_nobinit_nopinit:__TI_auto_init_nobinit_nopinit)
                  20008038    00000044                           : getdevice.c.obj (.text:getdevice)
                  2000807c    00000040     driverlib.a : pin.obj (.text:PinModeSet)
                  200080bc    00000040     rtsv7M4_T_le_eabi.lib : strtok.c.obj (.text:strtok)
                  200080fc    00000040                           : vsnprintf.c.obj (.text:vsnprintf)
                  2000813c    0000003e                           : _printfi.c.obj (.text:_fcpy)
                  2000817a    00000002     --HOLE-- [fill = 0]
                  2000817c    0000003c     driverlib.a : prcm.obj (.text:PRCMPeripheralClkEnable)
                  200081b8    00000038     rtsv7M4_T_le_eabi.lib : trgmsg.c.obj (.text:__TI_writemsg)
                  200081f0    00000036                           : strncpy.c.obj (.text:strncpy)
                  20008226    00000002     --HOLE-- [fill = 0]
                  20008228    00000034                           : fopen.c.obj (.text:__TI_cleanup)
                  2000825c    00000034                           : trgmsg.c.obj (.text:__TI_readmsg)
                  20008290    00000034     pinmux.obj (.text)
                  200082c4    00000030     driverlib.a : uart.obj (.text:UARTDisable)
                  200082f4    00000030     rtsv7M4_T_le_eabi.lib : vsnprintf.c.obj (.text:_outs)
                  20008324    00000030                           : getdevice.c.obj (.text:finddevice)
                  20008354    0000002e                           : i_tofd_t2.asm.obj (.text)
                  20008382    0000002c     driverlib.a : i2c.obj (.text:I2CMasterErr)
                  200083ae    00000002     --HOLE-- [fill = 0]
                  200083b0    0000002c                 : prcm.obj (.text:PRCMSysResetCauseGet)
                  200083dc    0000002c     rtsv7M4_T_le_eabi.lib : unlink.c.obj (.text:unlink)
                  20008408    0000002a                           : strspn.c.obj (.text:strspn)
                  20008432    00000002     --HOLE-- [fill = 0]
                  20008434    00000028     driverlib.a : prcm.obj (.text:PRCMPeripheralClkDisable)
                  2000845c    00000028     rtsv7M4_T_le_eabi.lib : memory.c.obj (.text:free_list_insert)
                  20008484    00000028                           : lseek.c.obj (.text:lseek)
                  200084ac    00000028                           : memmov.c.obj (.text:memmove)
                  200084d4    00000028                           : write.c.obj (.text:write)
                  200084fc    00000024     driverlib.a : uart.obj (.text:UARTEnable)
                  20008520    00000024     rtsv7M4_T_le_eabi.lib : boot_cortex_m.c.obj (.text:_c_int00_noargs:_c_int00_noargs)
                  20008544    00000024                           : strcspn.c.obj (.text:strcspn)
                  20008568    00000022     driverlib.a : i2c.obj (.text:I2CMasterSlaveAddrSet)
                  2000858a    00000020     rtsv7M4_T_le_eabi.lib : memchr.c.obj (.text:memchr)
                  200085aa    0000001e     driverlib.a : i2c.obj (.text:I2CMasterIntStatusEx)
                  200085c8    0000001e                 : uart.obj (.text:UARTCharPut)
                  200085e6    0000001c                 : pin.obj (.text:PinTypeI2C)
                  20008602    0000001c                 : uart.obj (.text:UARTCharGetNonBlocking)
                  2000861e    0000001c     rtsv7M4_T_le_eabi.lib : copy_zero_init.c.obj (.text:decompress:ZI:__TI_zero_init_nomemset:__TI_zero_init_nomemset)
                  2000863a    00000002     --HOLE-- [fill = 0]
                  2000863c    0000001c                           : memory.c.obj (.text:free_list_remove)
                  20008658    0000001c                           : memccpy.c.obj (.text:memccpy)
                  20008674    0000001a     driverlib.a : pin.obj (.text:PinTypeUART)
                  2000868e    00000018                 : i2c.obj (.text:I2CMasterIntEnableEx)
                  200086a6    00000018                 : uart.obj (.text:UARTCharsAvail)
                  200086be    00000018     rtsv7M4_T_le_eabi.lib : vsnprintf.c.obj (.text:_outc)
                  200086d6    00000018                           : strcmp.c.obj (.text:strcmp)
                  200086ee    00000016     driverlib.a : i2c.obj (.text:I2CMasterDataPut)
                  20008704    00000016                 : i2c.obj (.text:I2CMasterEnable)
                  2000871a    00000016                 : i2c.obj (.text:I2CMasterIntClear)
                  20008730    00000016                 : prcm.obj (.text:PRCMHIBRegRead)
                  20008746    00000016                 : prcm.obj (.text:PRCMHIBRegWrite)
                  2000875c    00000016     rtsv7M4_T_le_eabi.lib : strchr.c.obj (.text:strchr)
                  20008772    00000014     driverlib.a : cpu.obj (.text:CPUcpsie)
                  20008786    00000002     --HOLE-- [fill = 0]
                  20008788    00000014                 : interrupt.obj (.text:IntVTableBaseSet)
                  2000879c    00000014     rtsv7M4_T_le_eabi.lib : strcpy.c.obj (.text:strcpy)
                  200087b0    00000014                           : strlen.c.obj (.text:strlen)
                  200087c4    00000012     driverlib.a : i2c.obj (.text:I2CMasterControl)
                  200087d6    00000012                 : i2c.obj (.text:I2CMasterTimeoutSet)
                  200087e8    00000012     rtsv7M4_T_le_eabi.lib : wcslen.c.obj (.text:wcslen)
                  200087fa    0000000e     driverlib.a : i2c.obj (.text:I2CMasterDataGet)
                  20008808    0000000e     rtsv7M4_T_le_eabi.lib : copy_decompress_none.c.obj (.text:decompress:none:__TI_decompress_none)
                  20008816    0000000e     startup_ccs.obj (.text)
                  20008824    0000000c     rtsv7M4_T_le_eabi.lib : s_copysign.c.obj (.text:copysign)
                  20008830    0000000a     driverlib.a : interrupt.obj (.text:IntMasterEnable)
                  2000883a    00000002     --HOLE-- [fill = 0]
                  2000883c    00000008     rtsv7M4_T_le_eabi.lib : errno.c.obj (.text:__aeabi_errno_addr)
                  20008844    00000008                           : memory.c.obj (.text:malloc)
                  2000884c    00000006     driverlib.a : utils.obj (.text:UtilsDelay)
                  20008852    00000004     rtsv7M4_T_le_eabi.lib : printf.c.obj (.text:_outc)
                  20008856    00000004                           : printf.c.obj (.text:_outs)
                  2000885a    00000004                           : pre_init.c.obj (.text:_system_pre_init)
                  2000885e    00000004                           : exit.c.obj (.text:abort:abort)

.const     0    20008864    000002c4     
                  20008864    00000101     rtsv7M4_T_le_eabi.lib : ctype.c.obj (.const:.string:_ctypes_)
                  20008965    00000003     --HOLE-- [fill = 0]
                  20008968    00000100     driverlib.a : pin.obj (.const:g_ulPinToPadMap)
                  20008a68    000000a8                 : prcm.obj (.const:PRCM_PeriphRegsList)
                  20008b10    00000018                 : interrupt.obj (.const:g_pulEnRegs)

.cinit     0    20008b28    00000098     
                  20008b28    0000006d     (.cinit..data.load) [load image, compression = lzss]
                  20008b95    00000003     --HOLE-- [fill = 0]
                  20008b98    0000000c     (__TI_handler_table)
                  20008ba4    00000004     --HOLE-- [fill = 0]
                  20008ba8    00000008     (.cinit..bss.load) [load image, compression = zero_init]
                  20008bb0    00000010     (__TI_cinit_table)

.sysmem    0    20017000    00000800     UNINITIALIZED
                  20017000    00000010     rtsv7M4_T_le_eabi.lib : memory.c.obj (.sysmem)
                  20017010    000007f0     --HOLE--

.data      0    20017800    000001ec     UNINITIALIZED
                  20017800    000000f0     rtsv7M4_T_le_eabi.lib : defs.c.obj (.data:_ftable)
                  200178f0    00000078                           : host_device.c.obj (.data:_device)
                  20017968    00000050                           : host_device.c.obj (.data:_stream)
                  200179b8    00000010                           : defs.c.obj (.data)
                  200179c8    0000000c                           : exit.c.obj (.data:$O1$$)
                  200179d4    00000008                           : _lock.c.obj (.data:$O1$$)
                  200179dc    00000008                           : memory.c.obj (.data:$O1$$)
                  200179e4    00000004                           : errno.c.obj (.data)
                  200179e8    00000004                           : strtok.c.obj (.data)

.bss       0    200179ec    000001cc     UNINITIALIZED
                  200179ec    00000120     rtsv7M4_T_le_eabi.lib : trgmsg.c.obj (.bss:_CIOBUF_)
                  20017b0c    000000a0     (.common:__TI_tmpnams)
                  20017bac    00000008     (.common:parmbuf)
                  20017bb4    00000004     uart_if.obj (.bss)

.stack     0    2002f800    00000800     UNINITIALIZED
                  2002f800    00000004     rtsv7M4_T_le_eabi.lib : boot_cortex_m.c.obj (.stack)
                  2002f804    000007fc     --HOLE--

__llvm_prf_cnts 
*          0    20017000    00000000     UNINITIALIZED

MODULE SUMMARY

       Module                       code    ro data   rw data
       ------                       ----    -------   -------
    ./
       main.obj                     2744    0         0      
       startup_ccs.obj              14      1024      0      
       i2c_if.obj                   672     0         0      
       uart_if.obj                  636     0         4      
       pinmux.obj                   52      0         0      
    +--+----------------------------+-------+---------+---------+
       Total:                       4118    1024      4      
                                                             
    /Applications/ti/ccs/tools/compiler/ti-cgt-arm_20.2.7.LTS/lib/rtsv7M4_T_le_eabi.lib
       _printfi.c.obj               4835    0         0      
       memory.c.obj                 900     0         8      
       fd_add_t2.asm.obj            438     0         0      
       defs.c.obj                   0       0         416    
       trgmsg.c.obj                 108     0         288    
       fd_div_t2.asm.obj            310     0         0      
       fputs.c.obj                  276     0         0      
       strtoul.c.obj                272     0         0      
       fd_cmp_t2.asm.obj            268     0         0      
       ctype.c.obj                  0       257       0      
       fd_mul_t2.asm.obj            252     0         0      
       setvbuf.c.obj                220     0         0      
       s_scalbn.c.obj               208     0         0      
       host_device.c.obj            0       0         200    
       memcpy_t2.asm.obj            156     0         0      
       ull_div_t2.asm.obj           150     0         0      
       fputc.c.obj                  140     0         0      
       vsnprintf.c.obj              136     0         0      
       memset_t2.asm.obj            122     0         0      
       fclose.c.obj                 116     0         0      
       getdevice.c.obj              116     0         0      
       printf.c.obj                 112     0         0      
       hostrename.c.obj             108     0         0      
       copy_decompress_lzss.c.obj   104     0         0      
       hostlseek.c.obj              104     0         0      
       hostopen.c.obj               96      0         8      
       fseek.c.obj                  100     0         0      
       _io_perm.c.obj               98      0         0      
       close.c.obj                  92      0         0      
       s_frexp.c.obj                92      0         0      
       exit.c.obj                   76      0         12     
       hostread.c.obj               88      0         0      
       hostwrite.c.obj              88      0         0      
       _ltoa.c.obj                  84      0         0      
       atoi.c.obj                   76      0         0      
       fflush.c.obj                 76      0         0      
       fd_toi_t2.asm.obj            72      0         0      
       autoinit.c.obj               68      0         0      
       hostclose.c.obj              68      0         0      
       hostunlink.c.obj             68      0         0      
       strtok.c.obj                 64      0         4      
       strncpy.c.obj                54      0         0      
       fopen.c.obj                  52      0         0      
       i_tofd_t2.asm.obj            46      0         0      
       unlink.c.obj                 44      0         0      
       strspn.c.obj                 42      0         0      
       lseek.c.obj                  40      0         0      
       memmov.c.obj                 40      0         0      
       write.c.obj                  40      0         0      
       boot_cortex_m.c.obj          36      0         0      
       strcspn.c.obj                36      0         0      
       memchr.c.obj                 32      0         0      
       copy_zero_init.c.obj         28      0         0      
       memccpy.c.obj                28      0         0      
       strcmp.c.obj                 24      0         0      
       strchr.c.obj                 22      0         0      
       strcpy.c.obj                 20      0         0      
       strlen.c.obj                 20      0         0      
       wcslen.c.obj                 18      0         0      
       copy_decompress_none.c.obj   14      0         0      
       errno.c.obj                  8       0         4      
       s_copysign.c.obj             12      0         0      
       _lock.c.obj                  2       0         8      
       pre_init.c.obj               4       0         0      
       div0.asm.obj                 2       0         0      
    +--+----------------------------+-------+---------+---------+
       Total:                       11421   257       948    
                                                             
    /Applications/ti/lib/cc3200sdk_1.5.0/cc3200-sdk/driverlib/ccs/Release/driverlib.a
       prcm.obj                     800     168       0      
       pin.obj                      254     256       0      
       i2c.obj                      380     0         0      
       uart.obj                     284     0         0      
       interrupt.obj                198     24        0      
       cpu.obj                      20      0         0      
       utils.obj                    6       0         0      
    +--+----------------------------+-------+---------+---------+
       Total:                       1942    448       0      
                                                             
       Heap:                        0       0         2048   
       Stack:                       0       0         2048   
       Linker Generated:            0       145       0      
    +--+----------------------------+-------+---------+---------+
       Grand Total:                 17481   1874      5048   


LINKER GENERATED COPY TABLES

__TI_cinit_table @ 20008bb0 records: 2, size/record: 8, table size: 16
	.data: load addr=20008b28, load size=0000006d bytes, run addr=20017800, run size=000001ec bytes, compression=lzss
	.bss: load addr=20008ba8, load size=00000008 bytes, run addr=200179ec, run size=000001cc bytes, compression=zero_init


LINKER GENERATED HANDLER TABLE

__TI_handler_table @ 20008b98 records: 3, size/record: 4, table size: 12
	index: 0, handler: __TI_decompress_lzss
	index: 1, handler: __TI_decompress_none
	index: 2, handler: __TI_zero_init


GLOBAL SYMBOLS: SORTED ALPHABETICALLY BY Name 

address   name                           
-------   ----                           
2000885f  C$$EXIT                        
200081e7  C$$IO$$                        
20008773  CPUcpsie                       
20005be9  ClearTerm                      
2000485d  DisplayBuffer                  
20004401  DisplayPrompt                  
2000440b  DisplayUsage                   
20005bf3  Error                          
20005c2b  GetCmd                         
20007f6d  HOSTclose                      
20007929  HOSTlseek                      
20007b29  HOSTopen                       
20007c41  HOSTread                       
200078bd  HOSTrename                     
20007fb1  HOSTunlink                     
20007c99  HOSTwrite                      
200087c5  I2CMasterControl               
200087fb  I2CMasterDataGet               
200086ef  I2CMasterDataPut               
20008705  I2CMasterEnable                
20008383  I2CMasterErr                   
200075f5  I2CMasterInitExpClk            
2000871b  I2CMasterIntClear              
2000868f  I2CMasterIntEnableEx           
200085ab  I2CMasterIntStatusEx           
20008569  I2CMasterSlaveAddrSet          
200087d7  I2CMasterTimeoutSet            
20005b93  I2C_IF_Close                   
20005b37  I2C_IF_Open                    
20005a35  I2C_IF_Read                    
20005af1  I2C_IF_ReadFrom                
20005985  I2C_IF_Write                   
20005ba9  InitTerm                       
20007165  IntEnable                      
20008831  IntMasterEnable                
20008789  IntVTableBaseSet               
20005bc7  Message                        
20006411  PRCMCC3200MCUInit              
20008731  PRCMHIBRegRead                 
20008747  PRCMHIBRegWrite                
20008435  PRCMPeripheralClkDisable       
2000817d  PRCMPeripheralClkEnable        
20007341  PRCMPeripheralClockGet         
20007cf1  PRCMPeripheralReset            
200083b1  PRCMSysResetCauseGet           
20004cc7  ParseNProcessCmd               
20007461  PinConfigSet                   
2000807d  PinModeSet                     
20008291  PinMuxConfig                   
200085e7  PinTypeI2C                     
20008675  PinTypeUART                    
200048e3  ProcessReadCommand             
20004969  ProcessReadRegCommand          
20004bbf  ProcessWriteCommand            
20004a29  ProcessWriteRegCommand         
20005d69  Report                         
20008817  ResetISR                       
20005cd1  TrimSpace                      
20008603  UARTCharGetNonBlocking         
200085c9  UARTCharPut                    
200086a7  UARTCharsAvail                 
200076f3  UARTConfigSetExpClk            
200082c5  UARTDisable                    
200084fd  UARTEnable                     
2000884d  UtilsDelay                     
200179ec  __CIOBUF_                      
20030000  __STACK_END                    
00000800  __STACK_SIZE                   
00000800  __SYSMEM_SIZE                  
20008bb0  __TI_CINIT_Base                
20008bc0  __TI_CINIT_Limit               
20008b98  __TI_Handler_Table_Base        
20008ba4  __TI_Handler_Table_Limit       
20007ff5  __TI_auto_init_nobinit_nopinit 
20008229  __TI_cleanup                   
200179c8  __TI_cleanup_ptr               
20007769  __TI_closefile                 
20007991  __TI_decompress_lzss           
20008809  __TI_decompress_none           
20007e45  __TI_doflush                   
200179cc  __TI_dtors_ptr                 
200179d0  __TI_enable_exit_profile_output
200179b8  __TI_ft_end                    
20007d9f  __TI_ltoa                      
ffffffff  __TI_pprof_out_hndl            
20004eb9  __TI_printfi                   
ffffffff  __TI_prof_data_size            
ffffffff  __TI_prof_data_start           
2000825d  __TI_readmsg                   
20008b28  __TI_static_base__             
20017b0c  __TI_tmpnams                   
200081b9  __TI_writemsg                  
20007ac5  __TI_wrt_ok                    
2000861f  __TI_zero_init_nomemset        
200074e9  __aeabi_cdcmpeq                
200074e9  __aeabi_cdcmple                
2000756f  __aeabi_cdrcmple               
20007f25  __aeabi_d2iz                   
20006263  __aeabi_dadd                   
200066c5  __aeabi_ddiv                   
20006c41  __aeabi_dmul                   
20006259  __aeabi_dsub                   
2000883d  __aeabi_errno_addr             
20008355  __aeabi_i2d                    
2000640f  __aeabi_idiv0                  
2000640f  __aeabi_ldiv0                  
20007679  __aeabi_memclr                 
20007679  __aeabi_memclr4                
20007679  __aeabi_memclr8                
2000720d  __aeabi_memcpy                 
2000720d  __aeabi_memcpy4                
2000720d  __aeabi_memcpy8                
2000767b  __aeabi_memset                 
2000767b  __aeabi_memset4                
2000767b  __aeabi_memset8                
200179c4  __aeabi_stderr                 
200179bc  __aeabi_stdin                  
200179c0  __aeabi_stdout                 
200072a9  __aeabi_uldivmod               
ffffffff  __binit__                      
ffffffff  __c_args__                     
UNDEFED   __mpu_init                     
2002f800  __stack                        
20017000  __start___llvm_prf_cnts        
20017000  __stop___llvm_prf_cnts         
20008521  _c_int00_noargs                
20008864  _ctypes_                       
200178f0  _device                        
20017800  _ftable                        
200179d4  _lock                          
20005907  _nop                           
20017968  _stream                        
20017000  _sys_memory                    
UNDEFED   _system_post_cinit             
2000885b  _system_pre_init               
200179d8  _unlock                        
2000885f  abort                          
20006b41  aligned_alloc                  
20007e91  atoi                           
ffffffff  binit                          
20007b89  close                          
20008825  copysign                       
20008825  copysignl                      
200179e4  errno                          
20007edd  exit                           
20008325  finddevice                     
200073d5  fputc                          
2000691d  fputs                          
20006d3d  free                           
20007be5  frexp                          
20007be5  frexpl                         
20007a61  fseek                          
20004000  g_pfnVectors                   
20008039  getdevice                      
20006fe1  ldexp                          
20006fe1  ldexpl                         
20008485  lseek                          
20004d59  main                           
20008845  malloc                         
20006b41  memalign                       
20008659  memccpy                        
2000858b  memchr                         
2000720d  memcpy                         
200084ad  memmove                        
20007681  memset                         
20017bac  parmbuf                        
200079f9  printf                         
200073d5  putc                           
20006e21  realloc                        
200083dd  remove                         
20006fe1  scalbn                         
20006fe1  scalbnl                        
20006f05  setvbuf                        
2000875d  strchr                         
200086d7  strcmp                         
2000879d  strcpy                         
20008545  strcspn                        
200087b1  strlen                         
200081f1  strncpy                        
20008409  strspn                         
200080bd  strtok                         
20006a31  strtoul                        
200083dd  unlink                         
200080fd  vsnprintf                      
200087e9  wcslen                         
200084d5  write                          


GLOBAL SYMBOLS: SORTED BY Symbol Address 

address   name                           
-------   ----                           
00000800  __STACK_SIZE                   
00000800  __SYSMEM_SIZE                  
20004000  g_pfnVectors                   
20004401  DisplayPrompt                  
2000440b  DisplayUsage                   
2000485d  DisplayBuffer                  
200048e3  ProcessReadCommand             
20004969  ProcessReadRegCommand          
20004a29  ProcessWriteRegCommand         
20004bbf  ProcessWriteCommand            
20004cc7  ParseNProcessCmd               
20004d59  main                           
20004eb9  __TI_printfi                   
20005907  _nop                           
20005985  I2C_IF_Write                   
20005a35  I2C_IF_Read                    
20005af1  I2C_IF_ReadFrom                
20005b37  I2C_IF_Open                    
20005b93  I2C_IF_Close                   
20005ba9  InitTerm                       
20005bc7  Message                        
20005be9  ClearTerm                      
20005bf3  Error                          
20005c2b  GetCmd                         
20005cd1  TrimSpace                      
20005d69  Report                         
20006259  __aeabi_dsub                   
20006263  __aeabi_dadd                   
2000640f  __aeabi_idiv0                  
2000640f  __aeabi_ldiv0                  
20006411  PRCMCC3200MCUInit              
200066c5  __aeabi_ddiv                   
2000691d  fputs                          
20006a31  strtoul                        
20006b41  aligned_alloc                  
20006b41  memalign                       
20006c41  __aeabi_dmul                   
20006d3d  free                           
20006e21  realloc                        
20006f05  setvbuf                        
20006fe1  ldexp                          
20006fe1  ldexpl                         
20006fe1  scalbn                         
20006fe1  scalbnl                        
20007165  IntEnable                      
2000720d  __aeabi_memcpy                 
2000720d  __aeabi_memcpy4                
2000720d  __aeabi_memcpy8                
2000720d  memcpy                         
200072a9  __aeabi_uldivmod               
20007341  PRCMPeripheralClockGet         
200073d5  fputc                          
200073d5  putc                           
20007461  PinConfigSet                   
200074e9  __aeabi_cdcmpeq                
200074e9  __aeabi_cdcmple                
2000756f  __aeabi_cdrcmple               
200075f5  I2CMasterInitExpClk            
20007679  __aeabi_memclr                 
20007679  __aeabi_memclr4                
20007679  __aeabi_memclr8                
2000767b  __aeabi_memset                 
2000767b  __aeabi_memset4                
2000767b  __aeabi_memset8                
20007681  memset                         
200076f3  UARTConfigSetExpClk            
20007769  __TI_closefile                 
200078bd  HOSTrename                     
20007929  HOSTlseek                      
20007991  __TI_decompress_lzss           
200079f9  printf                         
20007a61  fseek                          
20007ac5  __TI_wrt_ok                    
20007b29  HOSTopen                       
20007b89  close                          
20007be5  frexp                          
20007be5  frexpl                         
20007c41  HOSTread                       
20007c99  HOSTwrite                      
20007cf1  PRCMPeripheralReset            
20007d9f  __TI_ltoa                      
20007e45  __TI_doflush                   
20007e91  atoi                           
20007edd  exit                           
20007f25  __aeabi_d2iz                   
20007f6d  HOSTclose                      
20007fb1  HOSTunlink                     
20007ff5  __TI_auto_init_nobinit_nopinit 
20008039  getdevice                      
2000807d  PinModeSet                     
200080bd  strtok                         
200080fd  vsnprintf                      
2000817d  PRCMPeripheralClkEnable        
200081b9  __TI_writemsg                  
200081e7  C$$IO$$                        
200081f1  strncpy                        
20008229  __TI_cleanup                   
2000825d  __TI_readmsg                   
20008291  PinMuxConfig                   
200082c5  UARTDisable                    
20008325  finddevice                     
20008355  __aeabi_i2d                    
20008383  I2CMasterErr                   
200083b1  PRCMSysResetCauseGet           
200083dd  remove                         
200083dd  unlink                         
20008409  strspn                         
20008435  PRCMPeripheralClkDisable       
20008485  lseek                          
200084ad  memmove                        
200084d5  write                          
200084fd  UARTEnable                     
20008521  _c_int00_noargs                
20008545  strcspn                        
20008569  I2CMasterSlaveAddrSet          
2000858b  memchr                         
200085ab  I2CMasterIntStatusEx           
200085c9  UARTCharPut                    
200085e7  PinTypeI2C                     
20008603  UARTCharGetNonBlocking         
2000861f  __TI_zero_init_nomemset        
20008659  memccpy                        
20008675  PinTypeUART                    
2000868f  I2CMasterIntEnableEx           
200086a7  UARTCharsAvail                 
200086d7  strcmp                         
200086ef  I2CMasterDataPut               
20008705  I2CMasterEnable                
2000871b  I2CMasterIntClear              
20008731  PRCMHIBRegRead                 
20008747  PRCMHIBRegWrite                
2000875d  strchr                         
20008773  CPUcpsie                       
20008789  IntVTableBaseSet               
2000879d  strcpy                         
200087b1  strlen                         
200087c5  I2CMasterControl               
200087d7  I2CMasterTimeoutSet            
200087e9  wcslen                         
200087fb  I2CMasterDataGet               
20008809  __TI_decompress_none           
20008817  ResetISR                       
20008825  copysign                       
20008825  copysignl                      
20008831  IntMasterEnable                
2000883d  __aeabi_errno_addr             
20008845  malloc                         
2000884d  UtilsDelay                     
2000885b  _system_pre_init               
2000885f  C$$EXIT                        
2000885f  abort                          
20008864  _ctypes_                       
20008b28  __TI_static_base__             
20008b98  __TI_Handler_Table_Base        
20008ba4  __TI_Handler_Table_Limit       
20008bb0  __TI_CINIT_Base                
20008bc0  __TI_CINIT_Limit               
20017000  __start___llvm_prf_cnts        
20017000  __stop___llvm_prf_cnts         
20017000  _sys_memory                    
20017800  _ftable                        
200178f0  _device                        
20017968  _stream                        
200179b8  __TI_ft_end                    
200179bc  __aeabi_stdin                  
200179c0  __aeabi_stdout                 
200179c4  __aeabi_stderr                 
200179c8  __TI_cleanup_ptr               
200179cc  __TI_dtors_ptr                 
200179d0  __TI_enable_exit_profile_output
200179d4  _lock                          
200179d8  _unlock                        
200179e4  errno                          
200179ec  __CIOBUF_                      
20017b0c  __TI_tmpnams                   
20017bac  parmbuf                        
2002f800  __stack                        
20030000  __STACK_END                    
ffffffff  __TI_pprof_out_hndl            
ffffffff  __TI_prof_data_size            
ffffffff  __TI_prof_data_start           
ffffffff  __binit__                      
ffffffff  __c_args__                     
ffffffff  binit                          
UNDEFED   __mpu_init                     
UNDEFED   _system_post_cinit             

[186 symbols]
