<?xml version="1.0" encoding="ISO-8859-1" ?>
<link_info>
   <banner>TI ARM Linker Unix v20.2.7.LTS</banner>
   <copyright>Copyright (c) 1996-2018 Texas Instruments Incorporated</copyright>
   <link_time>0x6618d59f</link_time>
   <link_errors>0x0</link_errors>
   <output_file>lab2-pt2.out</output_file>
   <entry_point>
      <name>_c_int00_noargs</name>
      <address>0x20008521</address>
   </entry_point>
   <input_file_list>
      <input_file id="fl-1">
         <path>./</path>
         <kind>object</kind>
         <file>i2c_if.obj</file>
         <name>i2c_if.obj</name>
      </input_file>
      <input_file id="fl-2">
         <path>./</path>
         <kind>object</kind>
         <file>main.obj</file>
         <name>main.obj</name>
      </input_file>
      <input_file id="fl-3">
         <path>./</path>
         <kind>object</kind>
         <file>pinmux.obj</file>
         <name>pinmux.obj</name>
      </input_file>
      <input_file id="fl-4">
         <path>./</path>
         <kind>object</kind>
         <file>startup_ccs.obj</file>
         <name>startup_ccs.obj</name>
      </input_file>
      <input_file id="fl-5">
         <path>./</path>
         <kind>object</kind>
         <file>uart_if.obj</file>
         <name>uart_if.obj</name>
      </input_file>
      <input_file id="fl-a">
         <kind>object</kind>
         <file>&lt;internal&gt;</file>
         <name>&lt;internal&gt;</name>
      </input_file>
      <input_file id="fl-b">
         <path>/Applications/ti/lib/cc3200sdk_1.5.0/cc3200-sdk/driverlib/ccs/Release/</path>
         <kind>archive</kind>
         <file>driverlib.a</file>
         <name>i2c.obj</name>
      </input_file>
      <input_file id="fl-c">
         <path>/Applications/ti/lib/cc3200sdk_1.5.0/cc3200-sdk/driverlib/ccs/Release/</path>
         <kind>archive</kind>
         <file>driverlib.a</file>
         <name>interrupt.obj</name>
      </input_file>
      <input_file id="fl-d">
         <path>/Applications/ti/lib/cc3200sdk_1.5.0/cc3200-sdk/driverlib/ccs/Release/</path>
         <kind>archive</kind>
         <file>driverlib.a</file>
         <name>pin.obj</name>
      </input_file>
      <input_file id="fl-e">
         <path>/Applications/ti/lib/cc3200sdk_1.5.0/cc3200-sdk/driverlib/ccs/Release/</path>
         <kind>archive</kind>
         <file>driverlib.a</file>
         <name>prcm.obj</name>
      </input_file>
      <input_file id="fl-f">
         <path>/Applications/ti/lib/cc3200sdk_1.5.0/cc3200-sdk/driverlib/ccs/Release/</path>
         <kind>archive</kind>
         <file>driverlib.a</file>
         <name>uart.obj</name>
      </input_file>
      <input_file id="fl-10">
         <path>/Applications/ti/lib/cc3200sdk_1.5.0/cc3200-sdk/driverlib/ccs/Release/</path>
         <kind>archive</kind>
         <file>driverlib.a</file>
         <name>utils.obj</name>
      </input_file>
      <input_file id="fl-11">
         <path>/Applications/ti/lib/cc3200sdk_1.5.0/cc3200-sdk/driverlib/ccs/Release/</path>
         <kind>archive</kind>
         <file>driverlib.a</file>
         <name>cpu.obj</name>
      </input_file>
      <input_file id="fl-12">
         <path>/Applications/ti/lib/cc3200sdk_1.5.0/cc3200-sdk/driverlib/ccs/Release/</path>
         <kind>archive</kind>
         <file>driverlib.a</file>
         <name>flash.obj</name>
      </input_file>
      <input_file id="fl-c8">
         <path>/Applications/ti/ccs/tools/compiler/ti-cgt-arm_20.2.7.LTS/lib/</path>
         <kind>archive</kind>
         <file>rtsv7M4_T_le_eabi.lib</file>
         <name>printf.c.obj</name>
      </input_file>
      <input_file id="fl-c9">
         <path>/Applications/ti/ccs/tools/compiler/ti-cgt-arm_20.2.7.LTS/lib/</path>
         <kind>archive</kind>
         <file>rtsv7M4_T_le_eabi.lib</file>
         <name>_printfi.c.obj</name>
      </input_file>
      <input_file id="fl-ca">
         <path>/Applications/ti/ccs/tools/compiler/ti-cgt-arm_20.2.7.LTS/lib/</path>
         <kind>archive</kind>
         <file>rtsv7M4_T_le_eabi.lib</file>
         <name>vsnprintf.c.obj</name>
      </input_file>
      <input_file id="fl-cb">
         <path>/Applications/ti/ccs/tools/compiler/ti-cgt-arm_20.2.7.LTS/lib/</path>
         <kind>archive</kind>
         <file>rtsv7M4_T_le_eabi.lib</file>
         <name>fputc.c.obj</name>
      </input_file>
      <input_file id="fl-cc">
         <path>/Applications/ti/ccs/tools/compiler/ti-cgt-arm_20.2.7.LTS/lib/</path>
         <kind>archive</kind>
         <file>rtsv7M4_T_le_eabi.lib</file>
         <name>fputs.c.obj</name>
      </input_file>
      <input_file id="fl-cd">
         <path>/Applications/ti/ccs/tools/compiler/ti-cgt-arm_20.2.7.LTS/lib/</path>
         <kind>archive</kind>
         <file>rtsv7M4_T_le_eabi.lib</file>
         <name>_io_perm.c.obj</name>
      </input_file>
      <input_file id="fl-ce">
         <path>/Applications/ti/ccs/tools/compiler/ti-cgt-arm_20.2.7.LTS/lib/</path>
         <kind>archive</kind>
         <file>rtsv7M4_T_le_eabi.lib</file>
         <name>setvbuf.c.obj</name>
      </input_file>
      <input_file id="fl-cf">
         <path>/Applications/ti/ccs/tools/compiler/ti-cgt-arm_20.2.7.LTS/lib/</path>
         <kind>archive</kind>
         <file>rtsv7M4_T_le_eabi.lib</file>
         <name>fd_add_t2.asm.obj</name>
      </input_file>
      <input_file id="fl-d0">
         <path>/Applications/ti/ccs/tools/compiler/ti-cgt-arm_20.2.7.LTS/lib/</path>
         <kind>archive</kind>
         <file>rtsv7M4_T_le_eabi.lib</file>
         <name>fd_cmp_t2.asm.obj</name>
      </input_file>
      <input_file id="fl-d1">
         <path>/Applications/ti/ccs/tools/compiler/ti-cgt-arm_20.2.7.LTS/lib/</path>
         <kind>archive</kind>
         <file>rtsv7M4_T_le_eabi.lib</file>
         <name>fd_div_t2.asm.obj</name>
      </input_file>
      <input_file id="fl-d2">
         <path>/Applications/ti/ccs/tools/compiler/ti-cgt-arm_20.2.7.LTS/lib/</path>
         <kind>archive</kind>
         <file>rtsv7M4_T_le_eabi.lib</file>
         <name>fd_mul_t2.asm.obj</name>
      </input_file>
      <input_file id="fl-d3">
         <path>/Applications/ti/ccs/tools/compiler/ti-cgt-arm_20.2.7.LTS/lib/</path>
         <kind>archive</kind>
         <file>rtsv7M4_T_le_eabi.lib</file>
         <name>fd_toi_t2.asm.obj</name>
      </input_file>
      <input_file id="fl-d4">
         <path>/Applications/ti/ccs/tools/compiler/ti-cgt-arm_20.2.7.LTS/lib/</path>
         <kind>archive</kind>
         <file>rtsv7M4_T_le_eabi.lib</file>
         <name>i_tofd_t2.asm.obj</name>
      </input_file>
      <input_file id="fl-d5">
         <path>/Applications/ti/ccs/tools/compiler/ti-cgt-arm_20.2.7.LTS/lib/</path>
         <kind>archive</kind>
         <file>rtsv7M4_T_le_eabi.lib</file>
         <name>memcpy_t2.asm.obj</name>
      </input_file>
      <input_file id="fl-d6">
         <path>/Applications/ti/ccs/tools/compiler/ti-cgt-arm_20.2.7.LTS/lib/</path>
         <kind>archive</kind>
         <file>rtsv7M4_T_le_eabi.lib</file>
         <name>memset_t2.asm.obj</name>
      </input_file>
      <input_file id="fl-d7">
         <path>/Applications/ti/ccs/tools/compiler/ti-cgt-arm_20.2.7.LTS/lib/</path>
         <kind>archive</kind>
         <file>rtsv7M4_T_le_eabi.lib</file>
         <name>ull_div_t2.asm.obj</name>
      </input_file>
      <input_file id="fl-d8">
         <path>/Applications/ti/ccs/tools/compiler/ti-cgt-arm_20.2.7.LTS/lib/</path>
         <kind>archive</kind>
         <file>rtsv7M4_T_le_eabi.lib</file>
         <name>copy_zero_init.c.obj</name>
      </input_file>
      <input_file id="fl-d9">
         <path>/Applications/ti/ccs/tools/compiler/ti-cgt-arm_20.2.7.LTS/lib/</path>
         <kind>archive</kind>
         <file>rtsv7M4_T_le_eabi.lib</file>
         <name>copy_decompress_none.c.obj</name>
      </input_file>
      <input_file id="fl-da">
         <path>/Applications/ti/ccs/tools/compiler/ti-cgt-arm_20.2.7.LTS/lib/</path>
         <kind>archive</kind>
         <file>rtsv7M4_T_le_eabi.lib</file>
         <name>copy_decompress_lzss.c.obj</name>
      </input_file>
      <input_file id="fl-db">
         <path>/Applications/ti/ccs/tools/compiler/ti-cgt-arm_20.2.7.LTS/lib/</path>
         <kind>archive</kind>
         <file>rtsv7M4_T_le_eabi.lib</file>
         <name>exit.c.obj</name>
      </input_file>
      <input_file id="fl-dc">
         <path>/Applications/ti/ccs/tools/compiler/ti-cgt-arm_20.2.7.LTS/lib/</path>
         <kind>archive</kind>
         <file>rtsv7M4_T_le_eabi.lib</file>
         <name>_lock.c.obj</name>
      </input_file>
      <input_file id="fl-dd">
         <path>/Applications/ti/ccs/tools/compiler/ti-cgt-arm_20.2.7.LTS/lib/</path>
         <kind>archive</kind>
         <file>rtsv7M4_T_le_eabi.lib</file>
         <name>_ltoa.c.obj</name>
      </input_file>
      <input_file id="fl-de">
         <path>/Applications/ti/ccs/tools/compiler/ti-cgt-arm_20.2.7.LTS/lib/</path>
         <kind>archive</kind>
         <file>rtsv7M4_T_le_eabi.lib</file>
         <name>atoi.c.obj</name>
      </input_file>
      <input_file id="fl-df">
         <path>/Applications/ti/ccs/tools/compiler/ti-cgt-arm_20.2.7.LTS/lib/</path>
         <kind>archive</kind>
         <file>rtsv7M4_T_le_eabi.lib</file>
         <name>ctype.c.obj</name>
      </input_file>
      <input_file id="fl-e0">
         <path>/Applications/ti/ccs/tools/compiler/ti-cgt-arm_20.2.7.LTS/lib/</path>
         <kind>archive</kind>
         <file>rtsv7M4_T_le_eabi.lib</file>
         <name>defs.c.obj</name>
      </input_file>
      <input_file id="fl-e1">
         <path>/Applications/ti/ccs/tools/compiler/ti-cgt-arm_20.2.7.LTS/lib/</path>
         <kind>archive</kind>
         <file>rtsv7M4_T_le_eabi.lib</file>
         <name>memccpy.c.obj</name>
      </input_file>
      <input_file id="fl-e2">
         <path>/Applications/ti/ccs/tools/compiler/ti-cgt-arm_20.2.7.LTS/lib/</path>
         <kind>archive</kind>
         <file>rtsv7M4_T_le_eabi.lib</file>
         <name>memchr.c.obj</name>
      </input_file>
      <input_file id="fl-e3">
         <path>/Applications/ti/ccs/tools/compiler/ti-cgt-arm_20.2.7.LTS/lib/</path>
         <kind>archive</kind>
         <file>rtsv7M4_T_le_eabi.lib</file>
         <name>memmov.c.obj</name>
      </input_file>
      <input_file id="fl-e4">
         <path>/Applications/ti/ccs/tools/compiler/ti-cgt-arm_20.2.7.LTS/lib/</path>
         <kind>archive</kind>
         <file>rtsv7M4_T_le_eabi.lib</file>
         <name>memory.c.obj</name>
      </input_file>
      <input_file id="fl-e5">
         <path>/Applications/ti/ccs/tools/compiler/ti-cgt-arm_20.2.7.LTS/lib/</path>
         <kind>archive</kind>
         <file>rtsv7M4_T_le_eabi.lib</file>
         <name>strchr.c.obj</name>
      </input_file>
      <input_file id="fl-e6">
         <path>/Applications/ti/ccs/tools/compiler/ti-cgt-arm_20.2.7.LTS/lib/</path>
         <kind>archive</kind>
         <file>rtsv7M4_T_le_eabi.lib</file>
         <name>strcmp.c.obj</name>
      </input_file>
      <input_file id="fl-e7">
         <path>/Applications/ti/ccs/tools/compiler/ti-cgt-arm_20.2.7.LTS/lib/</path>
         <kind>archive</kind>
         <file>rtsv7M4_T_le_eabi.lib</file>
         <name>strlen.c.obj</name>
      </input_file>
      <input_file id="fl-e8">
         <path>/Applications/ti/ccs/tools/compiler/ti-cgt-arm_20.2.7.LTS/lib/</path>
         <kind>archive</kind>
         <file>rtsv7M4_T_le_eabi.lib</file>
         <name>strtok.c.obj</name>
      </input_file>
      <input_file id="fl-e9">
         <path>/Applications/ti/ccs/tools/compiler/ti-cgt-arm_20.2.7.LTS/lib/</path>
         <kind>archive</kind>
         <file>rtsv7M4_T_le_eabi.lib</file>
         <name>strtoul.c.obj</name>
      </input_file>
      <input_file id="fl-ea">
         <path>/Applications/ti/ccs/tools/compiler/ti-cgt-arm_20.2.7.LTS/lib/</path>
         <kind>archive</kind>
         <file>rtsv7M4_T_le_eabi.lib</file>
         <name>boot_cortex_m.c.obj</name>
      </input_file>
      <input_file id="fl-eb">
         <path>/Applications/ti/ccs/tools/compiler/ti-cgt-arm_20.2.7.LTS/lib/</path>
         <kind>archive</kind>
         <file>rtsv7M4_T_le_eabi.lib</file>
         <name>write.c.obj</name>
      </input_file>
      <input_file id="fl-ec">
         <path>/Applications/ti/ccs/tools/compiler/ti-cgt-arm_20.2.7.LTS/lib/</path>
         <kind>archive</kind>
         <file>rtsv7M4_T_le_eabi.lib</file>
         <name>host_device.c.obj</name>
      </input_file>
      <input_file id="fl-ed">
         <path>/Applications/ti/ccs/tools/compiler/ti-cgt-arm_20.2.7.LTS/lib/</path>
         <kind>archive</kind>
         <file>rtsv7M4_T_le_eabi.lib</file>
         <name>errno.c.obj</name>
      </input_file>
      <input_file id="fl-ee">
         <path>/Applications/ti/ccs/tools/compiler/ti-cgt-arm_20.2.7.LTS/lib/</path>
         <kind>archive</kind>
         <file>rtsv7M4_T_le_eabi.lib</file>
         <name>wcslen.c.obj</name>
      </input_file>
      <input_file id="fl-ef">
         <path>/Applications/ti/ccs/tools/compiler/ti-cgt-arm_20.2.7.LTS/lib/</path>
         <kind>archive</kind>
         <file>rtsv7M4_T_le_eabi.lib</file>
         <name>s_frexp.c.obj</name>
      </input_file>
      <input_file id="fl-f0">
         <path>/Applications/ti/ccs/tools/compiler/ti-cgt-arm_20.2.7.LTS/lib/</path>
         <kind>archive</kind>
         <file>rtsv7M4_T_le_eabi.lib</file>
         <name>s_scalbn.c.obj</name>
      </input_file>
      <input_file id="fl-f1">
         <path>/Applications/ti/ccs/tools/compiler/ti-cgt-arm_20.2.7.LTS/lib/</path>
         <kind>archive</kind>
         <file>rtsv7M4_T_le_eabi.lib</file>
         <name>fflush.c.obj</name>
      </input_file>
      <input_file id="fl-f2">
         <path>/Applications/ti/ccs/tools/compiler/ti-cgt-arm_20.2.7.LTS/lib/</path>
         <kind>archive</kind>
         <file>rtsv7M4_T_le_eabi.lib</file>
         <name>fopen.c.obj</name>
      </input_file>
      <input_file id="fl-f3">
         <path>/Applications/ti/ccs/tools/compiler/ti-cgt-arm_20.2.7.LTS/lib/</path>
         <kind>archive</kind>
         <file>rtsv7M4_T_le_eabi.lib</file>
         <name>fseek.c.obj</name>
      </input_file>
      <input_file id="fl-f4">
         <path>/Applications/ti/ccs/tools/compiler/ti-cgt-arm_20.2.7.LTS/lib/</path>
         <kind>archive</kind>
         <file>rtsv7M4_T_le_eabi.lib</file>
         <name>div0.asm.obj</name>
      </input_file>
      <input_file id="fl-f5">
         <path>/Applications/ti/ccs/tools/compiler/ti-cgt-arm_20.2.7.LTS/lib/</path>
         <kind>archive</kind>
         <file>rtsv7M4_T_le_eabi.lib</file>
         <name>autoinit.c.obj</name>
      </input_file>
      <input_file id="fl-f6">
         <path>/Applications/ti/ccs/tools/compiler/ti-cgt-arm_20.2.7.LTS/lib/</path>
         <kind>archive</kind>
         <file>rtsv7M4_T_le_eabi.lib</file>
         <name>pre_init.c.obj</name>
      </input_file>
      <input_file id="fl-f7">
         <path>/Applications/ti/ccs/tools/compiler/ti-cgt-arm_20.2.7.LTS/lib/</path>
         <kind>archive</kind>
         <file>rtsv7M4_T_le_eabi.lib</file>
         <name>cpy_tbl.c.obj</name>
      </input_file>
      <input_file id="fl-f8">
         <path>/Applications/ti/ccs/tools/compiler/ti-cgt-arm_20.2.7.LTS/lib/</path>
         <kind>archive</kind>
         <file>rtsv7M4_T_le_eabi.lib</file>
         <name>args_main.c.obj</name>
      </input_file>
      <input_file id="fl-f9">
         <path>/Applications/ti/ccs/tools/compiler/ti-cgt-arm_20.2.7.LTS/lib/</path>
         <kind>archive</kind>
         <file>rtsv7M4_T_le_eabi.lib</file>
         <name>strcspn.c.obj</name>
      </input_file>
      <input_file id="fl-fa">
         <path>/Applications/ti/ccs/tools/compiler/ti-cgt-arm_20.2.7.LTS/lib/</path>
         <kind>archive</kind>
         <file>rtsv7M4_T_le_eabi.lib</file>
         <name>strspn.c.obj</name>
      </input_file>
      <input_file id="fl-fb">
         <path>/Applications/ti/ccs/tools/compiler/ti-cgt-arm_20.2.7.LTS/lib/</path>
         <kind>archive</kind>
         <file>rtsv7M4_T_le_eabi.lib</file>
         <name>hostclose.c.obj</name>
      </input_file>
      <input_file id="fl-fc">
         <path>/Applications/ti/ccs/tools/compiler/ti-cgt-arm_20.2.7.LTS/lib/</path>
         <kind>archive</kind>
         <file>rtsv7M4_T_le_eabi.lib</file>
         <name>hostlseek.c.obj</name>
      </input_file>
      <input_file id="fl-fd">
         <path>/Applications/ti/ccs/tools/compiler/ti-cgt-arm_20.2.7.LTS/lib/</path>
         <kind>archive</kind>
         <file>rtsv7M4_T_le_eabi.lib</file>
         <name>hostopen.c.obj</name>
      </input_file>
      <input_file id="fl-fe">
         <path>/Applications/ti/ccs/tools/compiler/ti-cgt-arm_20.2.7.LTS/lib/</path>
         <kind>archive</kind>
         <file>rtsv7M4_T_le_eabi.lib</file>
         <name>hostread.c.obj</name>
      </input_file>
      <input_file id="fl-ff">
         <path>/Applications/ti/ccs/tools/compiler/ti-cgt-arm_20.2.7.LTS/lib/</path>
         <kind>archive</kind>
         <file>rtsv7M4_T_le_eabi.lib</file>
         <name>hostrename.c.obj</name>
      </input_file>
      <input_file id="fl-100">
         <path>/Applications/ti/ccs/tools/compiler/ti-cgt-arm_20.2.7.LTS/lib/</path>
         <kind>archive</kind>
         <file>rtsv7M4_T_le_eabi.lib</file>
         <name>hostunlink.c.obj</name>
      </input_file>
      <input_file id="fl-101">
         <path>/Applications/ti/ccs/tools/compiler/ti-cgt-arm_20.2.7.LTS/lib/</path>
         <kind>archive</kind>
         <file>rtsv7M4_T_le_eabi.lib</file>
         <name>hostwrite.c.obj</name>
      </input_file>
      <input_file id="fl-102">
         <path>/Applications/ti/ccs/tools/compiler/ti-cgt-arm_20.2.7.LTS/lib/</path>
         <kind>archive</kind>
         <file>rtsv7M4_T_le_eabi.lib</file>
         <name>trgmsg.c.obj</name>
      </input_file>
      <input_file id="fl-103">
         <path>/Applications/ti/ccs/tools/compiler/ti-cgt-arm_20.2.7.LTS/lib/</path>
         <kind>archive</kind>
         <file>rtsv7M4_T_le_eabi.lib</file>
         <name>open.c.obj</name>
      </input_file>
      <input_file id="fl-104">
         <path>/Applications/ti/ccs/tools/compiler/ti-cgt-arm_20.2.7.LTS/lib/</path>
         <kind>archive</kind>
         <file>rtsv7M4_T_le_eabi.lib</file>
         <name>lseek.c.obj</name>
      </input_file>
      <input_file id="fl-105">
         <path>/Applications/ti/ccs/tools/compiler/ti-cgt-arm_20.2.7.LTS/lib/</path>
         <kind>archive</kind>
         <file>rtsv7M4_T_le_eabi.lib</file>
         <name>s_copysign.c.obj</name>
      </input_file>
      <input_file id="fl-106">
         <path>/Applications/ti/ccs/tools/compiler/ti-cgt-arm_20.2.7.LTS/lib/</path>
         <kind>archive</kind>
         <file>rtsv7M4_T_le_eabi.lib</file>
         <name>fclose.c.obj</name>
      </input_file>
      <input_file id="fl-107">
         <path>/Applications/ti/ccs/tools/compiler/ti-cgt-arm_20.2.7.LTS/lib/</path>
         <kind>archive</kind>
         <file>rtsv7M4_T_le_eabi.lib</file>
         <name>getdevice.c.obj</name>
      </input_file>
      <input_file id="fl-108">
         <path>/Applications/ti/ccs/tools/compiler/ti-cgt-arm_20.2.7.LTS/lib/</path>
         <kind>archive</kind>
         <file>rtsv7M4_T_le_eabi.lib</file>
         <name>strcpy.c.obj</name>
      </input_file>
      <input_file id="fl-109">
         <path>/Applications/ti/ccs/tools/compiler/ti-cgt-arm_20.2.7.LTS/lib/</path>
         <kind>archive</kind>
         <file>rtsv7M4_T_le_eabi.lib</file>
         <name>strncpy.c.obj</name>
      </input_file>
      <input_file id="fl-10a">
         <path>/Applications/ti/ccs/tools/compiler/ti-cgt-arm_20.2.7.LTS/lib/</path>
         <kind>archive</kind>
         <file>rtsv7M4_T_le_eabi.lib</file>
         <name>remove.c.obj</name>
      </input_file>
      <input_file id="fl-10b">
         <path>/Applications/ti/ccs/tools/compiler/ti-cgt-arm_20.2.7.LTS/lib/</path>
         <kind>archive</kind>
         <file>rtsv7M4_T_le_eabi.lib</file>
         <name>close.c.obj</name>
      </input_file>
      <input_file id="fl-10c">
         <path>/Applications/ti/ccs/tools/compiler/ti-cgt-arm_20.2.7.LTS/lib/</path>
         <kind>archive</kind>
         <file>rtsv7M4_T_le_eabi.lib</file>
         <name>unlink.c.obj</name>
      </input_file>
   </input_file_list>
   <object_component_list>
      <object_component id="oc-12">
         <name>.intvecs</name>
         <load_address>0x20004000</load_address>
         <run_address>0x20004000</run_address>
         <size>0x400</size>
         <input_file_ref idref="fl-4"/>
      </object_component>
      <object_component id="oc-97">
         <name>.text</name>
         <load_address>0x20004400</load_address>
         <run_address>0x20004400</run_address>
         <size>0xab8</size>
         <input_file_ref idref="fl-2"/>
      </object_component>
      <object_component id="oc-235">
         <name>.text:__TI_printfi</name>
         <load_address>0x20004eb8</load_address>
         <run_address>0x20004eb8</run_address>
         <size>0xa4e</size>
         <input_file_ref idref="fl-c9"/>
      </object_component>
      <object_component id="oc-351">
         <name>.text:_nop</name>
         <load_address>0x20005906</load_address>
         <run_address>0x20005906</run_address>
         <size>0x2</size>
         <input_file_ref idref="fl-dc"/>
      </object_component>
      <object_component id="oc-d7">
         <name>.text</name>
         <load_address>0x20005908</load_address>
         <run_address>0x20005908</run_address>
         <size>0x2a0</size>
         <input_file_ref idref="fl-1"/>
      </object_component>
      <object_component id="oc-c5">
         <name>.text</name>
         <load_address>0x20005ba8</load_address>
         <run_address>0x20005ba8</run_address>
         <size>0x27c</size>
         <input_file_ref idref="fl-5"/>
      </object_component>
      <object_component id="oc-333">
         <name>.text:_pconv_a</name>
         <load_address>0x20005e24</load_address>
         <run_address>0x20005e24</run_address>
         <size>0x268</size>
         <input_file_ref idref="fl-c9"/>
      </object_component>
      <object_component id="oc-321">
         <name>.text:_pconv_g</name>
         <load_address>0x2000608c</load_address>
         <run_address>0x2000608c</run_address>
         <size>0x1cc</size>
         <input_file_ref idref="fl-c9"/>
      </object_component>
      <object_component id="oc-3ec">
         <name>.text</name>
         <load_address>0x20006258</load_address>
         <run_address>0x20006258</run_address>
         <size>0x1b6</size>
         <input_file_ref idref="fl-cf"/>
      </object_component>
      <object_component id="oc-46b">
         <name>.text</name>
         <load_address>0x2000640e</load_address>
         <run_address>0x2000640e</run_address>
         <size>0x2</size>
         <input_file_ref idref="fl-f4"/>
      </object_component>
      <object_component id="oc-f5">
         <name>.text:PRCMCC3200MCUInit</name>
         <load_address>0x20006410</load_address>
         <run_address>0x20006410</run_address>
         <size>0x178</size>
         <input_file_ref idref="fl-e"/>
      </object_component>
      <object_component id="oc-32d">
         <name>.text:_pconv_e</name>
         <load_address>0x20006588</load_address>
         <run_address>0x20006588</run_address>
         <size>0x13c</size>
         <input_file_ref idref="fl-c9"/>
      </object_component>
      <object_component id="oc-3d2">
         <name>.text</name>
         <load_address>0x200066c4</load_address>
         <run_address>0x200066c4</run_address>
         <size>0x136</size>
         <input_file_ref idref="fl-d1"/>
      </object_component>
      <object_component id="oc-3fe">
         <name>.text:fcvt</name>
         <load_address>0x200067fc</load_address>
         <run_address>0x200067fc</run_address>
         <size>0x120</size>
         <input_file_ref idref="fl-c9"/>
      </object_component>
      <object_component id="oc-35f">
         <name>.text:fputs</name>
         <load_address>0x2000691c</load_address>
         <run_address>0x2000691c</run_address>
         <size>0x114</size>
         <input_file_ref idref="fl-cc"/>
      </object_component>
      <object_component id="oc-d1">
         <name>.text:strtoul</name>
         <load_address>0x20006a30</load_address>
         <run_address>0x20006a30</run_address>
         <size>0x110</size>
         <input_file_ref idref="fl-e9"/>
      </object_component>
      <object_component id="oc-2b2">
         <name>.text:aligned_alloc</name>
         <load_address>0x20006b40</load_address>
         <run_address>0x20006b40</run_address>
         <size>0x100</size>
         <input_file_ref idref="fl-e4"/>
      </object_component>
      <object_component id="oc-3cd">
         <name>.text</name>
         <load_address>0x20006c40</load_address>
         <run_address>0x20006c40</run_address>
         <size>0xfc</size>
         <input_file_ref idref="fl-d2"/>
      </object_component>
      <object_component id="oc-183">
         <name>.text:free</name>
         <load_address>0x20006d3c</load_address>
         <run_address>0x20006d3c</run_address>
         <size>0xe4</size>
         <input_file_ref idref="fl-e4"/>
      </object_component>
      <object_component id="oc-17d">
         <name>.text:realloc</name>
         <load_address>0x20006e20</load_address>
         <run_address>0x20006e20</run_address>
         <size>0xe4</size>
         <input_file_ref idref="fl-e4"/>
      </object_component>
      <object_component id="oc-4a2">
         <name>.text:setvbuf</name>
         <load_address>0x20006f04</load_address>
         <run_address>0x20006f04</run_address>
         <size>0xdc</size>
         <input_file_ref idref="fl-ce"/>
      </object_component>
      <object_component id="oc-412">
         <name>.text:scalbn</name>
         <load_address>0x20006fe0</load_address>
         <run_address>0x20006fe0</run_address>
         <size>0xd0</size>
         <input_file_ref idref="fl-f0"/>
      </object_component>
      <object_component id="oc-316">
         <name>.text:_ltostr</name>
         <load_address>0x200070b0</load_address>
         <run_address>0x200070b0</run_address>
         <size>0xb1</size>
         <input_file_ref idref="fl-c9"/>
      </object_component>
      <object_component id="oc-ef">
         <name>.text:IntEnable</name>
         <load_address>0x20007164</load_address>
         <run_address>0x20007164</run_address>
         <size>0xa8</size>
         <input_file_ref idref="fl-c"/>
      </object_component>
      <object_component id="oc-3d">
         <name>.text</name>
         <load_address>0x2000720c</load_address>
         <run_address>0x2000720c</run_address>
         <size>0x9c</size>
         <input_file_ref idref="fl-d5"/>
      </object_component>
      <object_component id="oc-3c6">
         <name>.text</name>
         <load_address>0x200072a8</load_address>
         <run_address>0x200072a8</run_address>
         <size>0x96</size>
         <input_file_ref idref="fl-d7"/>
      </object_component>
      <object_component id="oc-147">
         <name>.text:PRCMPeripheralClockGet</name>
         <load_address>0x20007340</load_address>
         <run_address>0x20007340</run_address>
         <size>0x94</size>
         <input_file_ref idref="fl-e"/>
      </object_component>
      <object_component id="oc-366">
         <name>.text:fputc</name>
         <load_address>0x200073d4</load_address>
         <run_address>0x200073d4</run_address>
         <size>0x8c</size>
         <input_file_ref idref="fl-cb"/>
      </object_component>
      <object_component id="oc-37a">
         <name>.text:PinConfigSet</name>
         <load_address>0x20007460</load_address>
         <run_address>0x20007460</run_address>
         <size>0x88</size>
         <input_file_ref idref="fl-d"/>
      </object_component>
      <object_component id="oc-31c">
         <name>.text:__aeabi_cdcmple</name>
         <load_address>0x200074e8</load_address>
         <run_address>0x200074e8</run_address>
         <size>0x86</size>
         <input_file_ref idref="fl-d0"/>
      </object_component>
      <object_component id="oc-3d7">
         <name>.text:__aeabi_cdrcmple</name>
         <load_address>0x2000756e</load_address>
         <run_address>0x2000756e</run_address>
         <size>0x86</size>
         <input_file_ref idref="fl-d0"/>
      </object_component>
      <object_component id="oc-1fc">
         <name>.text:I2CMasterInitExpClk</name>
         <load_address>0x200075f4</load_address>
         <run_address>0x200075f4</run_address>
         <size>0x84</size>
         <input_file_ref idref="fl-b"/>
      </object_component>
      <object_component id="oc-8b">
         <name>.text</name>
         <load_address>0x20007678</load_address>
         <run_address>0x20007678</run_address>
         <size>0x7a</size>
         <input_file_ref idref="fl-d6"/>
      </object_component>
      <object_component id="oc-14d">
         <name>.text:UARTConfigSetExpClk</name>
         <load_address>0x200076f2</load_address>
         <run_address>0x200076f2</run_address>
         <size>0x76</size>
         <input_file_ref idref="fl-f"/>
      </object_component>
      <object_component id="oc-503">
         <name>.text:__TI_closefile</name>
         <load_address>0x20007768</load_address>
         <run_address>0x20007768</run_address>
         <size>0x74</size>
         <input_file_ref idref="fl-106"/>
      </object_component>
      <object_component id="oc-2bf">
         <name>.text:split</name>
         <load_address>0x200077dc</load_address>
         <run_address>0x200077dc</run_address>
         <size>0x70</size>
         <input_file_ref idref="fl-e4"/>
      </object_component>
      <object_component id="oc-3f7">
         <name>.text:_mcpy</name>
         <load_address>0x2000784c</load_address>
         <run_address>0x2000784c</run_address>
         <size>0x6e</size>
         <input_file_ref idref="fl-c9"/>
      </object_component>
      <object_component id="oc-533">
         <name>.text:HOSTrename</name>
         <load_address>0x200078bc</load_address>
         <run_address>0x200078bc</run_address>
         <size>0x6c</size>
         <input_file_ref idref="fl-ff"/>
      </object_component>
      <object_component id="oc-527">
         <name>.text:HOSTlseek</name>
         <load_address>0x20007928</load_address>
         <run_address>0x20007928</run_address>
         <size>0x68</size>
         <input_file_ref idref="fl-fc"/>
      </object_component>
      <object_component id="oc-15">
         <name>.text:decompress:lzss:__TI_decompress_lzss</name>
         <load_address>0x20007990</load_address>
         <run_address>0x20007990</run_address>
         <size>0x68</size>
         <input_file_ref idref="fl-da"/>
      </object_component>
      <object_component id="oc-fb">
         <name>.text:printf</name>
         <load_address>0x200079f8</load_address>
         <run_address>0x200079f8</run_address>
         <size>0x68</size>
         <input_file_ref idref="fl-c8"/>
      </object_component>
      <object_component id="oc-49c">
         <name>.text:fseek</name>
         <load_address>0x20007a60</load_address>
         <run_address>0x20007a60</run_address>
         <size>0x64</size>
         <input_file_ref idref="fl-f3"/>
      </object_component>
      <object_component id="oc-439">
         <name>.text:__TI_wrt_ok</name>
         <load_address>0x20007ac4</load_address>
         <run_address>0x20007ac4</run_address>
         <size>0x62</size>
         <input_file_ref idref="fl-cd"/>
      </object_component>
      <object_component id="oc-50f">
         <name>.text:HOSTopen</name>
         <load_address>0x20007b28</load_address>
         <run_address>0x20007b28</run_address>
         <size>0x60</size>
         <input_file_ref idref="fl-fd"/>
      </object_component>
      <object_component id="oc-53f">
         <name>.text:close</name>
         <load_address>0x20007b88</load_address>
         <run_address>0x20007b88</run_address>
         <size>0x5c</size>
         <input_file_ref idref="fl-10b"/>
      </object_component>
      <object_component id="oc-40c">
         <name>.text:frexp</name>
         <load_address>0x20007be4</load_address>
         <run_address>0x20007be4</run_address>
         <size>0x5c</size>
         <input_file_ref idref="fl-ef"/>
      </object_component>
      <object_component id="oc-51b">
         <name>.text:HOSTread</name>
         <load_address>0x20007c40</load_address>
         <run_address>0x20007c40</run_address>
         <size>0x58</size>
         <input_file_ref idref="fl-fe"/>
      </object_component>
      <object_component id="oc-521">
         <name>.text:HOSTwrite</name>
         <load_address>0x20007c98</load_address>
         <run_address>0x20007c98</run_address>
         <size>0x58</size>
         <input_file_ref idref="fl-101"/>
      </object_component>
      <object_component id="oc-1ea">
         <name>.text:PRCMPeripheralReset</name>
         <load_address>0x20007cf0</load_address>
         <run_address>0x20007cf0</run_address>
         <size>0x58</size>
         <input_file_ref idref="fl-e"/>
      </object_component>
      <object_component id="oc-327">
         <name>.text:_pconv_f</name>
         <load_address>0x20007d48</load_address>
         <run_address>0x20007d48</run_address>
         <size>0x56</size>
         <input_file_ref idref="fl-c9"/>
      </object_component>
      <object_component id="oc-3e1">
         <name>.text:__TI_ltoa</name>
         <load_address>0x20007d9e</load_address>
         <run_address>0x20007d9e</run_address>
         <size>0x54</size>
         <input_file_ref idref="fl-dd"/>
      </object_component>
      <object_component id="oc-3f1">
         <name>.text:_ecpy</name>
         <load_address>0x20007df2</load_address>
         <run_address>0x20007df2</run_address>
         <size>0x52</size>
         <input_file_ref idref="fl-c9"/>
      </object_component>
      <object_component id="oc-445">
         <name>.text:__TI_doflush</name>
         <load_address>0x20007e44</load_address>
         <run_address>0x20007e44</run_address>
         <size>0x4c</size>
         <input_file_ref idref="fl-f1"/>
      </object_component>
      <object_component id="oc-310">
         <name>.text:atoi</name>
         <load_address>0x20007e90</load_address>
         <run_address>0x20007e90</run_address>
         <size>0x4c</size>
         <input_file_ref idref="fl-de"/>
      </object_component>
      <object_component id="oc-10f">
         <name>.text:exit</name>
         <load_address>0x20007edc</load_address>
         <run_address>0x20007edc</run_address>
         <size>0x48</size>
         <input_file_ref idref="fl-db"/>
      </object_component>
      <object_component id="oc-3dc">
         <name>.text</name>
         <load_address>0x20007f24</load_address>
         <run_address>0x20007f24</run_address>
         <size>0x48</size>
         <input_file_ref idref="fl-d3"/>
      </object_component>
      <object_component id="oc-515">
         <name>.text:HOSTclose</name>
         <load_address>0x20007f6c</load_address>
         <run_address>0x20007f6c</run_address>
         <size>0x44</size>
         <input_file_ref idref="fl-fb"/>
      </object_component>
      <object_component id="oc-52d">
         <name>.text:HOSTunlink</name>
         <load_address>0x20007fb0</load_address>
         <run_address>0x20007fb0</run_address>
         <size>0x44</size>
         <input_file_ref idref="fl-100"/>
      </object_component>
      <object_component id="oc-115">
         <name>.text:__TI_auto_init_nobinit_nopinit:__TI_auto_init_nobinit_nopinit</name>
         <load_address>0x20007ff4</load_address>
         <run_address>0x20007ff4</run_address>
         <size>0x44</size>
         <input_file_ref idref="fl-f5"/>
      </object_component>
      <object_component id="oc-574">
         <name>.text:getdevice</name>
         <load_address>0x20008038</load_address>
         <run_address>0x20008038</run_address>
         <size>0x44</size>
         <input_file_ref idref="fl-107"/>
      </object_component>
      <object_component id="oc-374">
         <name>.text:PinModeSet</name>
         <load_address>0x2000807c</load_address>
         <run_address>0x2000807c</run_address>
         <size>0x40</size>
         <input_file_ref idref="fl-d"/>
      </object_component>
      <object_component id="oc-cb">
         <name>.text:strtok</name>
         <load_address>0x200080bc</load_address>
         <run_address>0x200080bc</run_address>
         <size>0x40</size>
         <input_file_ref idref="fl-e8"/>
      </object_component>
      <object_component id="oc-159">
         <name>.text:vsnprintf</name>
         <load_address>0x200080fc</load_address>
         <run_address>0x200080fc</run_address>
         <size>0x40</size>
         <input_file_ref idref="fl-ca"/>
      </object_component>
      <object_component id="oc-404">
         <name>.text:_fcpy</name>
         <load_address>0x2000813c</load_address>
         <run_address>0x2000813c</run_address>
         <size>0x3e</size>
         <input_file_ref idref="fl-c9"/>
      </object_component>
      <object_component id="oc-1e4">
         <name>.text:PRCMPeripheralClkEnable</name>
         <load_address>0x2000817c</load_address>
         <run_address>0x2000817c</run_address>
         <size>0x3c</size>
         <input_file_ref idref="fl-e"/>
      </object_component>
      <object_component id="oc-550">
         <name>.text:__TI_writemsg</name>
         <load_address>0x200081b8</load_address>
         <run_address>0x200081b8</run_address>
         <size>0x38</size>
         <input_file_ref idref="fl-102"/>
      </object_component>
      <object_component id="oc-596">
         <name>.text:strncpy</name>
         <load_address>0x200081f0</load_address>
         <run_address>0x200081f0</run_address>
         <size>0x36</size>
         <input_file_ref idref="fl-109"/>
      </object_component>
      <object_component id="oc-4d8">
         <name>.text:__TI_cleanup</name>
         <load_address>0x20008228</load_address>
         <run_address>0x20008228</run_address>
         <size>0x34</size>
         <input_file_ref idref="fl-f2"/>
      </object_component>
      <object_component id="oc-556">
         <name>.text:__TI_readmsg</name>
         <load_address>0x2000825c</load_address>
         <run_address>0x2000825c</run_address>
         <size>0x34</size>
         <input_file_ref idref="fl-102"/>
      </object_component>
      <object_component id="oc-101">
         <name>.text</name>
         <load_address>0x20008290</load_address>
         <run_address>0x20008290</run_address>
         <size>0x34</size>
         <input_file_ref idref="fl-3"/>
      </object_component>
      <object_component id="oc-286">
         <name>.text:UARTDisable</name>
         <load_address>0x200082c4</load_address>
         <run_address>0x200082c4</run_address>
         <size>0x30</size>
         <input_file_ref idref="fl-f"/>
      </object_component>
      <object_component id="oc-294">
         <name>.text:_outs</name>
         <load_address>0x200082f4</load_address>
         <run_address>0x200082f4</run_address>
         <size>0x30</size>
         <input_file_ref idref="fl-ca"/>
      </object_component>
      <object_component id="oc-59c">
         <name>.text:finddevice</name>
         <load_address>0x20008324</load_address>
         <run_address>0x20008324</run_address>
         <size>0x30</size>
         <input_file_ref idref="fl-107"/>
      </object_component>
      <object_component id="oc-3e7">
         <name>.text</name>
         <load_address>0x20008354</load_address>
         <run_address>0x20008354</run_address>
         <size>0x2e</size>
         <input_file_ref idref="fl-d4"/>
      </object_component>
      <object_component id="oc-1cc">
         <name>.text:I2CMasterErr</name>
         <load_address>0x20008382</load_address>
         <run_address>0x20008382</run_address>
         <size>0x2c</size>
         <input_file_ref idref="fl-b"/>
      </object_component>
      <object_component id="oc-222">
         <name>.text:PRCMSysResetCauseGet</name>
         <load_address>0x200083b0</load_address>
         <run_address>0x200083b0</run_address>
         <size>0x2c</size>
         <input_file_ref idref="fl-e"/>
      </object_component>
      <object_component id="oc-545">
         <name>.text:unlink</name>
         <load_address>0x200083dc</load_address>
         <run_address>0x200083dc</run_address>
         <size>0x2c</size>
         <input_file_ref idref="fl-10c"/>
      </object_component>
      <object_component id="oc-198">
         <name>.text:strspn</name>
         <load_address>0x20008408</load_address>
         <run_address>0x20008408</run_address>
         <size>0x2a</size>
         <input_file_ref idref="fl-fa"/>
      </object_component>
      <object_component id="oc-202">
         <name>.text:PRCMPeripheralClkDisable</name>
         <load_address>0x20008434</load_address>
         <run_address>0x20008434</run_address>
         <size>0x28</size>
         <input_file_ref idref="fl-e"/>
      </object_component>
      <object_component id="oc-2c6">
         <name>.text:free_list_insert</name>
         <load_address>0x2000845c</load_address>
         <run_address>0x2000845c</run_address>
         <size>0x28</size>
         <input_file_ref idref="fl-e4"/>
      </object_component>
      <object_component id="oc-4d0">
         <name>.text:lseek</name>
         <load_address>0x20008484</load_address>
         <run_address>0x20008484</run_address>
         <size>0x28</size>
         <input_file_ref idref="fl-104"/>
      </object_component>
      <object_component id="oc-171">
         <name>.text:memmove</name>
         <load_address>0x200084ac</load_address>
         <run_address>0x200084ac</run_address>
         <size>0x28</size>
         <input_file_ref idref="fl-e3"/>
      </object_component>
      <object_component id="oc-44b">
         <name>.text:write</name>
         <load_address>0x200084d4</load_address>
         <run_address>0x200084d4</run_address>
         <size>0x28</size>
         <input_file_ref idref="fl-eb"/>
      </object_component>
      <object_component id="oc-28c">
         <name>.text:UARTEnable</name>
         <load_address>0x200084fc</load_address>
         <run_address>0x200084fc</run_address>
         <size>0x24</size>
         <input_file_ref idref="fl-f"/>
      </object_component>
      <object_component id="oc-5b">
         <name>.text:_c_int00_noargs:_c_int00_noargs</name>
         <load_address>0x20008520</load_address>
         <run_address>0x20008520</run_address>
         <size>0x24</size>
         <input_file_ref idref="fl-ea"/>
      </object_component>
      <object_component id="oc-19e">
         <name>.text:strcspn</name>
         <load_address>0x20008544</load_address>
         <run_address>0x20008544</run_address>
         <size>0x24</size>
         <input_file_ref idref="fl-f9"/>
      </object_component>
      <object_component id="oc-1d2">
         <name>.text:I2CMasterSlaveAddrSet</name>
         <load_address>0x20008568</load_address>
         <run_address>0x20008568</run_address>
         <size>0x22</size>
         <input_file_ref idref="fl-b"/>
      </object_component>
      <object_component id="oc-43f">
         <name>.text:memchr</name>
         <load_address>0x2000858a</load_address>
         <run_address>0x2000858a</run_address>
         <size>0x20</size>
         <input_file_ref idref="fl-e2"/>
      </object_component>
      <object_component id="oc-1c6">
         <name>.text:I2CMasterIntStatusEx</name>
         <load_address>0x200085aa</load_address>
         <run_address>0x200085aa</run_address>
         <size>0x1e</size>
         <input_file_ref idref="fl-b"/>
      </object_component>
      <object_component id="oc-153">
         <name>.text:UARTCharPut</name>
         <load_address>0x200085c8</load_address>
         <run_address>0x200085c8</run_address>
         <size>0x1e</size>
         <input_file_ref idref="fl-f"/>
      </object_component>
      <object_component id="oc-255">
         <name>.text:PinTypeI2C</name>
         <load_address>0x200085e6</load_address>
         <run_address>0x200085e6</run_address>
         <size>0x1c</size>
         <input_file_ref idref="fl-d"/>
      </object_component>
      <object_component id="oc-165">
         <name>.text:UARTCharGetNonBlocking</name>
         <load_address>0x20008602</load_address>
         <run_address>0x20008602</run_address>
         <size>0x1c</size>
         <input_file_ref idref="fl-f"/>
      </object_component>
      <object_component id="oc-49">
         <name>.text:decompress:ZI:__TI_zero_init_nomemset:__TI_zero_init_nomemset</name>
         <load_address>0x2000861e</load_address>
         <run_address>0x2000861e</run_address>
         <size>0x1c</size>
         <input_file_ref idref="fl-d8"/>
      </object_component>
      <object_component id="oc-2b9">
         <name>.text:free_list_remove</name>
         <load_address>0x2000863c</load_address>
         <run_address>0x2000863c</run_address>
         <size>0x1c</size>
         <input_file_ref idref="fl-e4"/>
      </object_component>
      <object_component id="oc-339">
         <name>.text:memccpy</name>
         <load_address>0x20008658</load_address>
         <run_address>0x20008658</run_address>
         <size>0x1c</size>
         <input_file_ref idref="fl-e1"/>
      </object_component>
      <object_component id="oc-24f">
         <name>.text:PinTypeUART</name>
         <load_address>0x20008674</load_address>
         <run_address>0x20008674</run_address>
         <size>0x1a</size>
         <input_file_ref idref="fl-d"/>
      </object_component>
      <object_component id="oc-1f6">
         <name>.text:I2CMasterIntEnableEx</name>
         <load_address>0x2000868e</load_address>
         <run_address>0x2000868e</run_address>
         <size>0x18</size>
         <input_file_ref idref="fl-b"/>
      </object_component>
      <object_component id="oc-15f">
         <name>.text:UARTCharsAvail</name>
         <load_address>0x200086a6</load_address>
         <run_address>0x200086a6</run_address>
         <size>0x18</size>
         <input_file_ref idref="fl-f"/>
      </object_component>
      <object_component id="oc-29a">
         <name>.text:_outc</name>
         <load_address>0x200086be</load_address>
         <run_address>0x200086be</run_address>
         <size>0x18</size>
         <input_file_ref idref="fl-ca"/>
      </object_component>
      <object_component id="oc-dd">
         <name>.text:strcmp</name>
         <load_address>0x200086d6</load_address>
         <run_address>0x200086d6</run_address>
         <size>0x18</size>
         <input_file_ref idref="fl-e6"/>
      </object_component>
      <object_component id="oc-1d8">
         <name>.text:I2CMasterDataPut</name>
         <load_address>0x200086ee</load_address>
         <run_address>0x200086ee</run_address>
         <size>0x16</size>
         <input_file_ref idref="fl-b"/>
      </object_component>
      <object_component id="oc-1f0">
         <name>.text:I2CMasterEnable</name>
         <load_address>0x20008704</load_address>
         <run_address>0x20008704</run_address>
         <size>0x16</size>
         <input_file_ref idref="fl-b"/>
      </object_component>
      <object_component id="oc-1b4">
         <name>.text:I2CMasterIntClear</name>
         <load_address>0x2000871a</load_address>
         <run_address>0x2000871a</run_address>
         <size>0x16</size>
         <input_file_ref idref="fl-b"/>
      </object_component>
      <object_component id="oc-228">
         <name>.text:PRCMHIBRegRead</name>
         <load_address>0x20008730</load_address>
         <run_address>0x20008730</run_address>
         <size>0x16</size>
         <input_file_ref idref="fl-e"/>
      </object_component>
      <object_component id="oc-22e">
         <name>.text:PRCMHIBRegWrite</name>
         <load_address>0x20008746</load_address>
         <run_address>0x20008746</run_address>
         <size>0x16</size>
         <input_file_ref idref="fl-e"/>
      </object_component>
      <object_component id="oc-418">
         <name>.text:strchr</name>
         <load_address>0x2000875c</load_address>
         <run_address>0x2000875c</run_address>
         <size>0x16</size>
         <input_file_ref idref="fl-e5"/>
      </object_component>
      <object_component id="oc-212">
         <name>.text:CPUcpsie</name>
         <load_address>0x20008772</load_address>
         <run_address>0x20008772</run_address>
         <size>0x14</size>
         <input_file_ref idref="fl-11"/>
      </object_component>
      <object_component id="oc-e3">
         <name>.text:IntVTableBaseSet</name>
         <load_address>0x20008788</load_address>
         <run_address>0x20008788</run_address>
         <size>0x14</size>
         <input_file_ref idref="fl-c"/>
      </object_component>
      <object_component id="oc-56a">
         <name>.text:strcpy</name>
         <load_address>0x2000879c</load_address>
         <run_address>0x2000879c</run_address>
         <size>0x14</size>
         <input_file_ref idref="fl-108"/>
      </object_component>
      <object_component id="oc-16b">
         <name>.text:strlen</name>
         <load_address>0x200087b0</load_address>
         <run_address>0x200087b0</run_address>
         <size>0x14</size>
         <input_file_ref idref="fl-e7"/>
      </object_component>
      <object_component id="oc-1c0">
         <name>.text:I2CMasterControl</name>
         <load_address>0x200087c4</load_address>
         <run_address>0x200087c4</run_address>
         <size>0x12</size>
         <input_file_ref idref="fl-b"/>
      </object_component>
      <object_component id="oc-1ba">
         <name>.text:I2CMasterTimeoutSet</name>
         <load_address>0x200087d6</load_address>
         <run_address>0x200087d6</run_address>
         <size>0x12</size>
         <input_file_ref idref="fl-b"/>
      </object_component>
      <object_component id="oc-33f">
         <name>.text:wcslen</name>
         <load_address>0x200087e8</load_address>
         <run_address>0x200087e8</run_address>
         <size>0x12</size>
         <input_file_ref idref="fl-ee"/>
      </object_component>
      <object_component id="oc-1de">
         <name>.text:I2CMasterDataGet</name>
         <load_address>0x200087fa</load_address>
         <run_address>0x200087fa</run_address>
         <size>0xe</size>
         <input_file_ref idref="fl-b"/>
      </object_component>
      <object_component id="oc-1b">
         <name>.text:decompress:none:__TI_decompress_none</name>
         <load_address>0x20008808</load_address>
         <run_address>0x20008808</run_address>
         <size>0xe</size>
         <input_file_ref idref="fl-d9"/>
      </object_component>
      <object_component id="oc-29">
         <name>.text</name>
         <load_address>0x20008816</load_address>
         <run_address>0x20008816</run_address>
         <size>0xe</size>
         <input_file_ref idref="fl-4"/>
      </object_component>
      <object_component id="oc-484">
         <name>.text:copysign</name>
         <load_address>0x20008824</load_address>
         <run_address>0x20008824</run_address>
         <size>0xc</size>
         <input_file_ref idref="fl-105"/>
      </object_component>
      <object_component id="oc-e9">
         <name>.text:IntMasterEnable</name>
         <load_address>0x20008830</load_address>
         <run_address>0x20008830</run_address>
         <size>0xa</size>
         <input_file_ref idref="fl-c"/>
      </object_component>
      <object_component id="oc-1a9">
         <name>.text:__aeabi_errno_addr</name>
         <load_address>0x2000883c</load_address>
         <run_address>0x2000883c</run_address>
         <size>0x8</size>
         <input_file_ref idref="fl-ed"/>
      </object_component>
      <object_component id="oc-177">
         <name>.text:malloc</name>
         <load_address>0x20008844</load_address>
         <run_address>0x20008844</run_address>
         <size>0x8</size>
         <input_file_ref idref="fl-e4"/>
      </object_component>
      <object_component id="oc-30d">
         <name>.text:UtilsDelay</name>
         <load_address>0x2000884c</load_address>
         <run_address>0x2000884c</run_address>
         <size>0x6</size>
         <input_file_ref idref="fl-10"/>
      </object_component>
      <object_component id="oc-247">
         <name>.text:_outc</name>
         <load_address>0x20008852</load_address>
         <run_address>0x20008852</run_address>
         <size>0x4</size>
         <input_file_ref idref="fl-c8"/>
      </object_component>
      <object_component id="oc-241">
         <name>.text:_outs</name>
         <load_address>0x20008856</load_address>
         <run_address>0x20008856</run_address>
         <size>0x4</size>
         <input_file_ref idref="fl-c8"/>
      </object_component>
      <object_component id="oc-91">
         <name>.text:_system_pre_init</name>
         <load_address>0x2000885a</load_address>
         <run_address>0x2000885a</run_address>
         <size>0x4</size>
         <input_file_ref idref="fl-f6"/>
      </object_component>
      <object_component id="oc-109">
         <name>.text:abort:abort</name>
         <load_address>0x2000885e</load_address>
         <run_address>0x2000885e</run_address>
         <size>0x4</size>
         <input_file_ref idref="fl-db"/>
      </object_component>
      <object_component id="oc-1af">
         <name>.const:.string:_ctypes_</name>
         <load_address>0x20008864</load_address>
         <run_address>0x20008864</run_address>
         <size>0x101</size>
         <input_file_ref idref="fl-df"/>
      </object_component>
      <object_component id="oc-455">
         <name>.const:g_ulPinToPadMap</name>
         <load_address>0x20008968</load_address>
         <run_address>0x20008968</run_address>
         <size>0x100</size>
         <input_file_ref idref="fl-d"/>
      </object_component>
      <object_component id="oc-2f5">
         <name>.const:PRCM_PeriphRegsList</name>
         <load_address>0x20008a68</load_address>
         <run_address>0x20008a68</run_address>
         <size>0xa8</size>
         <input_file_ref idref="fl-e"/>
      </object_component>
      <object_component id="oc-21e">
         <name>.const:g_pulEnRegs</name>
         <load_address>0x20008b10</load_address>
         <run_address>0x20008b10</run_address>
         <size>0x18</size>
         <input_file_ref idref="fl-c"/>
      </object_component>
      <object_component id="oc-5e3">
         <name>.cinit..data.load</name>
         <load_address>0x20008b28</load_address>
         <run_address>0x20008b28</run_address>
         <size>0x6d</size>
      </object_component>
      <object_component id="oc-5e1">
         <name>__TI_handler_table</name>
         <load_address>0x20008b98</load_address>
         <run_address>0x20008b98</run_address>
         <size>0xc</size>
      </object_component>
      <object_component id="oc-5e4">
         <name>.cinit..bss.load</name>
         <load_address>0x20008ba8</load_address>
         <run_address>0x20008ba8</run_address>
         <size>0x8</size>
      </object_component>
      <object_component id="oc-5e2">
         <name>__TI_cinit_table</name>
         <load_address>0x20008bb0</load_address>
         <run_address>0x20008bb0</run_address>
         <size>0x10</size>
      </object_component>
      <object_component id="oc-269">
         <name>.data:$O1$$</name>
         <load_address>0x200179c8</load_address>
         <run_address>0x200179c8</run_address>
         <size>0xc</size>
         <input_file_ref idref="fl-db"/>
      </object_component>
      <object_component id="oc-23b">
         <name>.data:$O1$$</name>
         <load_address>0x200179d4</load_address>
         <run_address>0x200179d4</run_address>
         <size>0x8</size>
         <input_file_ref idref="fl-dc"/>
      </object_component>
      <object_component id="oc-23e">
         <name>.data:_ftable</name>
         <load_address>0x20017800</load_address>
         <run_address>0x20017800</run_address>
         <size>0xf0</size>
         <input_file_ref idref="fl-e0"/>
      </object_component>
      <object_component id="oc-509">
         <name>.data</name>
         <load_address>0x200179b8</load_address>
         <run_address>0x200179b8</run_address>
         <size>0x10</size>
         <input_file_ref idref="fl-e0"/>
      </object_component>
      <object_component id="oc-3a3">
         <name>.data:$O1$$</name>
         <load_address>0x200179dc</load_address>
         <run_address>0x200179dc</run_address>
         <size>0x8</size>
         <input_file_ref idref="fl-e4"/>
      </object_component>
      <object_component id="oc-1a4">
         <name>.data</name>
         <load_address>0x200179e8</load_address>
         <run_address>0x200179e8</run_address>
         <size>0x4</size>
         <input_file_ref idref="fl-e8"/>
      </object_component>
      <object_component id="oc-4eb">
         <name>.data:_device</name>
         <load_address>0x200178f0</load_address>
         <run_address>0x200178f0</run_address>
         <size>0x78</size>
         <input_file_ref idref="fl-ec"/>
      </object_component>
      <object_component id="oc-4ae">
         <name>.data:_stream</name>
         <load_address>0x20017968</load_address>
         <run_address>0x20017968</run_address>
         <size>0x50</size>
         <input_file_ref idref="fl-ec"/>
      </object_component>
      <object_component id="oc-2de">
         <name>.data</name>
         <load_address>0x200179e4</load_address>
         <run_address>0x200179e4</run_address>
         <size>0x4</size>
         <input_file_ref idref="fl-ed"/>
      </object_component>
      <object_component id="oc-189">
         <name>.bss</name>
         <uninitialized>true</uninitialized>
         <run_address>0x20017bb4</run_address>
         <size>0x4</size>
         <input_file_ref idref="fl-5"/>
      </object_component>
      <object_component id="oc-57e">
         <name>.bss:_CIOBUF_</name>
         <uninitialized>true</uninitialized>
         <run_address>0x200179ec</run_address>
         <size>0x120</size>
         <input_file_ref idref="fl-102"/>
      </object_component>
      <object_component id="oc-54b">
         <name>.common:__TI_tmpnams</name>
         <uninitialized>true</uninitialized>
         <run_address>0x20017b0c</run_address>
         <size>0xa0</size>
      </object_component>
      <object_component id="oc-55c">
         <name>.common:parmbuf</name>
         <uninitialized>true</uninitialized>
         <run_address>0x20017bac</run_address>
         <size>0x8</size>
      </object_component>
      <object_component id="oc-23">
         <name>.sysmem</name>
         <uninitialized>true</uninitialized>
         <run_address>0x20017000</run_address>
         <size>0x10</size>
         <input_file_ref idref="fl-e4"/>
      </object_component>
      <object_component id="oc-5e7">
         <name>.sysmem</name>
         <uninitialized>true</uninitialized>
         <run_address>0x20017000</run_address>
         <size>0x0</size>
      </object_component>
      <object_component id="oc-26">
         <name>.stack</name>
         <uninitialized>true</uninitialized>
         <run_address>0x2002f800</run_address>
         <size>0x4</size>
         <input_file_ref idref="fl-ea"/>
      </object_component>
      <object_component id="oc-5e6">
         <name>.stack</name>
         <uninitialized>true</uninitialized>
         <run_address>0x2002f800</run_address>
         <size>0x0</size>
      </object_component>
      <object_component id="oc-20e">
         <name>.debug_info</name>
         <load_address>0x0</load_address>
         <run_address>0x0</run_address>
         <size>0x503</size>
         <input_file_ref idref="fl-1"/>
      </object_component>
      <object_component id="oc-d8">
         <name>.debug_info</name>
         <load_address>0x503</load_address>
         <run_address>0x503</run_address>
         <size>0xcd4</size>
         <input_file_ref idref="fl-1"/>
      </object_component>
      <object_component id="oc-25e">
         <name>.debug_info</name>
         <load_address>0x11d7</load_address>
         <run_address>0x11d7</run_address>
         <size>0x26b</size>
         <input_file_ref idref="fl-1"/>
      </object_component>
      <object_component id="oc-193">
         <name>.debug_info</name>
         <load_address>0x1442</load_address>
         <run_address>0x1442</run_address>
         <size>0x110</size>
         <input_file_ref idref="fl-1"/>
      </object_component>
      <object_component id="oc-3bd">
         <name>.debug_info</name>
         <load_address>0x1552</load_address>
         <run_address>0x1552</run_address>
         <size>0x62</size>
         <input_file_ref idref="fl-1"/>
      </object_component>
      <object_component id="oc-209">
         <name>.debug_info</name>
         <load_address>0x15b4</load_address>
         <run_address>0x15b4</run_address>
         <size>0x8b</size>
         <input_file_ref idref="fl-1"/>
      </object_component>
      <object_component id="oc-2d1">
         <name>.debug_info</name>
         <load_address>0x163f</load_address>
         <run_address>0x163f</run_address>
         <size>0x2a4</size>
         <input_file_ref idref="fl-1"/>
      </object_component>
      <object_component id="oc-301">
         <name>.debug_info</name>
         <load_address>0x18e3</load_address>
         <run_address>0x18e3</run_address>
         <size>0xbb</size>
         <input_file_ref idref="fl-1"/>
      </object_component>
      <object_component id="oc-219">
         <name>.debug_info</name>
         <load_address>0x199e</load_address>
         <run_address>0x199e</run_address>
         <size>0x2c</size>
         <input_file_ref idref="fl-1"/>
      </object_component>
      <object_component id="oc-108">
         <name>.debug_info</name>
         <load_address>0x19ca</load_address>
         <run_address>0x19ca</run_address>
         <size>0x463</size>
         <input_file_ref idref="fl-2"/>
      </object_component>
      <object_component id="oc-99">
         <name>.debug_info</name>
         <load_address>0x1e2d</load_address>
         <run_address>0x1e2d</run_address>
         <size>0xf5d</size>
         <input_file_ref idref="fl-2"/>
      </object_component>
      <object_component id="oc-38">
         <name>.debug_info</name>
         <load_address>0x2d8a</load_address>
         <run_address>0x2d8a</run_address>
         <size>0x84</size>
         <input_file_ref idref="fl-2"/>
      </object_component>
      <object_component id="oc-18e">
         <name>.debug_info</name>
         <load_address>0x2e0e</load_address>
         <run_address>0x2e0e</run_address>
         <size>0x2c</size>
         <input_file_ref idref="fl-2"/>
      </object_component>
      <object_component id="oc-263">
         <name>.debug_info</name>
         <load_address>0x2e3a</load_address>
         <run_address>0x2e3a</run_address>
         <size>0x35</size>
         <input_file_ref idref="fl-2"/>
      </object_component>
      <object_component id="oc-105">
         <name>.debug_info</name>
         <load_address>0x2e6f</load_address>
         <run_address>0x2e6f</run_address>
         <size>0x1a2</size>
         <input_file_ref idref="fl-3"/>
      </object_component>
      <object_component id="oc-31">
         <name>.debug_info</name>
         <load_address>0x3011</load_address>
         <run_address>0x3011</run_address>
         <size>0x1b4</size>
         <input_file_ref idref="fl-4"/>
      </object_component>
      <object_component id="oc-13">
         <name>.debug_info</name>
         <load_address>0x31c5</load_address>
         <run_address>0x31c5</run_address>
         <size>0x133</size>
         <input_file_ref idref="fl-4"/>
      </object_component>
      <object_component id="oc-2a">
         <name>.debug_info</name>
         <load_address>0x32f8</load_address>
         <run_address>0x32f8</run_address>
         <size>0x4ea</size>
         <input_file_ref idref="fl-4"/>
      </object_component>
      <object_component id="oc-18d">
         <name>.debug_info</name>
         <load_address>0x37e2</load_address>
         <run_address>0x37e2</run_address>
         <size>0x3ff</size>
         <input_file_ref idref="fl-5"/>
      </object_component>
      <object_component id="oc-18a">
         <name>.debug_info</name>
         <load_address>0x3be1</load_address>
         <run_address>0x3be1</run_address>
         <size>0x12a</size>
         <input_file_ref idref="fl-5"/>
      </object_component>
      <object_component id="oc-c7">
         <name>.debug_info</name>
         <load_address>0x3d0b</load_address>
         <run_address>0x3d0b</run_address>
         <size>0x9d8</size>
         <input_file_ref idref="fl-5"/>
      </object_component>
      <object_component id="oc-468">
         <name>.debug_info</name>
         <load_address>0x46e3</load_address>
         <run_address>0x46e3</run_address>
         <size>0x220</size>
         <input_file_ref idref="fl-b"/>
      </object_component>
      <object_component id="oc-1ff">
         <name>.debug_info</name>
         <load_address>0x4903</load_address>
         <run_address>0x4903</run_address>
         <size>0x242</size>
         <input_file_ref idref="fl-b"/>
      </object_component>
      <object_component id="oc-1f3">
         <name>.debug_info</name>
         <load_address>0x4b45</load_address>
         <run_address>0x4b45</run_address>
         <size>0x18d</size>
         <input_file_ref idref="fl-b"/>
      </object_component>
      <object_component id="oc-1f9">
         <name>.debug_info</name>
         <load_address>0x4cd2</load_address>
         <run_address>0x4cd2</run_address>
         <size>0x1da</size>
         <input_file_ref idref="fl-b"/>
      </object_component>
      <object_component id="oc-1c9">
         <name>.debug_info</name>
         <load_address>0x4eac</load_address>
         <run_address>0x4eac</run_address>
         <size>0x1ca</size>
         <input_file_ref idref="fl-b"/>
      </object_component>
      <object_component id="oc-1b7">
         <name>.debug_info</name>
         <load_address>0x5076</load_address>
         <run_address>0x5076</run_address>
         <size>0x191</size>
         <input_file_ref idref="fl-b"/>
      </object_component>
      <object_component id="oc-1d5">
         <name>.debug_info</name>
         <load_address>0x5207</load_address>
         <run_address>0x5207</run_address>
         <size>0x20f</size>
         <input_file_ref idref="fl-b"/>
      </object_component>
      <object_component id="oc-1c3">
         <name>.debug_info</name>
         <load_address>0x5416</load_address>
         <run_address>0x5416</run_address>
         <size>0x1be</size>
         <input_file_ref idref="fl-b"/>
      </object_component>
      <object_component id="oc-1cf">
         <name>.debug_info</name>
         <load_address>0x55d4</load_address>
         <run_address>0x55d4</run_address>
         <size>0x1a3</size>
         <input_file_ref idref="fl-b"/>
      </object_component>
      <object_component id="oc-1db">
         <name>.debug_info</name>
         <load_address>0x5777</load_address>
         <run_address>0x5777</run_address>
         <size>0x1be</size>
         <input_file_ref idref="fl-b"/>
      </object_component>
      <object_component id="oc-1e1">
         <name>.debug_info</name>
         <load_address>0x5935</load_address>
         <run_address>0x5935</run_address>
         <size>0x193</size>
         <input_file_ref idref="fl-b"/>
      </object_component>
      <object_component id="oc-1bd">
         <name>.debug_info</name>
         <load_address>0x5ac8</load_address>
         <run_address>0x5ac8</run_address>
         <size>0x1cc</size>
         <input_file_ref idref="fl-b"/>
      </object_component>
      <object_component id="oc-4bc">
         <name>.debug_info</name>
         <load_address>0x5c94</load_address>
         <run_address>0x5c94</run_address>
         <size>0x26b</size>
         <input_file_ref idref="fl-b"/>
      </object_component>
      <object_component id="oc-3b4">
         <name>.debug_info</name>
         <load_address>0x5eff</load_address>
         <run_address>0x5eff</run_address>
         <size>0x297</size>
         <input_file_ref idref="fl-b"/>
      </object_component>
      <object_component id="oc-2e9">
         <name>.debug_info</name>
         <load_address>0x6196</load_address>
         <run_address>0x6196</run_address>
         <size>0xbb</size>
         <input_file_ref idref="fl-b"/>
      </object_component>
      <object_component id="oc-30b">
         <name>.debug_info</name>
         <load_address>0x6251</load_address>
         <run_address>0x6251</run_address>
         <size>0x201</size>
         <input_file_ref idref="fl-c"/>
      </object_component>
      <object_component id="oc-21f">
         <name>.debug_info</name>
         <load_address>0x6452</load_address>
         <run_address>0x6452</run_address>
         <size>0xf4</size>
         <input_file_ref idref="fl-c"/>
      </object_component>
      <object_component id="oc-ea">
         <name>.debug_info</name>
         <load_address>0x6546</load_address>
         <run_address>0x6546</run_address>
         <size>0x17c</size>
         <input_file_ref idref="fl-c"/>
      </object_component>
      <object_component id="oc-e4">
         <name>.debug_info</name>
         <load_address>0x66c2</load_address>
         <run_address>0x66c2</run_address>
         <size>0x1ae</size>
         <input_file_ref idref="fl-c"/>
      </object_component>
      <object_component id="oc-f0">
         <name>.debug_info</name>
         <load_address>0x6870</load_address>
         <run_address>0x6870</run_address>
         <size>0x19f</size>
         <input_file_ref idref="fl-c"/>
      </object_component>
      <object_component id="oc-4b9">
         <name>.debug_info</name>
         <load_address>0x6a0f</load_address>
         <run_address>0x6a0f</run_address>
         <size>0x14e</size>
         <input_file_ref idref="fl-d"/>
      </object_component>
      <object_component id="oc-456">
         <name>.debug_info</name>
         <load_address>0x6b5d</load_address>
         <run_address>0x6b5d</run_address>
         <size>0xf6</size>
         <input_file_ref idref="fl-d"/>
      </object_component>
      <object_component id="oc-378">
         <name>.debug_info</name>
         <load_address>0x6c53</load_address>
         <run_address>0x6c53</run_address>
         <size>0x1bf</size>
         <input_file_ref idref="fl-d"/>
      </object_component>
      <object_component id="oc-37b">
         <name>.debug_info</name>
         <load_address>0x6e12</load_address>
         <run_address>0x6e12</run_address>
         <size>0x20d</size>
         <input_file_ref idref="fl-d"/>
      </object_component>
      <object_component id="oc-250">
         <name>.debug_info</name>
         <load_address>0x701f</load_address>
         <run_address>0x701f</run_address>
         <size>0x1d4</size>
         <input_file_ref idref="fl-d"/>
      </object_component>
      <object_component id="oc-256">
         <name>.debug_info</name>
         <load_address>0x71f3</load_address>
         <run_address>0x71f3</run_address>
         <size>0x1d2</size>
         <input_file_ref idref="fl-d"/>
      </object_component>
      <object_component id="oc-2fa">
         <name>.debug_info</name>
         <load_address>0x73c5</load_address>
         <run_address>0x73c5</run_address>
         <size>0x25e</size>
         <input_file_ref idref="fl-e"/>
      </object_component>
      <object_component id="oc-2f6">
         <name>.debug_info</name>
         <load_address>0x7623</load_address>
         <run_address>0x7623</run_address>
         <size>0xff</size>
         <input_file_ref idref="fl-e"/>
      </object_component>
      <object_component id="oc-226">
         <name>.debug_info</name>
         <load_address>0x7722</load_address>
         <run_address>0x7722</run_address>
         <size>0x1a6</size>
         <input_file_ref idref="fl-e"/>
      </object_component>
      <object_component id="oc-1e8">
         <name>.debug_info</name>
         <load_address>0x78c8</load_address>
         <run_address>0x78c8</run_address>
         <size>0x1eb</size>
         <input_file_ref idref="fl-e"/>
      </object_component>
      <object_component id="oc-206">
         <name>.debug_info</name>
         <load_address>0x7ab3</load_address>
         <run_address>0x7ab3</run_address>
         <size>0x1ed</size>
         <input_file_ref idref="fl-e"/>
      </object_component>
      <object_component id="oc-14b">
         <name>.debug_info</name>
         <load_address>0x7ca0</load_address>
         <run_address>0x7ca0</run_address>
         <size>0x216</size>
         <input_file_ref idref="fl-e"/>
      </object_component>
      <object_component id="oc-1ee">
         <name>.debug_info</name>
         <load_address>0x7eb6</load_address>
         <run_address>0x7eb6</run_address>
         <size>0x1c0</size>
         <input_file_ref idref="fl-e"/>
      </object_component>
      <object_component id="oc-f9">
         <name>.debug_info</name>
         <load_address>0x8076</load_address>
         <run_address>0x8076</run_address>
         <size>0x283</size>
         <input_file_ref idref="fl-e"/>
      </object_component>
      <object_component id="oc-22c">
         <name>.debug_info</name>
         <load_address>0x82f9</load_address>
         <run_address>0x82f9</run_address>
         <size>0x1bf</size>
         <input_file_ref idref="fl-e"/>
      </object_component>
      <object_component id="oc-232">
         <name>.debug_info</name>
         <load_address>0x84b8</load_address>
         <run_address>0x84b8</run_address>
         <size>0x1d4</size>
         <input_file_ref idref="fl-e"/>
      </object_component>
      <object_component id="oc-151">
         <name>.debug_info</name>
         <load_address>0x868c</load_address>
         <run_address>0x868c</run_address>
         <size>0x25c</size>
         <input_file_ref idref="fl-f"/>
      </object_component>
      <object_component id="oc-290">
         <name>.debug_info</name>
         <load_address>0x88e8</load_address>
         <run_address>0x88e8</run_address>
         <size>0x17e</size>
         <input_file_ref idref="fl-f"/>
      </object_component>
      <object_component id="oc-28a">
         <name>.debug_info</name>
         <load_address>0x8a66</load_address>
         <run_address>0x8a66</run_address>
         <size>0x180</size>
         <input_file_ref idref="fl-f"/>
      </object_component>
      <object_component id="oc-163">
         <name>.debug_info</name>
         <load_address>0x8be6</load_address>
         <run_address>0x8be6</run_address>
         <size>0x18a</size>
         <input_file_ref idref="fl-f"/>
      </object_component>
      <object_component id="oc-169">
         <name>.debug_info</name>
         <load_address>0x8d70</load_address>
         <run_address>0x8d70</run_address>
         <size>0x19a</size>
         <input_file_ref idref="fl-f"/>
      </object_component>
      <object_component id="oc-157">
         <name>.debug_info</name>
         <load_address>0x8f0a</load_address>
         <run_address>0x8f0a</run_address>
         <size>0x1ab</size>
         <input_file_ref idref="fl-f"/>
      </object_component>
      <object_component id="oc-213">
         <name>.debug_info</name>
         <load_address>0x90b5</load_address>
         <run_address>0x90b5</run_address>
         <size>0x14e</size>
         <input_file_ref idref="fl-11"/>
      </object_component>
      <object_component id="oc-24e">
         <name>.debug_info</name>
         <load_address>0x9203</load_address>
         <run_address>0x9203</run_address>
         <size>0x2b7</size>
         <input_file_ref idref="fl-c8"/>
      </object_component>
      <object_component id="oc-24a">
         <name>.debug_info</name>
         <load_address>0x94ba</load_address>
         <run_address>0x94ba</run_address>
         <size>0x157</size>
         <input_file_ref idref="fl-c8"/>
      </object_component>
      <object_component id="oc-244">
         <name>.debug_info</name>
         <load_address>0x9611</load_address>
         <run_address>0x9611</run_address>
         <size>0x166</size>
         <input_file_ref idref="fl-c8"/>
      </object_component>
      <object_component id="oc-fe">
         <name>.debug_info</name>
         <load_address>0x9777</load_address>
         <run_address>0x9777</run_address>
         <size>0x1ac</size>
         <input_file_ref idref="fl-c8"/>
      </object_component>
      <object_component id="oc-36f">
         <name>.debug_info</name>
         <load_address>0x9923</load_address>
         <run_address>0x9923</run_address>
         <size>0xb2</size>
         <input_file_ref idref="fl-c8"/>
      </object_component>
      <object_component id="oc-346">
         <name>.debug_info</name>
         <load_address>0x99d5</load_address>
         <run_address>0x99d5</run_address>
         <size>0x462</size>
         <input_file_ref idref="fl-c9"/>
      </object_component>
      <object_component id="oc-319">
         <name>.debug_info</name>
         <load_address>0x9e37</load_address>
         <run_address>0x9e37</run_address>
         <size>0x21e</size>
         <input_file_ref idref="fl-c9"/>
      </object_component>
      <object_component id="oc-3f4">
         <name>.debug_info</name>
         <load_address>0xa055</load_address>
         <run_address>0xa055</run_address>
         <size>0x1b3</size>
         <input_file_ref idref="fl-c9"/>
      </object_component>
      <object_component id="oc-3fa">
         <name>.debug_info</name>
         <load_address>0xa208</load_address>
         <run_address>0xa208</run_address>
         <size>0x21b</size>
         <input_file_ref idref="fl-c9"/>
      </object_component>
      <object_component id="oc-324">
         <name>.debug_info</name>
         <load_address>0xa423</load_address>
         <run_address>0xa423</run_address>
         <size>0x3bf</size>
         <input_file_ref idref="fl-c9"/>
      </object_component>
      <object_component id="oc-401">
         <name>.debug_info</name>
         <load_address>0xa7e2</load_address>
         <run_address>0xa7e2</run_address>
         <size>0x30b</size>
         <input_file_ref idref="fl-c9"/>
      </object_component>
      <object_component id="oc-407">
         <name>.debug_info</name>
         <load_address>0xaaed</load_address>
         <run_address>0xaaed</run_address>
         <size>0x215</size>
         <input_file_ref idref="fl-c9"/>
      </object_component>
      <object_component id="oc-32a">
         <name>.debug_info</name>
         <load_address>0xad02</load_address>
         <run_address>0xad02</run_address>
         <size>0x228</size>
         <input_file_ref idref="fl-c9"/>
      </object_component>
      <object_component id="oc-330">
         <name>.debug_info</name>
         <load_address>0xaf2a</load_address>
         <run_address>0xaf2a</run_address>
         <size>0x303</size>
         <input_file_ref idref="fl-c9"/>
      </object_component>
      <object_component id="oc-336">
         <name>.debug_info</name>
         <load_address>0xb22d</load_address>
         <run_address>0xb22d</run_address>
         <size>0x4b4</size>
         <input_file_ref idref="fl-c9"/>
      </object_component>
      <object_component id="oc-238">
         <name>.debug_info</name>
         <load_address>0xb6e1</load_address>
         <run_address>0xb6e1</run_address>
         <size>0x5f4</size>
[...]
         <name>PRCMPeripheralClockGet</name>
         <value>0x20007341</value>
         <object_component_ref idref="oc-147"/>
      </symbol>
      <symbol id="sm-2f2">
         <name>PRCMCC3200MCUInit</name>
         <value>0x20006411</value>
         <object_component_ref idref="oc-f5"/>
      </symbol>
      <symbol id="sm-2f3">
         <name>PRCMHIBRegWrite</name>
         <value>0x20008747</value>
         <object_component_ref idref="oc-22e"/>
      </symbol>
      <symbol id="sm-2f4">
         <name>PRCMSysResetCauseGet</name>
         <value>0x200083b1</value>
         <object_component_ref idref="oc-222"/>
      </symbol>
      <symbol id="sm-2f5">
         <name>PRCMPeripheralClkDisable</name>
         <value>0x20008435</value>
         <object_component_ref idref="oc-202"/>
      </symbol>
      <symbol id="sm-2f6">
         <name>PRCMHIBRegRead</name>
         <value>0x20008731</value>
         <object_component_ref idref="oc-228"/>
      </symbol>
      <symbol id="sm-332">
         <name>UARTConfigSetExpClk</name>
         <value>0x200076f3</value>
         <object_component_ref idref="oc-14d"/>
      </symbol>
      <symbol id="sm-333">
         <name>UARTDisable</name>
         <value>0x200082c5</value>
         <object_component_ref idref="oc-286"/>
      </symbol>
      <symbol id="sm-334">
         <name>UARTCharsAvail</name>
         <value>0x200086a7</value>
         <object_component_ref idref="oc-15f"/>
      </symbol>
      <symbol id="sm-335">
         <name>UARTCharGetNonBlocking</name>
         <value>0x20008603</value>
         <object_component_ref idref="oc-165"/>
      </symbol>
      <symbol id="sm-336">
         <name>UARTCharPut</name>
         <value>0x200085c9</value>
         <object_component_ref idref="oc-153"/>
      </symbol>
      <symbol id="sm-337">
         <name>UARTEnable</name>
         <value>0x200084fd</value>
         <object_component_ref idref="oc-28c"/>
      </symbol>
      <symbol id="sm-33b">
         <name>UtilsDelay</name>
         <value>0x2000884d</value>
         <object_component_ref idref="oc-30d"/>
      </symbol>
      <symbol id="sm-345">
         <name>CPUcpsie</name>
         <value>0x20008773</value>
         <object_component_ref idref="oc-212"/>
      </symbol>
      <symbol id="sm-372">
         <name>printf</name>
         <value>0x200079f9</value>
         <object_component_ref idref="oc-fb"/>
      </symbol>
      <symbol id="sm-4dc">
         <name>__TI_printfi</name>
         <value>0x20004eb9</value>
         <object_component_ref idref="oc-235"/>
      </symbol>
      <symbol id="sm-506">
         <name>vsnprintf</name>
         <value>0x200080fd</value>
         <object_component_ref idref="oc-159"/>
      </symbol>
      <symbol id="sm-51b">
         <name>putc</name>
         <value>0x200073d5</value>
         <object_component_ref idref="oc-366"/>
      </symbol>
      <symbol id="sm-51c">
         <name>fputc</name>
         <value>0x200073d5</value>
         <object_component_ref idref="oc-366"/>
      </symbol>
      <symbol id="sm-53f">
         <name>fputs</name>
         <value>0x2000691d</value>
         <object_component_ref idref="oc-35f"/>
      </symbol>
      <symbol id="sm-557">
         <name>__TI_wrt_ok</name>
         <value>0x20007ac5</value>
         <object_component_ref idref="oc-439"/>
      </symbol>
      <symbol id="sm-573">
         <name>setvbuf</name>
         <value>0x20006f05</value>
         <object_component_ref idref="oc-4a2"/>
      </symbol>
      <symbol id="sm-58a">
         <name>__aeabi_dsub</name>
         <value>0x20006259</value>
         <object_component_ref idref="oc-3ec"/>
      </symbol>
      <symbol id="sm-58b">
         <name>__aeabi_dadd</name>
         <value>0x20006263</value>
         <object_component_ref idref="oc-3ec"/>
      </symbol>
      <symbol id="sm-5ad">
         <name>__aeabi_cdcmpeq</name>
         <value>0x200074e9</value>
         <object_component_ref idref="oc-31c"/>
      </symbol>
      <symbol id="sm-5ae">
         <name>__aeabi_cdcmple</name>
         <value>0x200074e9</value>
         <object_component_ref idref="oc-31c"/>
      </symbol>
      <symbol id="sm-5af">
         <name>__aeabi_cdrcmple</name>
         <value>0x2000756f</value>
         <object_component_ref idref="oc-3d7"/>
      </symbol>
      <symbol id="sm-5c3">
         <name>__aeabi_ddiv</name>
         <value>0x200066c5</value>
         <object_component_ref idref="oc-3d2"/>
      </symbol>
      <symbol id="sm-5ce">
         <name>__aeabi_dmul</name>
         <value>0x20006c41</value>
         <object_component_ref idref="oc-3cd"/>
      </symbol>
      <symbol id="sm-5d8">
         <name>__aeabi_d2iz</name>
         <value>0x20007f25</value>
         <object_component_ref idref="oc-3dc"/>
      </symbol>
      <symbol id="sm-5e2">
         <name>__aeabi_i2d</name>
         <value>0x20008355</value>
         <object_component_ref idref="oc-3e7"/>
      </symbol>
      <symbol id="sm-5fd">
         <name>memcpy</name>
         <value>0x2000720d</value>
         <object_component_ref idref="oc-3d"/>
      </symbol>
      <symbol id="sm-5fe">
         <name>__aeabi_memcpy</name>
         <value>0x2000720d</value>
         <object_component_ref idref="oc-3d"/>
      </symbol>
      <symbol id="sm-5ff">
         <name>__aeabi_memcpy8</name>
         <value>0x2000720d</value>
         <object_component_ref idref="oc-3d"/>
      </symbol>
      <symbol id="sm-600">
         <name>__aeabi_memcpy4</name>
         <value>0x2000720d</value>
         <object_component_ref idref="oc-3d"/>
      </symbol>
      <symbol id="sm-60f">
         <name>__aeabi_memset</name>
         <value>0x2000767b</value>
         <object_component_ref idref="oc-8b"/>
      </symbol>
      <symbol id="sm-610">
         <name>memset</name>
         <value>0x20007681</value>
         <object_component_ref idref="oc-8b"/>
      </symbol>
      <symbol id="sm-611">
         <name>__aeabi_memset8</name>
         <value>0x2000767b</value>
         <object_component_ref idref="oc-8b"/>
      </symbol>
      <symbol id="sm-612">
         <name>__aeabi_memset4</name>
         <value>0x2000767b</value>
         <object_component_ref idref="oc-8b"/>
      </symbol>
      <symbol id="sm-613">
         <name>__aeabi_memclr8</name>
         <value>0x20007679</value>
         <object_component_ref idref="oc-8b"/>
      </symbol>
      <symbol id="sm-614">
         <name>__aeabi_memclr4</name>
         <value>0x20007679</value>
         <object_component_ref idref="oc-8b"/>
      </symbol>
      <symbol id="sm-615">
         <name>__aeabi_memclr</name>
         <value>0x20007679</value>
         <object_component_ref idref="oc-8b"/>
      </symbol>
      <symbol id="sm-622">
         <name>__aeabi_uldivmod</name>
         <value>0x200072a9</value>
         <object_component_ref idref="oc-3c6"/>
      </symbol>
      <symbol id="sm-636">
         <name>__TI_zero_init_nomemset</name>
         <value>0x2000861f</value>
         <object_component_ref idref="oc-49"/>
      </symbol>
      <symbol id="sm-64d">
         <name>__TI_decompress_none</name>
         <value>0x20008809</value>
         <object_component_ref idref="oc-1b"/>
      </symbol>
      <symbol id="sm-670">
         <name>__TI_decompress_lzss</name>
         <value>0x20007991</value>
         <object_component_ref idref="oc-15"/>
      </symbol>
      <symbol id="sm-696">
         <name>C$$EXIT</name>
         <value>0x2000885f</value>
         <object_component_ref idref="oc-109"/>
      </symbol>
      <symbol id="sm-697">
         <name>abort</name>
         <value>0x2000885f</value>
         <object_component_ref idref="oc-109"/>
      </symbol>
      <symbol id="sm-698">
         <name>__TI_dtors_ptr</name>
         <value>0x200179cc</value>
         <object_component_ref idref="oc-269"/>
      </symbol>
      <symbol id="sm-699">
         <name>__TI_cleanup_ptr</name>
         <value>0x200179c8</value>
         <object_component_ref idref="oc-269"/>
      </symbol>
      <symbol id="sm-69a">
         <name>__TI_enable_exit_profile_output</name>
         <value>0x200179d0</value>
         <object_component_ref idref="oc-269"/>
      </symbol>
      <symbol id="sm-69b">
         <name>exit</name>
         <value>0x20007edd</value>
         <object_component_ref idref="oc-10f"/>
      </symbol>
      <symbol id="sm-6b0">
         <name>_nop</name>
         <value>0x20005907</value>
         <object_component_ref idref="oc-351"/>
      </symbol>
      <symbol id="sm-6b1">
         <name>_lock</name>
         <value>0x200179d4</value>
         <object_component_ref idref="oc-23b"/>
      </symbol>
      <symbol id="sm-6b2">
         <name>_unlock</name>
         <value>0x200179d8</value>
         <object_component_ref idref="oc-23b"/>
      </symbol>
      <symbol id="sm-6c1">
         <name>__TI_ltoa</name>
         <value>0x20007d9f</value>
         <object_component_ref idref="oc-3e1"/>
      </symbol>
      <symbol id="sm-6d7">
         <name>atoi</name>
         <value>0x20007e91</value>
         <object_component_ref idref="oc-310"/>
      </symbol>
      <symbol id="sm-6e2">
         <name>_ctypes_</name>
         <value>0x20008864</value>
         <object_component_ref idref="oc-1af"/>
      </symbol>
      <symbol id="sm-6f7">
         <name>__TI_tmpnams</name>
         <value>0x20017b0c</value>
      </symbol>
      <symbol id="sm-6f8">
         <name>__aeabi_stdout</name>
         <value>0x200179c0</value>
         <object_component_ref idref="oc-509"/>
      </symbol>
      <symbol id="sm-6f9">
         <name>__aeabi_stderr</name>
         <value>0x200179c4</value>
         <object_component_ref idref="oc-509"/>
      </symbol>
      <symbol id="sm-6fa">
         <name>__aeabi_stdin</name>
         <value>0x200179bc</value>
         <object_component_ref idref="oc-509"/>
      </symbol>
      <symbol id="sm-6fb">
         <name>_ftable</name>
         <value>0x20017800</value>
         <object_component_ref idref="oc-23e"/>
      </symbol>
      <symbol id="sm-6fc">
         <name>__TI_ft_end</name>
         <value>0x200179b8</value>
         <object_component_ref idref="oc-509"/>
      </symbol>
      <symbol id="sm-70c">
         <name>memccpy</name>
         <value>0x20008659</value>
         <object_component_ref idref="oc-339"/>
      </symbol>
      <symbol id="sm-71c">
         <name>memchr</name>
         <value>0x2000858b</value>
         <object_component_ref idref="oc-43f"/>
      </symbol>
      <symbol id="sm-72d">
         <name>memmove</name>
         <value>0x200084ad</value>
         <object_component_ref idref="oc-171"/>
      </symbol>
      <symbol id="sm-7cb">
         <name>_sys_memory</name>
         <value>0x20017000</value>
         <object_component_ref idref="oc-23"/>
      </symbol>
      <symbol id="sm-7cc">
         <name>free</name>
         <value>0x20006d3d</value>
         <object_component_ref idref="oc-183"/>
      </symbol>
      <symbol id="sm-7cd">
         <name>realloc</name>
         <value>0x20006e21</value>
         <object_component_ref idref="oc-17d"/>
      </symbol>
      <symbol id="sm-7ce">
         <name>memalign</name>
         <value>0x20006b41</value>
         <object_component_ref idref="oc-2b2"/>
      </symbol>
      <symbol id="sm-7cf">
         <name>malloc</name>
         <value>0x20008845</value>
         <object_component_ref idref="oc-177"/>
      </symbol>
      <symbol id="sm-7d0">
         <name>aligned_alloc</name>
         <value>0x20006b41</value>
         <object_component_ref idref="oc-2b2"/>
      </symbol>
      <symbol id="sm-7e0">
         <name>strchr</name>
         <value>0x2000875d</value>
         <object_component_ref idref="oc-418"/>
      </symbol>
      <symbol id="sm-7ef">
         <name>strcmp</name>
         <value>0x200086d7</value>
         <object_component_ref idref="oc-dd"/>
      </symbol>
      <symbol id="sm-7fd">
         <name>strlen</name>
         <value>0x200087b1</value>
         <object_component_ref idref="oc-16b"/>
      </symbol>
      <symbol id="sm-815">
         <name>strtok</name>
         <value>0x200080bd</value>
         <object_component_ref idref="oc-cb"/>
      </symbol>
      <symbol id="sm-835">
         <name>strtoul</name>
         <value>0x20006a31</value>
         <object_component_ref idref="oc-d1"/>
      </symbol>
      <symbol id="sm-847">
         <name>__stack</name>
         <value>0x2002f800</value>
         <object_component_ref idref="oc-26"/>
      </symbol>
      <symbol id="sm-848">
         <name>_c_int00_noargs</name>
         <value>0x20008521</value>
         <object_component_ref idref="oc-5b"/>
      </symbol>
      <symbol id="sm-862">
         <name>write</name>
         <value>0x200084d5</value>
         <object_component_ref idref="oc-44b"/>
      </symbol>
      <symbol id="sm-873">
         <name>_stream</name>
         <value>0x20017968</value>
         <object_component_ref idref="oc-4ae"/>
      </symbol>
      <symbol id="sm-874">
         <name>_device</name>
         <value>0x200178f0</value>
         <object_component_ref idref="oc-4eb"/>
      </symbol>
      <symbol id="sm-88a">
         <name>__aeabi_errno_addr</name>
         <value>0x2000883d</value>
         <object_component_ref idref="oc-1a9"/>
      </symbol>
      <symbol id="sm-88b">
         <name>errno</name>
         <value>0x200179e4</value>
         <object_component_ref idref="oc-2de"/>
      </symbol>
      <symbol id="sm-8a4">
         <name>wcslen</name>
         <value>0x200087e9</value>
         <object_component_ref idref="oc-33f"/>
      </symbol>
      <symbol id="sm-8c4">
         <name>frexpl</name>
         <value>0x20007be5</value>
         <object_component_ref idref="oc-40c"/>
      </symbol>
      <symbol id="sm-8c5">
         <name>frexp</name>
         <value>0x20007be5</value>
         <object_component_ref idref="oc-40c"/>
      </symbol>
      <symbol id="sm-8e3">
         <name>scalbn</name>
         <value>0x20006fe1</value>
         <object_component_ref idref="oc-412"/>
      </symbol>
      <symbol id="sm-8e4">
         <name>scalbnl</name>
         <value>0x20006fe1</value>
         <object_component_ref idref="oc-412"/>
      </symbol>
      <symbol id="sm-8e5">
         <name>ldexpl</name>
         <value>0x20006fe1</value>
         <object_component_ref idref="oc-412"/>
      </symbol>
      <symbol id="sm-8e6">
         <name>ldexp</name>
         <value>0x20006fe1</value>
         <object_component_ref idref="oc-412"/>
      </symbol>
      <symbol id="sm-8f6">
         <name>__TI_doflush</name>
         <value>0x20007e45</value>
         <object_component_ref idref="oc-445"/>
      </symbol>
      <symbol id="sm-906">
         <name>__TI_cleanup</name>
         <value>0x20008229</value>
         <object_component_ref idref="oc-4d8"/>
      </symbol>
      <symbol id="sm-918">
         <name>fseek</name>
         <value>0x20007a61</value>
         <object_component_ref idref="oc-49c"/>
      </symbol>
      <symbol id="sm-922">
         <name>__aeabi_idiv0</name>
         <value>0x2000640f</value>
         <object_component_ref idref="oc-46b"/>
      </symbol>
      <symbol id="sm-923">
         <name>__aeabi_ldiv0</name>
         <value>0x2000640f</value>
         <object_component_ref idref="oc-46b"/>
      </symbol>
      <symbol id="sm-94b">
         <name>__TI_auto_init_nobinit_nopinit</name>
         <value>0x20007ff5</value>
         <object_component_ref idref="oc-115"/>
      </symbol>
      <symbol id="sm-955">
         <name>_system_pre_init</name>
         <value>0x2000885b</value>
         <object_component_ref idref="oc-91"/>
      </symbol>
      <symbol id="sm-968">
         <name>strcspn</name>
         <value>0x20008545</value>
         <object_component_ref idref="oc-19e"/>
      </symbol>
      <symbol id="sm-97a">
         <name>strspn</name>
         <value>0x20008409</value>
         <object_component_ref idref="oc-198"/>
      </symbol>
      <symbol id="sm-98b">
         <name>HOSTclose</name>
         <value>0x20007f6d</value>
         <object_component_ref idref="oc-515"/>
      </symbol>
      <symbol id="sm-99c">
         <name>HOSTlseek</name>
         <value>0x20007929</value>
         <object_component_ref idref="oc-527"/>
      </symbol>
      <symbol id="sm-9ae">
         <name>parmbuf</name>
         <value>0x20017bac</value>
      </symbol>
      <symbol id="sm-9af">
         <name>HOSTopen</name>
         <value>0x20007b29</value>
         <object_component_ref idref="oc-50f"/>
      </symbol>
      <symbol id="sm-9c0">
         <name>HOSTread</name>
         <value>0x20007c41</value>
         <object_component_ref idref="oc-51b"/>
      </symbol>
      <symbol id="sm-9d1">
         <name>HOSTrename</name>
         <value>0x200078bd</value>
         <object_component_ref idref="oc-533"/>
      </symbol>
      <symbol id="sm-9e2">
         <name>HOSTunlink</name>
         <value>0x20007fb1</value>
         <object_component_ref idref="oc-52d"/>
      </symbol>
      <symbol id="sm-9f3">
         <name>HOSTwrite</name>
         <value>0x20007c99</value>
         <object_component_ref idref="oc-521"/>
      </symbol>
      <symbol id="sm-a17">
         <name>__TI_readmsg</name>
         <value>0x2000825d</value>
         <object_component_ref idref="oc-556"/>
      </symbol>
      <symbol id="sm-a18">
         <name>C$$IO$$</name>
         <value>0x200081e7</value>
         <object_component_ref idref="oc-550"/>
      </symbol>
      <symbol id="sm-a19">
         <name>__CIOBUF_</name>
         <value>0x200179ec</value>
         <object_component_ref idref="oc-57e"/>
      </symbol>
      <symbol id="sm-a1a">
         <name>__TI_writemsg</name>
         <value>0x200081b9</value>
         <object_component_ref idref="oc-550"/>
      </symbol>
      <symbol id="sm-a2b">
         <name>lseek</name>
         <value>0x20008485</value>
         <object_component_ref idref="oc-4d0"/>
      </symbol>
      <symbol id="sm-a35">
         <name>copysign</name>
         <value>0x20008825</value>
         <object_component_ref idref="oc-484"/>
      </symbol>
      <symbol id="sm-a36">
         <name>copysignl</name>
         <value>0x20008825</value>
         <object_component_ref idref="oc-484"/>
      </symbol>
      <symbol id="sm-a4b">
         <name>__TI_closefile</name>
         <value>0x20007769</value>
         <object_component_ref idref="oc-503"/>
      </symbol>
      <symbol id="sm-a6e">
         <name>finddevice</name>
         <value>0x20008325</value>
         <object_component_ref idref="oc-59c"/>
      </symbol>
      <symbol id="sm-a6f">
         <name>getdevice</name>
         <value>0x20008039</value>
         <object_component_ref idref="oc-574"/>
      </symbol>
      <symbol id="sm-a7d">
         <name>strcpy</name>
         <value>0x2000879d</value>
         <object_component_ref idref="oc-56a"/>
      </symbol>
      <symbol id="sm-a8d">
         <name>strncpy</name>
         <value>0x200081f1</value>
         <object_component_ref idref="oc-596"/>
      </symbol>
      <symbol id="sm-aa2">
         <name>close</name>
         <value>0x20007b89</value>
         <object_component_ref idref="oc-53f"/>
      </symbol>
      <symbol id="sm-ab2">
         <name>unlink</name>
         <value>0x200083dd</value>
         <object_component_ref idref="oc-545"/>
      </symbol>
      <symbol id="sm-ab3">
         <name>__TI_static_base__</name>
         <value>0x20008b28</value>
      </symbol>
      <symbol id="sm-ab6">
         <name>__mpu_init</name>
         <value>0x0</value>
      </symbol>
      <symbol id="sm-ab7">
         <name>_system_post_cinit</name>
         <value>0x0</value>
      </symbol>
      <symbol id="sm-ab8">
         <name>remove</name>
         <value>0x200083dd</value>
      </symbol>
   </symbol_table>
   <title>Link successful</title>
</link_info>
